08-20 14:10:24.491   962 15537 D CHIUSECASE: [DEBUG  ] chifeature2graphselector.cpp:5039 GetFeatureHint() App did not set number of frames
08-20 14:10:24.507  1436  1436 I cnss-daemon: nl80211 response handler invoked
08-20 14:10:24.507  1436  1436 I cnss-daemon: nl80211_response_handler: cmd 103, vendorID 4980, subcmd 51  received
08-20 14:10:24.507  1436  1436 I cnss-daemon: nl80211 response handler invoked
08-20 14:10:24.507  1436  1436 I cnss-daemon: nl80211_response_handler: cmd 103, vendorID 4980, subcmd 165  received
08-20 14:10:24.507  1436  1436 I cnss-daemon: nl80211 response handler invoked
08-20 14:10:24.507  1436  1436 I cnss-daemon: nl80211_response_handler: cmd 103, vendorID 4980, subcmd 165  received
08-20 14:10:24.517   974  6806 I WifiHAL : send oem msg of len : 140 to apps
08-20 14:10:24.517   974  6806 I WifiHAL : event received NL80211_CMD_VENDOR, vendor_id = 0x1374, subcmd = 0x33
08-20 14:10:24.518   974  6806 I WifiHAL : event received NL80211_CMD_VENDOR, vendor_id = 0x1374, subcmd = 0xa5
08-20 14:10:24.523  1508  1574 D LOWI-9.0.0.87.a: [LOWINetlinkSocketReceiver] unpackRTMLinkMessage: RTM_NEWLINK - ifname wlan0, flags 0x11043 ([UP][RUNNING])
08-20 14:10:24.523  1508  9457 D LOWI-9.0.0.87.a: [LOWI-Scan] wait_event:Wait done with Cmd 103
08-20 14:10:24.523  1508  9457 D LOWI-9.0.0.87.a: [LOWI-Scan] do_listen_events: Rcvd valid Netlink Cmd 0 Err 0
08-20 14:10:24.523  1508  9457 D LOWI-9.0.0.87.a: [LOWI-Scan] wait_event:Wait done with Cmd 103
08-20 14:10:24.523  1508  9457 D LOWI-9.0.0.87.a: [LOWI-Scan] do_listen_events: Rcvd valid Netlink Cmd 0 Err 0
08-20 14:10:24.523  1508  9457 D LOWI-9.0.0.87.a: [LOWI-Scan] wait_event:Wait done with Cmd 103
08-20 14:10:24.524  1508  9457 D LOWI-9.0.0.87.a: [LOWI-Scan] do_listen_events: Rcvd valid Netlink Cmd 0 Err 0
08-20 14:10:24.524  1508  1574 D LOWI-9.0.0.87.a: [LOWINetlinkSocketReceiver] processNetlinkPacket: ifname(wlan0) status(2)
08-20 14:10:24.524  1508  1574 D LOWI-9.0.0.87.a: [LOWIController] intfStateReceived: ifname(wlan0) state(2)
08-20 14:10:24.525  1508  9458 D LOWI-9.0.0.87.a: [LOWI-ROME-RTT] event_handler: Valid data with length 108
08-20 14:10:24.525  1508  9458 D LOWI-9.0.0.87.a: [LOWI-HELIUM-RTT] RomeNLRecvMessage: The Received RomeMsgType: ROME_P2P_PEER_EVENT_MSG
08-20 14:10:24.525  1508  9458 D LOWI-9.0.0.87.a: [LOWIRangingFSM] FSM: Received Event EVENT_P2P_STATUS_UPDATE, Current state: STATE_READY_AND_IDLE
08-20 14:10:24.525  1508  9458 D LOWI-9.0.0.87.a: [LOWI-ROME-RTT]  RomeExtractP2PInfo - P2P EVENT Received!
08-20 14:10:24.525  1508  9458 D LOWI-9.0.0.87.a: [LOWI-ROME-RTT]  ExtractNLP2PInfo: Entered
08-20 14:10:24.525  1508  9458 D LOWI-9.0.0.87.a: [LOWI-P2P-RTT] p2pStoreStatusInfo: Peer status = PEER_STATUS_CONNECTED Mac:7c:10:c9:cc:a3:20
08-20 14:10:24.526  1508  9458 D LOWI-9.0.0.87.a: [LOWIRangingFSM] FSM: New FSM state: STATE_READY_AND_IDLE
08-20 14:10:24.526  1508  9458 D LOWI-9.0.0.87.a: [LOWI-ROME-RTT] RomeWaitOnActivityOnSocketOrPipe: issue blocking select 
08-20 14:10:24.526  1508  1576 D LOWI-9.0.0.87.a: [LOWIEventReceiver] handleEvent:FROM:NA, TO:NA, REQ:NA, IREQ:NA, REQ_ID:0, RESP:NA, INFO:INTF-STATUS-UPDATE
08-20 14:10:24.526  1508  1576 D LOWI-9.0.0.87.a: [LOWIEventReceiver] Info to [INTF-STATUS-UPDATE]
08-20 14:10:24.526  1508  1576 D LOWI-9.0.0.87.a: [LOWIController] updateIntfState: WIFI enabled 2 mNlWifiStatus 2 mWifiStateEnabled 1
08-20 14:10:24.526  1508  1576 D LOWI-9.0.0.87.a: [LOWIController] isWifiEnabled: mNlWifiStatus 2 mWifiStateEnabled 1
08-20 14:10:24.530   962 15537 D CHIUSECASE: [DEBUG  ] chifeature2graphselector.cpp:5039 GetFeatureHint() App did not set number of frames
08-20 14:10:24.554  6824  6824 I wpa_supplicant: WEXT: Custom wireless event: 'TSMIE=0:0:0'
08-20 14:10:24.567  1508  1574 D LOWI-9.0.0.87.a: [LOWINetlinkSocketReceiver] unpackRTMLinkMessage: RTM_NEWLINK - ifname wlan0, flags 0x11003 ([UP])
08-20 14:10:24.567   974  6806 I WifiHAL : event received NL80211_CMD_VENDOR, vendor_id = 0x1374, subcmd = 0xa5
08-20 14:10:24.568  1508  1574 D LOWI-9.0.0.87.a: [LOWINetlinkSocketReceiver] processNetlinkPacket: ifname(wlan0) status(1)
08-20 14:10:24.568  1508  1574 D LOWI-9.0.0.87.a: [LOWIController] intfStateReceived: ifname(wlan0) state(1)
08-20 14:10:24.568  1508  1576 D LOWI-9.0.0.87.a: [LOWIEventReceiver] handleEvent:FROM:NA, TO:NA, REQ:NA, IREQ:NA, REQ_ID:0, RESP:NA, INFO:INTF-STATUS-UPDATE
08-20 14:10:24.568  1508  1576 D LOWI-9.0.0.87.a: [LOWIEventReceiver] Info to [INTF-STATUS-UPDATE]
08-20 14:10:24.568  1508  1576 D LOWI-9.0.0.87.a: [LOWIController] updateIntfState: WIFI enabled 1 mNlWifiStatus 2 mWifiStateEnabled 1
08-20 14:10:24.568  1508  1576 D LOWI-9.0.0.87.a: [LOWIController] isWifiEnabled: mNlWifiStatus 1 mWifiStateEnabled 1
08-20 14:10:24.572  1817  2037 I EthernetTracker: interfaceLinkStateChanged, iface: wlan0, up: true
08-20 14:10:24.572  1817  2037 I EthernetTracker: interfaceLinkStateChanged, iface: wlan0, up: true
08-20 14:10:24.583   601   601 I hwservicemanager: getTransport: Cannot find entry android.hardware.wifi.supplicant@1.4::ISupplicant/default in either framework or device VINTF manifest.
08-20 14:10:24.586  6824  6824 I wpa_supplicant: wlan0: Associated with 7c:10:c9:cc:a3:20
08-20 14:10:24.587  6824  6824 I wpa_supplicant: wlan0: CTRL-EVENT-CONNECTED - Connection to 7c:10:c9:cc:a3:20 completed [id=0 id_str=%7B%22configKey%22%3A%22%5C%22hey-ey-ey-ey%5C%22WPA_PSK%22%2C%22creatorUid%22%3A%2210343%22%7D]
08-20 14:10:24.588   962 15537 D CHIUSECASE: [DEBUG  ] chifeature2graphselector.cpp:5039 GetFeatureHint() App did not set number of frames
08-20 14:10:24.588  1508  1574 D LOWI-9.0.0.87.a: [LOWINetlinkSocketReceiver] unpackRTMLinkMessage: RTM_NEWLINK - ifname wlan0, flags 0x11043 ([UP][RUNNING])
08-20 14:10:24.588  1508  1574 D LOWI-9.0.0.87.a: [LOWINetlinkSocketReceiver] processNetlinkPacket: ifname(wlan0) status(2)
08-20 14:10:24.588  1508  1574 D LOWI-9.0.0.87.a: [LOWIController] intfStateReceived: ifname(wlan0) state(2)
08-20 14:10:24.588  1508  1576 D LOWI-9.0.0.87.a: [LOWIEventReceiver] handleEvent:FROM:NA, TO:NA, REQ:NA, IREQ:NA, REQ_ID:0, RESP:NA, INFO:INTF-STATUS-UPDATE
08-20 14:10:24.588  1508  1576 D LOWI-9.0.0.87.a: [LOWIEventReceiver] Info to [INTF-STATUS-UPDATE]
08-20 14:10:24.588  1508  1576 D LOWI-9.0.0.87.a: [LOWIController] updateIntfState: WIFI enabled 2 mNlWifiStatus 1 mWifiStateEnabled 1
08-20 14:10:24.588  1508  1576 D LOWI-9.0.0.87.a: [LOWIController] isWifiEnabled: mNlWifiStatus 2 mWifiStateEnabled 1
08-20 14:10:24.588  1508  1576 D LOWI-9.0.0.87.a: [LOWIController] notifyWlanInterfaceStatusChange: Send Interface state request LOWIController_2
08-20 14:10:24.588  1508  1576 D LOWI-9.0.0.87.a: [LOWIController] isWifiEnabled: mNlWifiStatus 2 mWifiStateEnabled 1
08-20 14:10:24.588  1508  1576 D LOWI-9.0.0.87.a: [LOWIController] requestMeasurements: Internal Message 2 sent to driver
08-20 14:10:24.588  1508  1576 D LOWI-9.0.0.87.a: [LOWIController] issueRequest: LOWIController_2 sent to driver request - SUCCESS
08-20 14:10:24.588  1508  9457 D LOWI-9.0.0.87.a: [LOWI-Scan] wips_wait_on_nl_socket: read returned 6, Received string: Close 
08-20 14:10:24.588  1508  9457 D LOWI-9.0.0.87.a: [LOWI-Scan] do_listen_events: Select Error return - -301
08-20 14:10:24.588  1508  9457 D LOWI-9.0.0.87.a: [LOWI-Scan] No dump done. Error -301
08-20 14:10:24.588  1508  9457 D LOWI-9.0.0.87.a: [LOWI-Scan] WipsScanUsingNL: passive scan cached 0, took 689270 ms, err -301
08-20 14:10:24.588  1508  9457 D LOWI-9.0.0.87.a: [LOWI-Scan] lowi_proc_req_passive_scan_with_live_meas - No WLAN Frames to be parsed
08-20 14:10:24.588  1508  9457 D LOWI-9.0.0.87.a: [LOWIWifiDriverInterface] Scan terminated for passive listening request
08-20 14:10:24.588  1508  9457 D LOWI-9.0.0.87.a: [LOWIScanResultReceiver] run:Execute new request LOWIController_2
08-20 14:10:24.588  1508  9457 D LOWI-9.0.0.87.a: [LOWI-Scan] lowi_update_wifi_interface: FTMRR Already registered
08-20 14:10:24.588  1508  9457 D LOWI-9.0.0.87.a: [LOWIScanResultReceiver] Send scan meas to listener
08-20 14:10:24.588  1508  9457 D LOWI-9.0.0.87.a: [LOWIScanResultReceiver] Enter passive listening mode
08-20 14:10:24.588  1508  9457 D LOWI-9.0.0.87.a: [LOWIWifiDriverInterface] getMeasurements - Passive listening mode
08-20 14:10:24.588  1508  1576 D LOWI-9.0.0.87.a: [LOWIEventReceiver] handleEvent:FROM:NA, TO:NA, REQ:NA, IREQ:NA, REQ_ID:0, RESP:NA, INFO:NA
08-20 14:10:24.588  1508  1576 D LOWI-9.0.0.87.a: [LOWIBackgroundScanMgr] isRspForBgScanMgr: req(LOWI_INTERNAL_MESSAGE) -- not handled
08-20 14:10:24.588  1508  1576 D LOWI-9.0.0.87.a: [LOWIController] Measurements received
08-20 14:10:24.588  1508  9457 D LOWI-9.0.0.87.a: [LOWI-Scan] WipsScanUsingNL:wait -1 sec for netlink message
08-20 14:10:24.590  6824  6824 I wpa_supplicant: wlan0: CTRL-EVENT-SUBNET-STATUS-UPDATE status=0
08-20 14:10:24.590  1817  2037 I EthernetTracker: interfaceLinkStateChanged, iface: wlan0, up: true
08-20 14:10:24.618  4233  8822 D OtaApp  : PollingManagerService:NetworkCallback:networkCapabilities=[ Transports: WIFI Capabilities: NOT_METERED&INTERNET&NOT_RESTRICTED&TRUSTED&NOT_VPN&VALIDATED&NOT_ROAMING&FOREGROUND&NOT_CONGESTED&NOT_SUSPENDED&NOT_VCN_MANAGED LinkUpBandwidth>=12000Kbps LinkDnBandwidth>=67229Kbps TransportInfo: <SSID: <unknown ssid>, BSSID: 02:00:00:00:00:00, MAC: 02:00:00:00:00:00, Security type: 2, Supplicant state: ASSOCIATED, Wi-Fi standard: 4, RSSI: -68, Link speed: 175Mbps, Tx Link speed: 175Mbps, Max Supported Tx Link speed: 72Mbps, Rx Link speed: 263Mbps, Max Supported Rx Link speed: 72Mbps, Frequency: 5805MHz, Net ID: -1, Metered hint: false, score: 60, CarrierMerged: false, SubscriptionId: -1, IsPrimary: -1> SignalStrength: -68 UnderlyingNetworks: Null]
08-20 14:10:24.619  4233  8822 D Fota    : ConnectivityActionReceiver:NetworkCallback:networkCapabilities=[ Transports: WIFI Capabilities: NOT_METERED&INTERNET&NOT_RESTRICTED&TRUSTED&NOT_VPN&VALIDATED&NOT_ROAMING&FOREGROUND&NOT_CONGESTED&NOT_SUSPENDED&NOT_VCN_MANAGED LinkUpBandwidth>=12000Kbps LinkDnBandwidth>=67229Kbps TransportInfo: <SSID: <unknown ssid>, BSSID: 02:00:00:00:00:00, MAC: 02:00:00:00:00:00, Security type: 2, Supplicant state: ASSOCIATED, Wi-Fi standard: 4, RSSI: -68, Link speed: 175Mbps, Tx Link speed: 175Mbps, Max Supported Tx Link speed: 72Mbps, Rx Link speed: 263Mbps, Max Supported Rx Link speed: 72Mbps, Frequency: 5805MHz, Net ID: -1, Metered hint: false, score: 60, CarrierMerged: false, SubscriptionId: -1, IsPrimary: -1> SignalStrength: -68 UnderlyingNetworks: Null]
08-20 14:10:24.625 26365 26456 I CarrierServices: [47] cew.d: (PEv2-SM-43793786): DisabledState: event Connectivity event [null]
08-20 14:10:24.626  2807  3316 E PhoneInterfaceManager: [PhoneIntfMgr] getCarrierPrivilegeStatus: Invalid subId
08-20 14:10:24.627 26365 26536 I CarrierServices: [49] cln.e: RCS Configuration storage in Bugle is disabled by p/h flag, using ProvisioningEngineStateCacheUtil.getProvisioningConfigurationForGivenSimIfExist()
08-20 14:10:24.628 26365 26539 I CarrierServices: [50] bwc.c: Connected state: [1], networkType: [WIFI]
08-20 14:10:24.630  2644  4089 D QCNEJ/WlanStaInfoRelay: Received action: android.net.wifi.STATE_CHANGE
08-20 14:10:24.631  2413  2413 D BluetoothAdapterService: android.net.wifi.STATE_CHANGE
08-20 14:10:24.632  1817  2061 D CompatibilityChangeReporter: Compat change id reported: 168419799; UID 10212; state: DISABLED
08-20 14:10:24.639   962  1783 D CHIUSECASE: [DEBUG  ] chifeature2graphselector.cpp:5039 GetFeatureHint() App did not set number of frames
08-20 14:10:24.641 12464 12624 I ChimeraSrvcProxy: NullBinder for android.net.action.RECOMMEND_NETWORKS triggering remote TransactionTooLargeException due to Service without Chimera impl
08-20 14:10:24.642 12464 12624 W Binder  : reply too large data on java level: InterfaceDescriptor = null, code = 1
08-20 14:10:24.645  1817  2350 E ConnectivityService: BUG: NetworkAgentInfo{network{100}  handle{432902426637}  ni{WIFI CONNECTED extra: } Score(60 ; KeepConnected : 0 ; Policies : TRANSPORT_PRIMARY&EVER_VALIDATED&IS_UNMETERED&IS_VALIDATED)  everValidated lastValidated  lp{{InterfaceName: wlan0 LinkAddresses: [ fe80::689f:f9ff:fed3:eac6/64,fd94:56b6:5129:5140:689f:f9ff:fed3:eac6/64,fd94:56b6:5129:5140:4d60:999f:cf1d:c30/64,192.168.50.42/24,fd7d:cad9:9af9:1:4d60:999f:cf1d:c30/64,fd7d:cad9:9af9:1:689f:f9ff:fed3:eac6/64 ] DnsAddresses: [ /192.168.50.1 ] Domains: null MTU: 0 ServerAddress: /192.168.50.1 TcpBufferSizes: 524288,2097152,4194304,262144,524288,1048576 Routes: [ fe80::/64 -> :: wlan0 mtu 0,fdc7:e40a:6ff9::/64 -> fe80::18fc:1fcc:4f38:4fbd wlan0 mtu 0,fd94:56b6:5129:5140::/64 -> :: wlan0 mtu 0,fd7d:cad9:9af9:1::/64 -> :: wlan0 mtu 0,192.168.50.0/24 -> 0.0.0.0 wlan0 mtu 0,0.0.0.0/0 -> 192.168.50.1 wlan0 mtu 0 ]}}  nc{[ Transports: WIFI Capabilities: NOT_METERED&INTERNET&NOT_RESTRICTED&TRUSTED&NOT_VPN&VALIDATED&NOT_ROAMING&FOREGROUND&NOT_CONGESTED&NOT_SUSPENDED&NOT_VCN_MANAGED LinkUpBandwidth>=12000Kbps LinkDnBandwidth>=67229Kbps Specifier: <WifiNetworkAgentSpecifier [WifiConfiguration=, SSID="hey-ey-ey-ey", BSSID=7c:10:c9:cc:a3:24, band=2, mMatchLocalOnlySpecifiers=false]> TransportInfo: <SSID: "hey-ey-ey-ey", BSSID: 00:00:00:00:00:00, MAC: 6a:9f:f9:d3:ea:c6, Security type: 2, Supplicant state: ASSOCIATED, Wi-Fi standard: 4, RSSI: -68, Link speed: 175Mbps, Tx Link speed: 175Mbps, Max Supported Tx Link speed: 72Mbps, Rx Link speed: 263Mbps, Max Supported Rx Link speed: 72Mbps, Frequency: 5805MHz, Net ID: 0, Metered hint: false, score: 60, CarrierMerged: false, SubscriptionId: -1, IsPrimary: 1> SignalStrength: -68 OwnerUid: 10343 AdminUids: [10343] SSID: "hey-ey-ey-ey" UnderlyingNetworks: Null]}  factorySerialNumber=6} lost immutable capabilities:specifier changed: WifiNetworkAgentSpecifier [WifiConfiguration=, SSID="hey-ey-ey-ey", BSSID=7c:10:c9:cc:a3:24, band=2, mMatchLocalOnlySpecifiers=false] -> WifiNetworkAgentSpecifier [WifiConfiguration=, SSID="hey-ey-ey-ey", BSSID=7c:10:c9:cc:a3:20, band=1, mMatchLocalOnlySpecifiers=false]
08-20 14:10:24.652  2413  2413 W BluetoothAdapterService: fetchWifiState - isWifiConnected =true
08-20 14:10:24.652  2413  2413 D BluetoothVendorService: setWifiState to: true
08-20 14:10:24.660  1817  2350 D ConnectivityService: NetReassign [no changes]
08-20 14:10:24.661  2413  2413 I BluetoothVendorJni: setWifiStateNative
08-20 14:10:24.670  4233  8822 D OtaApp  : PollingManagerService:NetworkCallback:networkCapabilities=[ Transports: WIFI Capabilities: NOT_METERED&INTERNET&NOT_RESTRICTED&TRUSTED&NOT_VPN&VALIDATED&NOT_ROAMING&FOREGROUND&NOT_CONGESTED&NOT_SUSPENDED&NOT_VCN_MANAGED LinkUpBandwidth>=12000Kbps LinkDnBandwidth>=67229Kbps TransportInfo: <SSID: <unknown ssid>, BSSID: 02:00:00:00:00:00, MAC: 02:00:00:00:00:00, Security type: 2, Supplicant state: COMPLETED, Wi-Fi standard: 4, RSSI: -68, Link speed: 175Mbps, Tx Link speed: 175Mbps, Max Supported Tx Link speed: 72Mbps, Rx Link speed: 263Mbps, Max Supported Rx Link speed: 72Mbps, Frequency: 2457MHz, Net ID: -1, Metered hint: false, score: 60, CarrierMerged: false, SubscriptionId: -1, IsPrimary: -1> SignalStrength: -68 UnderlyingNetworks: Null]
08-20 14:10:24.670  4233  8822 D Fota    : ConnectivityActionReceiver:NetworkCallback:networkCapabilities=[ Transports: WIFI Capabilities: NOT_METERED&INTERNET&NOT_RESTRICTED&TRUSTED&NOT_VPN&VALIDATED&NOT_ROAMING&FOREGROUND&NOT_CONGESTED&NOT_SUSPENDED&NOT_VCN_MANAGED LinkUpBandwidth>=12000Kbps LinkDnBandwidth>=67229Kbps TransportInfo: <SSID: <unknown ssid>, BSSID: 02:00:00:00:00:00, MAC: 02:00:00:00:00:00, Security type: 2, Supplicant state: COMPLETED, Wi-Fi standard: 4, RSSI: -68, Link speed: 175Mbps, Tx Link speed: 175Mbps, Max Supported Tx Link speed: 72Mbps, Rx Link speed: 263Mbps, Max Supported Rx Link speed: 72Mbps, Frequency: 2457MHz, Net ID: -1, Metered hint: false, score: 60, CarrierMerged: false, SubscriptionId: -1, IsPrimary: -1> SignalStrength: -68 UnderlyingNetworks: Null]
08-20 14:10:24.675  3904  4030 D OsAgent : [wifi_supplicant_status_update][3202] [HC] =>> [HS]
08-20 14:10:24.677 26365 26456 I CarrierServices: [47] cew.d: (PEv2-SM-43793786): DisabledState: event Connectivity event [null]
08-20 14:10:24.678 26365 26539 I CarrierServices: [50] bwc.c: Connected state: [1], networkType: [WIFI]
08-20 14:10:24.676 12464 12624 I ChimeraSrvcProxy: NullBinder for android.net.action.RECOMMEND_NETWORKS triggering remote TransactionTooLargeException due to Service without Chimera impl
08-20 14:10:24.682 12464 12624 W Binder  : reply too large data on java level: InterfaceDescriptor = null, code = 1
08-20 14:10:24.682  2807  3054 E PhoneInterfaceManager: [PhoneIntfMgr] getCarrierPrivilegeStatus: Invalid subId
08-20 14:10:24.683 26365 26536 I CarrierServices: [49] cln.e: RCS Configuration storage in Bugle is disabled by p/h flag, using ProvisioningEngineStateCacheUtil.getProvisioningConfigurationForGivenSimIfExist()
08-20 14:10:24.688  2413  2413 I bt_btif_vendor: setWifiState :1
08-20 14:10:24.701   966   966 V LocSvc_HIDL_IzatSubscription: [wifiSupplicantStatusUpdate][682] [HS] <<<<= [HC]
08-20 14:10:24.722   863   868 D statsd  : StateTracker did not find state value for query key 
08-20 14:10:24.722   863   868 W statsd  : StateTracker not found for state atom 31
08-20 14:10:24.722   863   868 D statsd  : StateTracker did not find state value for query key 
08-20 14:10:24.722   863   868 W statsd  : StateTracker not found for state atom 29
08-20 14:10:24.722   863   868 D statsd  : StateTracker did not find state value for query key 
08-20 14:10:24.722   863   868 W statsd  : StateTracker not found for state atom 31
08-20 14:10:24.722   863   868 D statsd  : StateTracker did not find state value for query key 
08-20 14:10:24.722   863   868 W statsd  : StateTracker not found for state atom 29
08-20 14:10:24.734   962 15537 D CHIUSECASE: [DEBUG  ] chifeature2graphselector.cpp:5039 GetFeatureHint() App did not set number of frames
08-20 14:10:24.735  3904  4030 D OsAgent : [wifi_supplicant_status_update][3202] [HC] =>> [HS]
08-20 14:10:24.736   966   966 V LocSvc_HIDL_IzatSubscription: [wifiSupplicantStatusUpdate][682] [HS] <<<<= [HC]
08-20 14:10:24.773   863   868 D statsd  : StateTracker did not find state value for query key 
08-20 14:10:24.773   863   868 W statsd  : StateTracker not found for state atom 31
08-20 14:10:24.774   863   868 D statsd  : StateTracker did not find state value for query key 
08-20 14:10:24.774   863   868 W statsd  : StateTracker not found for state atom 29
08-20 14:10:24.774   863   868 D statsd  : StateTracker did not find state value for query key 
08-20 14:10:24.774   863   868 W statsd  : StateTracker not found for state atom 31
08-20 14:10:24.774   863   868 D statsd  : StateTracker did not find state value for query key 
08-20 14:10:24.774   863   868 W statsd  : StateTracker not found for state atom 29
08-20 14:10:24.783 12464 13031 I NearbyDiscovery: (REDACTED) FastPairHandler: Received action %s
08-20 14:10:24.790   962 15537 D CHIUSECASE: [DEBUG  ] chifeature2graphselector.cpp:5039 GetFeatureHint() App did not set number of frames
08-20 14:10:24.835   962 15537 D CHIUSECASE: [DEBUG  ] chifeature2graphselector.cpp:5039 GetFeatureHint() App did not set number of frames
08-20 14:10:24.859 31027 31593 D BufferPoolAccessor2.0: bufferpool2 0xb40000716a135528 : 0(0 size) total buffers - 0(0 size) used buffers - 2/7 (recycle/alloc) - 5/74 (fetch/transfer)
08-20 14:10:24.859  1422  2196 D BufferPoolAccessor2.0: bufferpool2 0xb400007c12c81be8 : 0(0 size) total buffers - 0(0 size) used buffers - 33/35 (recycle/alloc) - 2/34 (fetch/transfer)
08-20 14:10:24.859 31027 31593 D BufferPoolAccessor2.0: evictor expired: 2, evicted: 1
08-20 14:10:24.859  1422  2196 D BufferPoolAccessor2.0: evictor expired: 2, evicted: 1
08-20 14:10:24.938   962 15537 D CHIUSECASE: [DEBUG  ] chifeature2graphselector.cpp:5039 GetFeatureHint() App did not set number of frames
08-20 14:10:25.036   962 15537 D CHIUSECASE: [DEBUG  ] chifeature2graphselector.cpp:5039 GetFeatureHint() App did not set number of frames
08-20 14:10:25.069 31027 31256 I CameraView: invokeOnAverageFpsChanged(0.0)
08-20 14:10:25.072   962 15537 D CHIUSECASE: [DEBUG  ] chifeature2graphselector.cpp:5039 GetFeatureHint() App did not set number of frames
08-20 14:10:25.137   962 15537 D CHIUSECASE: [DEBUG  ] chifeature2graphselector.cpp:5039 GetFeatureHint() App did not set number of frames
08-20 14:10:25.183   962 15537 D CHIUSECASE: [DEBUG  ] chifeature2graphselector.cpp:5039 GetFeatureHint() App did not set number of frames
08-20 14:10:25.261   962 15537 D CHIUSECASE: [DEBUG  ] chifeature2graphselector.cpp:5039 GetFeatureHint() App did not set number of frames
08-20 14:10:25.348   962  1783 D CHIUSECASE: [DEBUG  ] chifeature2graphselector.cpp:5039 GetFeatureHint() App did not set number of frames
08-20 14:10:25.389   962  1783 D CHIUSECASE: [DEBUG  ] chifeature2graphselector.cpp:5039 GetFeatureHint() App did not set number of frames
08-20 14:10:25.466   962  1783 D CHIUSECASE: [DEBUG  ] chifeature2graphselector.cpp:5039 GetFeatureHint() App did not set number of frames
08-20 14:10:25.546   962  1783 D CHIUSECASE: [DEBUG  ] chifeature2graphselector.cpp:5039 GetFeatureHint() App did not set number of frames
08-20 14:10:25.611   962  1783 D CHIUSECASE: [DEBUG  ] chifeature2graphselector.cpp:5039 GetFeatureHint() App did not set number of frames
08-20 14:10:25.693   962  1783 D CHIUSECASE: [DEBUG  ] chifeature2graphselector.cpp:5039 GetFeatureHint() App did not set number of frames
08-20 14:10:25.750   962  1783 D CHIUSECASE: [DEBUG  ] chifeature2graphselector.cpp:5039 GetFeatureHint() App did not set number of frames
08-20 14:10:25.803   962  1783 D CHIUSECASE: [DEBUG  ] chifeature2graphselector.cpp:5039 GetFeatureHint() App did not set number of frames
08-20 14:10:25.863   962  1783 D CHIUSECASE: [DEBUG  ] chifeature2graphselector.cpp:5039 GetFeatureHint() App did not set number of frames
08-20 14:10:25.930   962  1783 D CHIUSECASE: [DEBUG  ] chifeature2graphselector.cpp:5039 GetFeatureHint() App did not set number of frames
08-20 14:10:25.997   962  1783 D CHIUSECASE: [DEBUG  ] chifeature2graphselector.cpp:5039 GetFeatureHint() App did not set number of frames
08-20 14:10:26.069 31027 31256 I CameraView: invokeOnAverageFpsChanged(0.0)
08-20 14:10:26.081   962  1783 D CHIUSECASE: [DEBUG  ] chifeature2graphselector.cpp:5039 GetFeatureHint() App did not set number of frames
08-20 14:10:26.142   962  1783 D CHIUSECASE: [DEBUG  ] chifeature2graphselector.cpp:5039 GetFeatureHint() App did not set number of frames
08-20 14:10:26.217   962  1783 D CHIUSECASE: [DEBUG  ] chifeature2graphselector.cpp:5039 GetFeatureHint() App did not set number of frames
08-20 14:10:26.267   962  1783 D CHIUSECASE: [DEBUG  ] chifeature2graphselector.cpp:5039 GetFeatureHint() App did not set number of frames
08-20 14:10:26.363   962 15537 D CHIUSECASE: [DEBUG  ] chifeature2graphselector.cpp:5039 GetFeatureHint() App did not set number of frames
08-20 14:10:26.410   962 15537 D CHIUSECASE: [DEBUG  ] chifeature2graphselector.cpp:5039 GetFeatureHint() App did not set number of frames
08-20 14:10:26.483   962 15537 D CHIUSECASE: [DEBUG  ] chifeature2graphselector.cpp:5039 GetFeatureHint() App did not set number of frames
08-20 14:10:26.515   962  1783 D CHIUSECASE: [DEBUG  ] chifeature2graphselector.cpp:5039 GetFeatureHint() App did not set number of frames
08-20 14:10:26.613   962  1783 D CHIUSECASE: [DEBUG  ] chifeature2graphselector.cpp:5039 GetFeatureHint() App did not set number of frames
08-20 14:10:26.673  2644  4089 D QCNEJ/WlanStaInfoRelay: Received action: android.net.wifi.RSSI_CHANGED
08-20 14:10:26.684  4233  8822 D Fota    : ConnectivityActionReceiver:NetworkCallback:networkCapabilities=[ Transports: WIFI Capabilities: NOT_METERED&INTERNET&NOT_RESTRICTED&TRUSTED&NOT_VPN&VALIDATED&NOT_ROAMING&FOREGROUND&NOT_CONGESTED&NOT_SUSPENDED&NOT_VCN_MANAGED LinkUpBandwidth>=12000Kbps LinkDnBandwidth>=30000Kbps TransportInfo: <SSID: <unknown ssid>, BSSID: 02:00:00:00:00:00, MAC: 02:00:00:00:00:00, Security type: 2, Supplicant state: COMPLETED, Wi-Fi standard: 4, RSSI: -54, Link speed: 58Mbps, Tx Link speed: 58Mbps, Max Supported Tx Link speed: 72Mbps, Rx Link speed: 1Mbps, Max Supported Rx Link speed: 72Mbps, Frequency: 2457MHz, Net ID: -1, Metered hint: false, score: 60, CarrierMerged: false, SubscriptionId: -1, IsPrimary: -1> SignalStrength: -54 UnderlyingNetworks: Null]
08-20 14:10:26.685  4233  8822 D OtaApp  : PollingManagerService:NetworkCallback:networkCapabilities=[ Transports: WIFI Capabilities: NOT_METERED&INTERNET&NOT_RESTRICTED&TRUSTED&NOT_VPN&VALIDATED&NOT_ROAMING&FOREGROUND&NOT_CONGESTED&NOT_SUSPENDED&NOT_VCN_MANAGED LinkUpBandwidth>=12000Kbps LinkDnBandwidth>=30000Kbps TransportInfo: <SSID: <unknown ssid>, BSSID: 02:00:00:00:00:00, MAC: 02:00:00:00:00:00, Security type: 2, Supplicant state: COMPLETED, Wi-Fi standard: 4, RSSI: -54, Link speed: 58Mbps, Tx Link speed: 58Mbps, Max Supported Tx Link speed: 72Mbps, Rx Link speed: 1Mbps, Max Supported Rx Link speed: 72Mbps, Frequency: 2457MHz, Net ID: -1, Metered hint: false, score: 60, CarrierMerged: false, SubscriptionId: -1, IsPrimary: -1> SignalStrength: -54 UnderlyingNetworks: Null]
08-20 14:10:26.692  2807  3316 E PhoneInterfaceManager: [PhoneIntfMgr] getCarrierPrivilegeStatus: Invalid subId
08-20 14:10:26.693 26365 26536 I CarrierServices: [49] cln.e: RCS Configuration storage in Bugle is disabled by p/h flag, using ProvisioningEngineStateCacheUtil.getProvisioningConfigurationForGivenSimIfExist()
08-20 14:10:26.693 26365 26456 I CarrierServices: [47] cew.d: (PEv2-SM-43793786): DisabledState: event Connectivity event [null]
08-20 14:10:26.694 26365 26539 I CarrierServices: [50] bwc.c: Connected state: [1], networkType: [WIFI]
08-20 14:10:26.705   962  1783 D CHIUSECASE: [DEBUG  ] chifeature2graphselector.cpp:5039 GetFeatureHint() App did not set number of frames
08-20 14:10:26.705 12464 12620 I ChimeraSrvcProxy: NullBinder for android.net.action.RECOMMEND_NETWORKS triggering remote TransactionTooLargeException due to Service without Chimera impl
08-20 14:10:26.705 12464 12620 W Binder  : reply too large data on java level: InterfaceDescriptor = null, code = 1
08-20 14:10:26.759   962  1783 D CHIUSECASE: [DEBUG  ] chifeature2graphselector.cpp:5039 GetFeatureHint() App did not set number of frames
08-20 14:10:26.805   962  1783 D CHIUSECASE: [DEBUG  ] chifeature2graphselector.cpp:5039 GetFeatureHint() App did not set number of frames
08-20 14:10:26.848   962  1783 D CHIUSECASE: [DEBUG  ] chifeature2graphselector.cpp:5039 GetFeatureHint() App did not set number of frames
08-20 14:10:26.950   962  1783 D CHIUSECASE: [DEBUG  ] chifeature2graphselector.cpp:5039 GetFeatureHint() App did not set number of frames
08-20 14:10:27.015   962  1783 D CHIUSECASE: [DEBUG  ] chifeature2graphselector.cpp:5039 GetFeatureHint() App did not set number of frames
08-20 14:10:27.058   962  1783 D CHIUSECASE: [DEBUG  ] chifeature2graphselector.cpp:5039 GetFeatureHint() App did not set number of frames
08-20 14:10:27.070 31027 31256 I CameraView: invokeOnAverageFpsChanged(0.0)
08-20 14:10:27.157   962  1783 D CHIUSECASE: [DEBUG  ] chifeature2graphselector.cpp:5039 GetFeatureHint() App did not set number of frames
08-20 14:10:27.194   962  1783 D CHIUSECASE: [DEBUG  ] chifeature2graphselector.cpp:5039 GetFeatureHint() App did not set number of frames
08-20 14:10:27.261   962  1783 D CHIUSECASE: [DEBUG  ] chifeature2graphselector.cpp:5039 GetFeatureHint() App did not set number of frames
08-20 14:10:27.346   962  1783 D CHIUSECASE: [DEBUG  ] chifeature2graphselector.cpp:5039 GetFeatureHint() App did not set number of frames
08-20 14:10:27.408   962  1783 D CHIUSECASE: [DEBUG  ] chifeature2graphselector.cpp:5039 GetFeatureHint() App did not set number of frames
08-20 14:10:27.484   962 15537 D CHIUSECASE: [DEBUG  ] chifeature2graphselector.cpp:5039 GetFeatureHint() App did not set number of frames
08-20 14:10:27.534   962 15537 D CHIUSECASE: [DEBUG  ] chifeature2graphselector.cpp:5039 GetFeatureHint() App did not set number of frames
08-20 14:10:27.589   962 15537 D CHIUSECASE: [DEBUG  ] chifeature2graphselector.cpp:5039 GetFeatureHint() App did not set number of frames
08-20 14:10:27.686   962 15537 D CHIUSECASE: [DEBUG  ] chifeature2graphselector.cpp:5039 GetFeatureHint() App did not set number of frames
08-20 14:10:27.737   962 15537 D CHIUSECASE: [DEBUG  ] chifeature2graphselector.cpp:5039 GetFeatureHint() App did not set number of frames
08-20 14:10:27.794   962 15537 D CHIUSECASE: [DEBUG  ] chifeature2graphselector.cpp:5039 GetFeatureHint() App did not set number of frames
08-20 14:10:27.877   962 15537 D CHIUSECASE: [DEBUG  ] chifeature2graphselector.cpp:5039 GetFeatureHint() App did not set number of frames
08-20 14:10:27.936   962 15537 D CHIUSECASE: [DEBUG  ] chifeature2graphselector.cpp:5039 GetFeatureHint() App did not set number of frames
08-20 14:10:28.023   962 15537 D CHIUSECASE: [DEBUG  ] chifeature2graphselector.cpp:5039 GetFeatureHint() App did not set number of frames
08-20 14:10:28.067   962 15537 D CHIUSECASE: [DEBUG  ] chifeature2graphselector.cpp:5039 GetFeatureHint() App did not set number of frames
08-20 14:10:28.069 31027 31256 I CameraView: invokeOnAverageFpsChanged(0.0)
08-20 14:10:28.123   962 15537 D CHIUSECASE: [DEBUG  ] chifeature2graphselector.cpp:5039 GetFeatureHint() App did not set number of frames
08-20 14:10:28.204   962 15537 D CHIUSECASE: [DEBUG  ] chifeature2graphselector.cpp:5039 GetFeatureHint() App did not set number of frames
08-20 14:10:28.294   962  1783 D CHIUSECASE: [DEBUG  ] chifeature2graphselector.cpp:5039 GetFeatureHint() App did not set number of frames
08-20 14:10:28.339   962  1783 D CHIUSECASE: [DEBUG  ] chifeature2graphselector.cpp:5039 GetFeatureHint() App did not set number of frames
08-20 14:10:28.415   962  1783 D CHIUSECASE: [DEBUG  ] chifeature2graphselector.cpp:5039 GetFeatureHint() App did not set number of frames
08-20 14:10:28.458  2595  6837 W IpClient.wlan0: [IpReachabilityMonitor] WARN ALERT neighbor went from: NeighborEvent{@1544397,RTM_NEWNEIGH,if=24,fe80::18fc:1fcc:4f38:4fbd,NUD_PROBE,[9c:3e:53:10:51:d2]} to: NeighborEvent{@1548225,RTM_NEWNEIGH,if=24,fe80::18fc:1fcc:4f38:4fbd,NUD_FAILED,[null]}
08-20 14:10:28.469   962  1783 D CHIUSECASE: [DEBUG  ] chifeature2graphselector.cpp:5039 GetFeatureHint() App did not set number of frames
08-20 14:10:28.539   962  1783 D CHIUSECASE: [DEBUG  ] chifeature2graphselector.cpp:5039 GetFeatureHint() App did not set number of frames
08-20 14:10:28.586   962  1783 D CHIUSECASE: [DEBUG  ] chifeature2graphselector.cpp:5039 GetFeatureHint() App did not set number of frames
08-20 14:10:28.684   962  1783 D CHIUSECASE: [DEBUG  ] chifeature2graphselector.cpp:5039 GetFeatureHint() App did not set number of frames
08-20 14:10:28.746   962 15537 D CHIUSECASE: [DEBUG  ] chifeature2graphselector.cpp:5039 GetFeatureHint() App did not set number of frames
08-20 14:10:28.796   962 15537 D CHIUSECASE: [DEBUG  ] chifeature2graphselector.cpp:5039 GetFeatureHint() App did not set number of frames
08-20 14:10:28.878   962 15537 D CHIUSECASE: [DEBUG  ] chifeature2graphselector.cpp:5039 GetFeatureHint() App did not set number of frames
08-20 14:10:28.936   962  1783 D CHIUSECASE: [DEBUG  ] chifeature2graphselector.cpp:5039 GetFeatureHint() App did not set number of frames
08-20 14:10:29.047   962 15537 D CHIUSECASE: [DEBUG  ] chifeature2graphselector.cpp:5039 GetFeatureHint() App did not set number of frames
08-20 14:10:29.070 31027 31256 I CameraView: invokeOnAverageFpsChanged(0.0)
08-20 14:10:29.072   962 15537 D CHIUSECASE: [DEBUG  ] chifeature2graphselector.cpp:5039 GetFeatureHint() App did not set number of frames
08-20 14:10:29.133   962  1783 D CHIUSECASE: [DEBUG  ] chifeature2graphselector.cpp:5039 GetFeatureHint() App did not set number of frames
08-20 14:10:29.195   962  1783 D CHIUSECASE: [DEBUG  ] chifeature2graphselector.cpp:5039 GetFeatureHint() App did not set number of frames
08-20 14:10:29.299   962  1783 D CHIUSECASE: [DEBUG  ] chifeature2graphselector.cpp:5039 GetFeatureHint() App did not set number of frames
08-20 14:10:29.350   962  1783 D CHIUSECASE: [DEBUG  ] chifeature2graphselector.cpp:5039 GetFeatureHint() App did not set number of frames
08-20 14:10:29.409   962  1783 D CHIUSECASE: [DEBUG  ] chifeature2graphselector.cpp:5039 GetFeatureHint() App did not set number of frames
08-20 14:10:29.476   962 15537 D CHIUSECASE: [DEBUG  ] chifeature2graphselector.cpp:5039 GetFeatureHint() App did not set number of frames
08-20 14:10:29.559   962 15537 D CHIUSECASE: [DEBUG  ] chifeature2graphselector.cpp:5039 GetFeatureHint() App did not set number of frames
08-20 14:10:29.594   962 15537 D CHIUSECASE: [DEBUG  ] chifeature2graphselector.cpp:5039 GetFeatureHint() App did not set number of frames
08-20 14:10:29.675   962 15537 D CHIUSECASE: [DEBUG  ] chifeature2graphselector.cpp:5039 GetFeatureHint() App did not set number of frames
08-20 14:10:29.754   962 15537 D CHIUSECASE: [DEBUG  ] chifeature2graphselector.cpp:5039 GetFeatureHint() App did not set number of frames
08-20 14:10:29.809   962 15537 D CHIUSECASE: [DEBUG  ] chifeature2graphselector.cpp:5039 GetFeatureHint() App did not set number of frames
08-20 14:10:29.864   962 15537 D CHIUSECASE: [DEBUG  ] chifeature2graphselector.cpp:5039 GetFeatureHint() App did not set number of frames
08-20 14:10:29.929   962 15537 D CHIUSECASE: [DEBUG  ] chifeature2graphselector.cpp:5039 GetFeatureHint() App did not set number of frames
08-20 14:10:29.996   962 15537 D CHIUSECASE: [DEBUG  ] chifeature2graphselector.cpp:5039 GetFeatureHint() App did not set number of frames
08-20 14:10:30.069 31027 31256 I CameraView: invokeOnAverageFpsChanged(0.0)
08-20 14:10:30.076   962 15537 D CHIUSECASE: [DEBUG  ] chifeature2graphselector.cpp:5039 GetFeatureHint() App did not set number of frames
08-20 14:10:30.126   962 15537 D CHIUSECASE: [DEBUG  ] chifeature2graphselector.cpp:5039 GetFeatureHint() App did not set number of frames
08-20 14:10:30.210   962 15537 D CHIUSECASE: [DEBUG  ] chifeature2graphselector.cpp:5039 GetFeatureHint() App did not set number of frames
08-20 14:10:30.258   962 15537 D CHIUSECASE: [DEBUG  ] chifeature2graphselector.cpp:5039 GetFeatureHint() App did not set number of frames
08-20 14:10:30.351   962 15537 D CHIUSECASE: [DEBUG  ] chifeature2graphselector.cpp:5039 GetFeatureHint() App did not set number of frames
08-20 14:10:30.398   962 15537 D CHIUSECASE: [DEBUG  ] chifeature2graphselector.cpp:5039 GetFeatureHint() App did not set number of frames
08-20 14:10:30.489   962 15537 D CHIUSECASE: [DEBUG  ] chifeature2graphselector.cpp:5039 GetFeatureHint() App did not set number of frames
08-20 14:10:30.539   962 15537 D CHIUSECASE: [DEBUG  ] chifeature2graphselector.cpp:5039 GetFeatureHint() App did not set number of frames
08-20 14:10:30.616   962 15537 D CHIUSECASE: [DEBUG  ] chifeature2graphselector.cpp:5039 GetFeatureHint() App did not set number of frames
08-20 14:10:30.664   962  1783 D CHIUSECASE: [DEBUG  ] chifeature2graphselector.cpp:5039 GetFeatureHint() App did not set number of frames
08-20 14:10:30.754   962  1783 D CHIUSECASE: [DEBUG  ] chifeature2graphselector.cpp:5039 GetFeatureHint() App did not set number of frames
08-20 14:10:30.797   962  1783 D CHIUSECASE: [DEBUG  ] chifeature2graphselector.cpp:5039 GetFeatureHint() App did not set number of frames
08-20 14:10:30.877   962  1783 D CHIUSECASE: [DEBUG  ] chifeature2graphselector.cpp:5039 GetFeatureHint() App did not set number of frames
08-20 14:10:30.972   962  1783 D CHIUSECASE: [DEBUG  ] chifeature2graphselector.cpp:5039 GetFeatureHint() App did not set number of frames
08-20 14:10:31.006   962  1783 D CHIUSECASE: [DEBUG  ] chifeature2graphselector.cpp:5039 GetFeatureHint() App did not set number of frames
08-20 14:10:31.069 31027 31256 I CameraView: invokeOnAverageFpsChanged(0.0)
08-20 14:10:31.078   962  1783 D CHIUSECASE: [DEBUG  ] chifeature2graphselector.cpp:5039 GetFeatureHint() App did not set number of frames
08-20 14:10:31.144   962  1783 D CHIUSECASE: [DEBUG  ] chifeature2graphselector.cpp:5039 GetFeatureHint() App did not set number of frames
08-20 14:10:31.190 31736 31736 D ProcessState: Binder ioctl to enable oneway spam detection failed: Invalid argument
08-20 14:10:31.220   962  1783 D CHIUSECASE: [DEBUG  ] chifeature2graphselector.cpp:5039 GetFeatureHint() App did not set number of frames
08-20 14:10:31.264   962  1783 D CHIUSECASE: [DEBUG  ] chifeature2graphselector.cpp:5039 GetFeatureHint() App did not set number of frames
08-20 14:10:31.352   962 15537 D CHIUSECASE: [DEBUG  ] chifeature2graphselector.cpp:5039 GetFeatureHint() App did not set number of frames
08-20 14:10:31.412   962 15537 D CHIUSECASE: [DEBUG  ] chifeature2graphselector.cpp:5039 GetFeatureHint() App did not set number of frames
08-20 14:10:31.467   962  1783 D CHIUSECASE: [DEBUG  ] chifeature2graphselector.cpp:5039 GetFeatureHint() App did not set number of frames
08-20 14:10:31.583   962 15537 D CHIUSECASE: [DEBUG  ] chifeature2graphselector.cpp:5039 GetFeatureHint() App did not set number of frames
08-20 14:10:31.620   962 15537 D CHIUSECASE: [DEBUG  ] chifeature2graphselector.cpp:5039 GetFeatureHint() App did not set number of frames
08-20 14:10:31.677   962 15537 D CHIUSECASE: [DEBUG  ] chifeature2graphselector.cpp:5039 GetFeatureHint() App did not set number of frames
08-20 14:10:31.731   962   962 D CHIUSECASE: [DEBUG  ] chifeature2graphselector.cpp:5039 GetFeatureHint() App did not set number of frames
08-20 14:10:31.825   962   962 D CHIUSECASE: [DEBUG  ] chifeature2graphselector.cpp:5039 GetFeatureHint() App did not set number of frames
08-20 14:10:31.857  3516  3516 E NEW_BHD : Cycles Write - Can not open /sys/class/power_supply/battery/cycle_count, errno = 13 (Permission denied)
08-20 14:10:31.857  1817  2169 D BatteryService: uevent={POWER_SUPPLY_VOLTAGE_NOW=3916000, POWER_SUPPLY_CHARGE_CONTROL_LIMIT_MAX=8, POWER_SUPPLY_TYPE=Battery, POWER_SUPPLY_HEALTH=Good, POWER_SUPPLY_TECHNOLOGY=Li-ion, POWER_SUPPLY_CHARGE_FULL_DESIGN=5000000, SEQNUM=9332, POWER_SUPPLY_CHARGE_CONTROL_LIMIT=0, POWER_SUPPLY_STATUS=Charging, POWER_SUPPLY_CURRENT_MAX=3000000, POWER_SUPPLY_CYCLE_COUNT=0, POWER_SUPPLY_CAPACITY=19, DEVPATH=/devices/platform/soc/soc:mmi,discrete-charging/power_supply/battery, POWER_SUPPLY_CHARGE_TYPE=Fast, POWER_SUPPLY_INPUT_CURRENT_LIMIT=0, POWER_SUPPLY_CURRENT_NOW=937000, POWER_SUPPLY_PRESENT=1, POWER_SUPPLY_CHARGE_FULL=5000000, POWER_SUPPLY_CONSTANT_CHARGE_CURRENT=3000000, SUBSYSTEM=power_supply, POWER_SUPPLY_TEMP=360, ACTION=change, POWER_SUPPLY_NAME=battery, POWER_SUPPLY_VOLTAGE_MAX=4450000, POWER_SUPPLY_CONSTANT_CHARGE_CURRENT_MAX=3000000, POWER_SUPPLY_CHARGE_COUNTER=950000}
08-20 14:10:31.857  1817  2169 D BatteryService: uevent={POWER_SUPPLY_VOLTAGE_NOW=3916000, POWER_SUPPLY_CHARGE_CONTROL_LIMIT_MAX=8, POWER_SUPPLY_TYPE=Battery, POWER_SUPPLY_HEALTH=Good, POWER_SUPPLY_TECHNOLOGY=Li-ion, POWER_SUPPLY_CHARGE_FULL_DESIGN=5000000, SEQNUM=9332, POWER_SUPPLY_CHARGE_CONTROL_LIMIT=0, POWER_SUPPLY_STATUS=Charging, POWER_SUPPLY_CURRENT_MAX=3000000, POWER_SUPPLY_CYCLE_COUNT=0, POWER_SUPPLY_CAPACITY=19, DEVPATH=/devices/platform/soc/soc:mmi,discrete-charging/power_supply/battery, POWER_SUPPLY_CHARGE_TYPE=Fast, POWER_SUPPLY_INPUT_CURRENT_LIMIT=0, POWER_SUPPLY_CURRENT_NOW=937000, POWER_SUPPLY_PRESENT=1, POWER_SUPPLY_CHARGE_FULL=5000000, POWER_SUPPLY_CONSTANT_CHARGE_CURRENT=3000000, SUBSYSTEM=power_supply, POWER_SUPPLY_TEMP=360, ACTION=change, POWER_SUPPLY_NAME=battery, POWER_SUPPLY_VOLTAGE_MAX=4450000, POWER_SUPPLY_CONSTANT_CHARGE_CURRENT_MAX=3000000, POWER_SUPPLY_CHARGE_COUNTER=950000}
08-20 14:10:31.861   962   962 D CHIUSECASE: [DEBUG  ] chifeature2graphselector.cpp:5039 GetFeatureHint() App did not set number of frames
08-20 14:10:31.874  2825  2863 I oid.setupwizar: Background concurrent copying GC freed 48820(2816KB) AllocSpace objects, 2(104KB) LOS objects, 49% free, 5216KB/10MB, paused 104us,53us total 141.241ms
08-20 14:10:31.877  2706  2706 D QtiCarrierConfigHelper: WARNING, no carrier configs on phone Id: 0
08-20 14:10:31.879  4335  4685 D CmdCenter: - RowBase2: sPrevModStatus: 1, modStatus: 1
08-20 14:10:31.879  4335  4685 D CmdCenter: - RowBase2: sPrevPlugType: 1 plugType: 1
08-20 14:10:31.879  2786  2786 V DeviceStatisticsService: chargerType=1 batteryLevel=19 totalBatteryCapacity=5000000
08-20 14:10:31.941   962   962 D CHIUSECASE: [DEBUG  ] chifeature2graphselector.cpp:5039 GetFeatureHint() App did not set number of frames
08-20 14:10:32.014   962   962 D CHIUSECASE: [DEBUG  ] chifeature2graphselector.cpp:5039 GetFeatureHint() App did not set number of frames
08-20 14:10:32.069   962 15537 D CHIUSECASE: [DEBUG  ] chifeature2graphselector.cpp:5039 GetFeatureHint() App did not set number of frames
08-20 14:10:32.070 31027 31256 I CameraView: invokeOnAverageFpsChanged(0.0)
08-20 14:10:32.159   962 15537 D CHIUSECASE: [DEBUG  ] chifeature2graphselector.cpp:5039 GetFeatureHint() App did not set number of frames
08-20 14:10:32.205   962 15537 D CHIUSECASE: [DEBUG  ] chifeature2graphselector.cpp:5039 GetFeatureHint() App did not set number of frames
08-20 14:10:32.275   962 15537 D CHIUSECASE: [DEBUG  ] chifeature2graphselector.cpp:5039 GetFeatureHint() App did not set number of frames
08-20 14:10:32.322   962 15537 D CHIUSECASE: [DEBUG  ] chifeature2graphselector.cpp:5039 GetFeatureHint() App did not set number of frames
08-20 14:10:32.393   962 15537 D CHIUSECASE: [DEBUG  ] chifeature2graphselector.cpp:5039 GetFeatureHint() App did not set number of frames
08-20 14:10:32.487   962 15537 D CHIUSECASE: [DEBUG  ] chifeature2graphselector.cpp:5039 GetFeatureHint() App did not set number of frames
08-20 14:10:32.562   962   962 D CHIUSECASE: [DEBUG  ] chifeature2graphselector.cpp:5039 GetFeatureHint() App did not set number of frames
08-20 14:10:32.617   962   962 D CHIUSECASE: [DEBUG  ] chifeature2graphselector.cpp:5039 GetFeatureHint() App did not set number of frames
08-20 14:10:32.663   962   962 D CHIUSECASE: [DEBUG  ] chifeature2graphselector.cpp:5039 GetFeatureHint() App did not set number of frames
08-20 14:10:32.749   962   962 D CHIUSECASE: [DEBUG  ] chifeature2graphselector.cpp:5039 GetFeatureHint() App did not set number of frames
08-20 14:10:32.817   962   962 D CHIUSECASE: [DEBUG  ] chifeature2graphselector.cpp:5039 GetFeatureHint() App did not set number of frames
08-20 14:10:32.906   962   962 D CHIUSECASE: [DEBUG  ] chifeature2graphselector.cpp:5039 GetFeatureHint() App did not set number of frames
08-20 14:10:32.939   962   962 D CHIUSECASE: [DEBUG  ] chifeature2graphselector.cpp:5039 GetFeatureHint() App did not set number of frames
08-20 14:10:33.015   962   962 D CHIUSECASE: [DEBUG  ] chifeature2graphselector.cpp:5039 GetFeatureHint() App did not set number of frames
08-20 14:10:33.071 31027 31256 I CameraView: invokeOnAverageFpsChanged(0.0)
08-20 14:10:33.104   962   962 D CHIUSECASE: [DEBUG  ] chifeature2graphselector.cpp:5039 GetFeatureHint() App did not set number of frames
08-20 14:10:33.135   962   962 D CHIUSECASE: [DEBUG  ] chifeature2graphselector.cpp:5039 GetFeatureHint() App did not set number of frames
08-20 14:10:33.214   962   962 D CHIUSECASE: [DEBUG  ] chifeature2graphselector.cpp:5039 GetFeatureHint() App did not set number of frames
08-20 14:10:33.284   962   962 D CHIUSECASE: [DEBUG  ] chifeature2graphselector.cpp:5039 GetFeatureHint() App did not set number of frames
08-20 14:10:33.339   962   962 D CHIUSECASE: [DEBUG  ] chifeature2graphselector.cpp:5039 GetFeatureHint() App did not set number of frames
08-20 14:10:33.423   962 15537 D CHIUSECASE: [DEBUG  ] chifeature2graphselector.cpp:5039 GetFeatureHint() App did not set number of frames
08-20 14:10:33.470   962 15537 D CHIUSECASE: [DEBUG  ] chifeature2graphselector.cpp:5039 GetFeatureHint() App did not set number of frames
08-20 14:10:33.544   962 15537 D CHIUSECASE: [DEBUG  ] chifeature2graphselector.cpp:5039 GetFeatureHint() App did not set number of frames
08-20 14:10:33.614   962 15537 D CHIUSECASE: [DEBUG  ] chifeature2graphselector.cpp:5039 GetFeatureHint() App did not set number of frames
08-20 14:10:33.676   962 15537 D CHIUSECASE: [DEBUG  ] chifeature2graphselector.cpp:5039 GetFeatureHint() App did not set number of frames
08-20 14:10:33.713   962 15537 D CHIUSECASE: [DEBUG  ] chifeature2graphselector.cpp:5039 GetFeatureHint() App did not set number of frames
08-20 14:10:33.805   962   962 D CHIUSECASE: [DEBUG  ] chifeature2graphselector.cpp:5039 GetFeatureHint() App did not set number of frames
08-20 14:10:33.838   962  1793 E CamX    : [ERROR][MEMMGR ] camximagebuffer.h:668 IsInValidUsageState() [ZSLPreviewRaw_LT1080p_com.qti.node.gpu2_OutputPortId4_ ][0xb40000733125d590] Client trying to use after releasing the ImageBuffer
08-20 14:10:33.874   962   962 D CHIUSECASE: [DEBUG  ] chifeature2graphselector.cpp:5039 GetFeatureHint() App did not set number of frames
08-20 14:10:33.927   962   962 D CHIUSECASE: [DEBUG  ] chifeature2graphselector.cpp:5039 GetFeatureHint() App did not set number of frames
08-20 14:10:34.021   962   962 D CHIUSECASE: [DEBUG  ] chifeature2graphselector.cpp:5039 GetFeatureHint() App did not set number of frames
08-20 14:10:34.072 31027 31256 I CameraView: invokeOnAverageFpsChanged(0.0)
08-20 14:10:34.081   962   962 D CHIUSECASE: [DEBUG  ] chifeature2graphselector.cpp:5039 GetFeatureHint() App did not set number of frames
08-20 14:10:34.137   962   962 D CHIUSECASE: [DEBUG  ] chifeature2graphselector.cpp:5039 GetFeatureHint() App did not set number of frames
08-20 14:10:34.206   962   962 D CHIUSECASE: [DEBUG  ] chifeature2graphselector.cpp:5039 GetFeatureHint() App did not set number of frames
08-20 14:10:34.264   962 15537 D CHIUSECASE: [DEBUG  ] chifeature2graphselector.cpp:5039 GetFeatureHint() App did not set number of frames
08-20 14:10:34.356   962 15537 D CHIUSECASE: [DEBUG  ] chifeature2graphselector.cpp:5039 GetFeatureHint() App did not set number of frames
08-20 14:10:34.402   962 15537 D CHIUSECASE: [DEBUG  ] chifeature2graphselector.cpp:5039 GetFeatureHint() App did not set number of frames
08-20 14:10:34.516   962 15537 D CHIUSECASE: [DEBUG  ] chifeature2graphselector.cpp:5039 GetFeatureHint() App did not set number of frames
08-20 14:10:34.546   962   962 D CHIUSECASE: [DEBUG  ] chifeature2graphselector.cpp:5039 GetFeatureHint() App did not set number of frames
08-20 14:10:34.607   962   962 D CHIUSECASE: [DEBUG  ] chifeature2graphselector.cpp:5039 GetFeatureHint() App did not set number of frames
08-20 14:10:34.679   962   962 D CHIUSECASE: [DEBUG  ] chifeature2graphselector.cpp:5039 GetFeatureHint() App did not set number of frames
08-20 14:10:34.725   962   962 D CHIUSECASE: [DEBUG  ] chifeature2graphselector.cpp:5039 GetFeatureHint() App did not set number of frames
08-20 14:10:34.805   962   962 D CHIUSECASE: [DEBUG  ] chifeature2graphselector.cpp:5039 GetFeatureHint() App did not set number of frames
08-20 14:10:34.881   962   962 D CHIUSECASE: [DEBUG  ] chifeature2graphselector.cpp:5039 GetFeatureHint() App did not set number of frames
08-20 14:10:34.931   962   962 D CHIUSECASE: [DEBUG  ] chifeature2graphselector.cpp:5039 GetFeatureHint() App did not set number of frames
08-20 14:10:35.023   962 15537 D CHIUSECASE: [DEBUG  ] chifeature2graphselector.cpp:5039 GetFeatureHint() App did not set number of frames
08-20 14:10:35.067   962 15537 D CHIUSECASE: [DEBUG  ] chifeature2graphselector.cpp:5039 GetFeatureHint() App did not set number of frames
08-20 14:10:35.072 31027 31256 I CameraView: invokeOnAverageFpsChanged(0.0)
08-20 14:10:35.139   962 15537 D CHIUSECASE: [DEBUG  ] chifeature2graphselector.cpp:5039 GetFeatureHint() App did not set number of frames
08-20 14:10:35.216   962 15537 D CHIUSECASE: [DEBUG  ] chifeature2graphselector.cpp:5039 GetFeatureHint() App did not set number of frames
08-20 14:10:35.262   962 15537 D CHIUSECASE: [DEBUG  ] chifeature2graphselector.cpp:5039 GetFeatureHint() App did not set number of frames
08-20 14:10:35.367   962 15537 D CHIUSECASE: [DEBUG  ] chifeature2graphselector.cpp:5039 GetFeatureHint() App did not set number of frames
08-20 14:10:35.405   962 15537 D CHIUSECASE: [DEBUG  ] chifeature2graphselector.cpp:5039 GetFeatureHint() App did not set number of frames
08-20 14:10:35.478   962 15537 D CHIUSECASE: [DEBUG  ] chifeature2graphselector.cpp:5039 GetFeatureHint() App did not set number of frames
08-20 14:10:35.530   962 15537 D CHIUSECASE: [DEBUG  ] chifeature2graphselector.cpp:5039 GetFeatureHint() App did not set number of frames
