08-20 14:10:12.224 31027 31224 I ReactNativeJS: 	  "videoStabilizationModes": [
08-20 14:10:12.224 31027 31224 I ReactNativeJS: 	    "off",
08-20 14:10:12.224 31027 31224 I ReactNativeJS: 	    "cinematic"
08-20 14:10:12.224 31027 31224 I ReactNativeJS: 	  ],
08-20 14:10:12.224 31027 31224 I ReactNativeJS: 	  "autoFocusSystem": "contrast-detection",
08-20 14:10:12.224 31027 31224 I ReactNativeJS: 	  "photoWidth": 4080,
08-20 14:10:12.224 31027 31224 I ReactNativeJS: 	  "supportsPhotoHdr": false,
08-20 14:10:12.224 31027 31224 I ReactNativeJS: 	  "supportsDepthCapture": false,
08-20 14:10:12.224 31027 31224 I ReactNativeJS: 	  "maxISO": 6400,
08-20 14:10:12.224 31027 31224 I ReactNativeJS: 	  "minISO": 100,
08-20 14:10:12.224 31027 31224 I ReactNativeJS: 	  "minFps": 10,
08-20 14:10:12.224 31027 31224 I ReactNativeJS: 	  "videoWidth": 1920,
08-20 14:10:12.224 31027 31224 I ReactNativeJS: 	  "supportsVideoHdr": false,
08-20 14:10:12.224 31027 31224 I ReactNativeJS: 	  "videoHeight": 1080,
08-20 14:10:12.224 31027 31224 I ReactNativeJS: 	  "fieldOfView": 75.04000877522147,
08-20 14:10:12.224 31027 31224 I ReactNativeJS: 	  "maxFps": 30,
08-20 14:10:12.224 31027 31224 I ReactNativeJS: 	  "photoHeight": 2296
08-20 14:10:12.224 31027 31224 I ReactNativeJS: 	}
08-20 14:10:12.224 31027 31224 I ReactNativeJS:       
08-20 14:10:12.238   962 15537 D CHIUSECASE: [DEBUG  ] chifeature2graphselector.cpp:5039 GetFeatureHint() App did not set number of frames
08-20 14:10:12.302   962 15537 D CHIUSECASE: [DEBUG  ] chifeature2graphselector.cpp:5039 GetFeatureHint() App did not set number of frames
08-20 14:10:12.313  2413  3259 D Avrcp_ext: AudioManager Player: AudioPlaybackConfiguration piid:71 deviceId:0 type:android.media.SoundPool u/pid:10353/2446 state:idle attr:AudioAttributes: usage=USAGE_ASSISTANCE_SONIFICATION content=CONTENT_TYPE_SONIFICATION flags=0x800 tags= bundle=null sessionId:0
08-20 14:10:12.313  2413  3259 D Avrcp_ext: AudioManager Player: AudioPlaybackConfiguration piid:87 deviceId:0 type:android.media.MediaPlayer u/pid:10343/2825 state:idle attr:AudioAttributes: usage=USAGE_MEDIA content=CONTENT_TYPE_MUSIC flags=0x800 tags= bundle=null sessionId:0
08-20 14:10:12.313  2413  3259 D Avrcp_ext: AudioManager Player: AudioPlaybackConfiguration piid:375 deviceId:0 type:android.media.SoundPool u/pid:10399/31027 state:idle attr:AudioAttributes: usage=USAGE_ASSISTANCE_SONIFICATION content=CONTENT_TYPE_SONIFICATION flags=0x801 tags= bundle=null sessionId:0
08-20 14:10:12.313  2413  3259 D Avrcp_ext: AudioManager Player: AudioPlaybackConfiguration piid:63 deviceId:0 type:android.media.SoundPool u/pid:1000/1817 state:idle attr:AudioAttributes: usage=USAGE_ASSISTANCE_SONIFICATION content=CONTENT_TYPE_SONIFICATION flags=0x800 tags= bundle=null sessionId:0
08-20 14:10:12.313  2413  3259 D Avrcp_ext: AudioManager Player: AudioPlaybackConfiguration piid:111 deviceId:0 type:android.media.SoundPool u/pid:1027/3944 state:idle attr:AudioAttributes: usage=USAGE_ASSISTANCE_SONIFICATION content=CONTENT_TYPE_SONIFICATION flags=0x800 tags= bundle=null sessionId:0
08-20 14:10:12.313  2413  3259 D Avrcp_ext: AudioManager Player: AudioPlaybackConfiguration piid:351 deviceId:0 type:android.media.MediaPlayer u/pid:10186/29537 state:idle attr:AudioAttributes: usage=USAGE_UNKNOWN content=CONTENT_TYPE_UNKNOWN flags=0x800 tags= bundle=null sessionId:0
08-20 14:10:12.313  2413  3259 D Avrcp_ext: AudioManager isPlaying: false, mAudioPlaybackIsActive = false
08-20 14:10:12.313  2413  3259 D Avrcp_ext: AudioManager Reset Active Player
08-20 14:10:12.314  2413  3259 D Avrcp_ext: AudioManager Player: AudioPlaybackConfiguration piid:71 deviceId:0 type:android.media.SoundPool u/pid:10353/2446 state:idle attr:AudioAttributes: usage=USAGE_ASSISTANCE_SONIFICATION content=CONTENT_TYPE_SONIFICATION flags=0x800 tags= bundle=null sessionId:0
08-20 14:10:12.314  2413  3259 D Avrcp_ext: AudioManager Player: AudioPlaybackConfiguration piid:87 deviceId:0 type:android.media.MediaPlayer u/pid:10343/2825 state:idle attr:AudioAttributes: usage=USAGE_MEDIA content=CONTENT_TYPE_MUSIC flags=0x800 tags= bundle=null sessionId:0
08-20 14:10:12.314  2413  3259 D Avrcp_ext: AudioManager Player: AudioPlaybackConfiguration piid:63 deviceId:0 type:android.media.SoundPool u/pid:1000/1817 state:idle attr:AudioAttributes: usage=USAGE_ASSISTANCE_SONIFICATION content=CONTENT_TYPE_SONIFICATION flags=0x800 tags= bundle=null sessionId:0
08-20 14:10:12.314  2413  3259 D Avrcp_ext: AudioManager Player: AudioPlaybackConfiguration piid:111 deviceId:0 type:android.media.SoundPool u/pid:1027/3944 state:idle attr:AudioAttributes: usage=USAGE_ASSISTANCE_SONIFICATION content=CONTENT_TYPE_SONIFICATION flags=0x800 tags= bundle=null sessionId:0
08-20 14:10:12.314  2413  3259 D Avrcp_ext: AudioManager Player: AudioPlaybackConfiguration piid:351 deviceId:0 type:android.media.MediaPlayer u/pid:10186/29537 state:idle attr:AudioAttributes: usage=USAGE_UNKNOWN content=CONTENT_TYPE_UNKNOWN flags=0x800 tags= bundle=null sessionId:0
08-20 14:10:12.315  2413  3259 D Avrcp_ext: AudioManager isPlaying: false, mAudioPlaybackIsActive = false
08-20 14:10:12.315  2413  3259 D Avrcp_ext: AudioManager Reset Active Player
08-20 14:10:12.323   962  1791 E CamX    : [ERROR][MEMMGR ] camximagebuffer.h:668 IsInValidUsageState() [ZSLPreviewRaw_LT1080p_com.qti.node.gpu2_OutputPortId4_ ][0xb4000073312c72a0] Client trying to use after releasing the ImageBuffer
08-20 14:10:12.339   962 15537 D CHIUSECASE: [DEBUG  ] chifeature2graphselector.cpp:5039 GetFeatureHint() App did not set number of frames
08-20 14:10:12.390   962 15537 D CHIUSECASE: [DEBUG  ] chifeature2graphselector.cpp:5039 GetFeatureHint() App did not set number of frames
08-20 14:10:12.440   962  1783 D CHIUSECASE: [DEBUG  ] chifeature2graphselector.cpp:5039 GetFeatureHint() App did not set number of frames
08-20 14:10:12.492   962  1783 D CHIUSECASE: [DEBUG  ] chifeature2graphselector.cpp:5039 GetFeatureHint() App did not set number of frames
08-20 14:10:12.508  4335  4376 W meweatherwidge: Reducing the number of considered missed Gc histogram windows from 151 to 100
08-20 14:10:12.541   962  1783 D CHIUSECASE: [DEBUG  ] chifeature2graphselector.cpp:5039 GetFeatureHint() App did not set number of frames
08-20 14:10:12.590   962  1783 D CHIUSECASE: [DEBUG  ] chifeature2graphselector.cpp:5039 GetFeatureHint() App did not set number of frames
08-20 14:10:12.626   971   971 I QTI PowerHAL: Power setBoost: 0, duration: 0
08-20 14:10:12.629   971   971 I QTI PowerHAL: Power setBoost: 0, duration: 0
08-20 14:10:12.640   962  1783 D CHIUSECASE: [DEBUG  ] chifeature2graphselector.cpp:5039 GetFeatureHint() App did not set number of frames
08-20 14:10:12.700   962  1783 D CHIUSECASE: [DEBUG  ] chifeature2graphselector.cpp:5039 GetFeatureHint() App did not set number of frames
08-20 14:10:12.725   962  1793 E CamX    : [ERROR][MEMMGR ] camximagebuffer.h:668 IsInValidUsageState() [ZSLPreviewRaw_LT1080p_com.qti.node.gpu2_OutputPortId4_ ][0xb4000073312ec950] Client trying to use after releasing the ImageBuffer
08-20 14:10:12.732   971   971 I QTI PowerHAL: Power setBoost: 0, duration: 0
08-20 14:10:12.733   971   971 I QTI PowerHAL: Power setBoost: 0, duration: 0
08-20 14:10:12.740   962  1783 D CHIUSECASE: [DEBUG  ] chifeature2graphselector.cpp:5039 GetFeatureHint() App did not set number of frames
08-20 14:10:12.744 31027 31224 I ReactNativeJS: starting capture
08-20 14:10:12.750 31027 31027 D CameraView: Finding view 3...
08-20 14:10:12.750 31027 31027 D CameraView: Found view 3!
08-20 14:10:12.751 31027 31234 I CameraView.takePhoto: Taking photo... Options: {enableShutterSound=true, flash=off}
08-20 14:10:12.753 31027 31236 D UseCaseAttachState: Active and attached use case: [androidx.camera.core.ImageCapture-d188ee05-9826-47b2-8c24-f131c927375d141721169, androidx.camera.core.Preview-69401ba6-fff6-4289-8820-35d4d781df9435706744] for camera: 0
08-20 14:10:12.754 31027 31027 D ImageCapture: takePictureInternal
08-20 14:10:12.754 31027 31027 D CameraOrientationUtil: getRelativeImageRotation: destRotationDegrees=0, sourceRotationDegrees=90, isOppositeFacing=true, result=90
08-20 14:10:12.754 31027 31027 D TakePictureManager: Issue the next TakePictureRequest.
08-20 14:10:12.758 31027 31236 D CaptureSession: Attempting to submit CaptureRequest after setting
08-20 14:10:12.758 31027 31236 D CaptureSession: Issuing request for session.
08-20 14:10:12.759 31027 31236 D Camera2CaptureRequestBuilder: createCaptureRequest
08-20 14:10:12.760 31027 31652 D MediaCodecList: codecHandlesFormat: no format, so no extra checks
08-20 14:10:12.760 31027 31652 D MediaCodecList: codecHandlesFormat: no format, so no extra checks
08-20 14:10:12.761 31027 31652 I MediaCodec: (0xb4000071da03aa90) init name(c2.android.vorbis.decoder)
08-20 14:10:12.762 31027 31653 D CCodec  : allocate(c2.android.vorbis.decoder)
08-20 14:10:12.764 31027 31653 I CCodec  : setting up 'default' as default (vendor) store
08-20 14:10:12.764  1422  2496 V C2Store : in init
08-20 14:10:12.764  1422  2496 V C2Store : loading dll
08-20 14:10:12.766 31027 31653 I CCodec  : Created component [c2.android.vorbis.decoder]
08-20 14:10:12.766 31027 31653 D CCodecConfig: read media type: audio/vorbis
08-20 14:10:12.768 31027 31653 D ReflectedParamUpdater: extent() != 1 for single value type: algo.buffers.max-count.values
08-20 14:10:12.768 31027 31653 D ReflectedParamUpdater: extent() != 1 for single value type: output.subscribed-indices.values
08-20 14:10:12.768 31027 31653 D ReflectedParamUpdater: extent() != 1 for single value type: input.buffers.allocator-ids.values
08-20 14:10:12.768 31027 31653 D ReflectedParamUpdater: extent() != 1 for single value type: output.buffers.allocator-ids.values
08-20 14:10:12.768 31027 31653 D ReflectedParamUpdater: extent() != 1 for single value type: algo.buffers.allocator-ids.values
08-20 14:10:12.768 31027 31653 D ReflectedParamUpdater: extent() != 1 for single value type: output.buffers.pool-ids.values
08-20 14:10:12.769 31027 31653 D ReflectedParamUpdater: extent() != 1 for single value type: algo.buffers.pool-ids.values
08-20 14:10:12.769 31027 31653 I CCodecConfig: query failed after returning 7 values (BAD_INDEX)
08-20 14:10:12.769 31027 31653 D CCodecConfig: c2 config diff is Dict {
08-20 14:10:12.769 31027 31653 D CCodecConfig:   c2::u32 coded.bitrate.value = 64000
08-20 14:10:12.769 31027 31653 D CCodecConfig:   c2::u32 input.buffers.max-size.value = 32768
08-20 14:10:12.769 31027 31653 D CCodecConfig:   c2::u32 input.delay.value = 0
08-20 14:10:12.769 31027 31653 D CCodecConfig:   string input.media-type.value = "audio/vorbis"
08-20 14:10:12.769 31027 31653 D CCodecConfig:   string output.media-type.value = "audio/raw"
08-20 14:10:12.769 31027 31653 D CCodecConfig:   c2::u32 raw.channel-count.value = 1
08-20 14:10:12.769 31027 31653 D CCodecConfig:   c2::u32 raw.sample-rate.value = 48000
08-20 14:10:12.769 31027 31653 D CCodecConfig: }
08-20 14:10:12.770 31027 31653 I MediaCodec: (0xb4000071da03aa90) Component Allocated (c2.android.vorbis.decoder)
08-20 14:10:12.770 31027 31652 I MediaCodec: (0xb4000071da03aa90) configure surface(0x0) crypto(0x0) flags(0)
08-20 14:10:12.770 31027 31652 D MediaCodec: (0xb4000071da03aa90) configure format: AMessage(what = 0x00000000) = {
08-20 14:10:12.770 31027 31652 D MediaCodec:       string mime = "audio/vorbis"
08-20 14:10:12.770 31027 31652 D MediaCodec:       int64_t durationUs = 149979
08-20 14:10:12.770 31027 31652 D MediaCodec:       int32_t track-id = 1
08-20 14:10:12.770 31027 31652 D MediaCodec:       Buffer csd-0 = {
08-20 14:10:12.770 31027 31652 D MediaCodec:         00000000:  01 76 6f 72 62 69 73 00  00 00 00 01 80 bb 00 00  .vorbis.........
08-20 14:10:12.770 31027 31652 D MediaCodec:         00000010:  00 00 00 00 30 a9 03 00  00 00 00 00 b8 01        ....0.........
08-20 14:10:12.770 31027 31652 D MediaCodec:       }
08-20 14:10:12.770 31027 31652 D MediaCodec:       Buffer *csd-1 = 0xb4000070ca017670
08-20 14:10:12.770 31027 31652 D MediaCodec:       int32_t bitrate = 239920
08-20 14:10:12.770 31027 31652 D MediaCodec:       int32_t channel-count = 1
08-20 14:10:12.770 31027 31652 D MediaCodec:       int32_t sample-rate = 48000
08-20 14:10:12.770 31027 31652 D MediaCodec:       int32_t channel-mask = 1
08-20 14:10:12.770 31027 31652 D MediaCodec:     }
08-20 14:10:12.770 31027 31653 D MediaCodec: flushMediametrics
08-20 14:10:12.770 31027 31653 D CCodec  : [c2.android.vorbis.decoder] buffers are bound to CCodec for this session
08-20 14:10:12.770 31027 31653 D CCodecConfig: no c2 equivalents for durationUs
08-20 14:10:12.770 31027 31653 D CCodecConfig: no c2 equivalents for track-id
08-20 14:10:12.770 31027 31653 D CCodecConfig: no c2 equivalents for csd-1
08-20 14:10:12.770 31027 31653 D CCodecConfig: no c2 equivalents for channel-mask
08-20 14:10:12.770 31027 31653 D CCodecConfig: no c2 equivalents for flags
08-20 14:10:12.771 31027 31653 D CCodecConfig: c2 config diff is   c2::u32 coded.bitrate.value = 239920
08-20 14:10:12.771 31027 31653 W Codec2Client: query -- param skipped: index = 1107298332.
08-20 14:10:12.771 31027 31653 D CCodec  : setup formats input: AMessage(what = 0x00000000) = {
08-20 14:10:12.771 31027 31653 D CCodec  :   int32_t bitrate = 239920
08-20 14:10:12.771 31027 31653 D CCodec  :   int32_t channel-count = 1
08-20 14:10:12.771 31027 31653 D CCodec  :   int32_t max-input-size = 32768
08-20 14:10:12.771 31027 31653 D CCodec  :   string mime = "audio/vorbis"
08-20 14:10:12.771 31027 31653 D CCodec  :   int32_t sample-rate = 48000
08-20 14:10:12.771 31027 31653 D CCodec  : }
08-20 14:10:12.771 31027 31653 D CCodec  : setup formats output: AMessage(what = 0x00000000) = {
08-20 14:10:12.771 31027 31653 D CCodec  :   int32_t channel-count = 1
08-20 14:10:12.771 31027 31653 D CCodec  :   string mime = "audio/raw"
08-20 14:10:12.771 31027 31653 D CCodec  :   int32_t sample-rate = 48000
08-20 14:10:12.771 31027 31653 D CCodec  :   int32_t channel-mask = 1
08-20 14:10:12.771 31027 31653 D CCodec  :   int32_t android._config-pcm-encoding = 2
08-20 14:10:12.771 31027 31653 D CCodec  : }
08-20 14:10:12.771 31027 31653 I CCodecConfig: query failed after returning 7 values (BAD_INDEX)
08-20 14:10:12.771 31027 31652 I MediaCodec: (0xb4000071da03aa90) start
08-20 14:10:12.772 31027 31653 W Codec2Client: query -- param skipped: index = 1342179345.
08-20 14:10:12.772 31027 31653 W Codec2Client: query -- param skipped: index = 2415921170.
08-20 14:10:12.773  1422  3230 D BufferPoolAccessor2.0: Destruction - bufferpool2 0xb400007c12c7b188 cached: 0/0M, 0/0% in use; allocs: 35, 94% recycled; transfers: 34, 94% unfetched
08-20 14:10:12.773 31027 31653 D CCodecBufferChannel: [c2.android.vorbis.decoder#800] Created input block pool with allocatorID 16 => poolID 21 - OK (0)
08-20 14:10:12.774 31027 31594 D BufferPoolAccessor2.0: Destruction - bufferpool2 0xb40000716a132dd8 cached: 0/0M, 0/0% in use; allocs: 7, 29% recycled; transfers: 74, 93% unfetched
08-20 14:10:12.775 31027 31653 I CCodecBufferChannel: [c2.android.vorbis.decoder#800] Created output block pool with allocatorID 16 => poolID 55 - OK
08-20 14:10:12.777 31027 31653 D CCodecBufferChannel: [c2.android.vorbis.decoder#800] Configured output block pool ids 55 => OK
08-20 14:10:12.777 31027 31653 D CCodecBufferChannel: [c2.android.vorbis.decoder#800] start: updating output delay 0
08-20 14:10:12.778  1422 31654 D SimpleC2Component: Using output block pool with poolID 55 => got 55 - 0
08-20 14:10:12.779 31027 31653 I CCodecBufferChannel: pipelineRoom(3) is <= numClientBuffers(3). Not signalling any more buffers to client
08-20 14:10:12.779 31027 31653 I MediaCodec: (0xb4000071da03aa90) kWhatStartCompleted
08-20 14:10:12.796   962  1783 D CHIUSECASE: [DEBUG  ] chifeature2graphselector.cpp:5039 GetFeatureHint() App did not set number of frames
08-20 14:10:12.828 31027 31652 I MediaCodec: (0xb4000071da03aa90) stop
08-20 14:10:12.828 31027 31653 D CCodecBufferChannel: [c2.android.vorbis.decoder#800] MediaCodec discarded an unknown buffer
08-20 14:10:12.828 31027 31653 D CCodecBufferChannel: [c2.android.vorbis.decoder#800] MediaCodec discarded an unknown buffer
08-20 14:10:12.828 31027 31653 D CCodecBufferChannel: [c2.android.vorbis.decoder#800] MediaCodec discarded an unknown buffer
08-20 14:10:12.829 31027 31652 I MediaCodec: (0xb4000071da03aa90) release
08-20 14:10:12.830  1422  3230 I hw-BpHwBinder: onLastStrongRef automatically unlinking death recipients
08-20 14:10:12.831  1422  3230 V C2Store : in ~ComponentModule
08-20 14:10:12.831  1422  3230 V C2Store : unloading dll
08-20 14:10:12.831 31027 31655 I hw-BpHwBinder: onLastStrongRef automatically unlinking death recipients
08-20 14:10:12.831 31027 31652 D MediaCodec: flushMediametrics
08-20 14:10:12.838   962  1783 D CHIUSECASE: [DEBUG  ] chifeature2graphselector.cpp:5039 GetFeatureHint() App did not set number of frames
08-20 14:10:12.888   962  1783 D CHIUSECASE: [DEBUG  ] chifeature2graphselector.cpp:5039 GetFeatureHint() App did not set number of frames
08-20 14:10:12.934   962  1783 D CHIUSECASE: [DEBUG  ] chifeature2graphselector.cpp:5039 GetFeatureHint() App did not set number of frames
08-20 14:10:12.934   962  1794 E CamX    : [ERROR][MEMMGR ] camximagebuffer.h:668 IsInValidUsageState() [ZSLPreviewRaw_LT1080p_com.qti.node.gpu2_OutputPortId4_ ][0xb4000073312c72a0] Client trying to use after releasing the ImageBuffer
08-20 14:10:12.998   962  1783 D CHIUSECASE: [DEBUG  ] chifeature2graphselector.cpp:5039 GetFeatureHint() App did not set number of frames
08-20 14:10:13.037   962  1783 D CHIUSECASE: [DEBUG  ] chifeature2graphselector.cpp:5039 GetFeatureHint() App did not set number of frames
08-20 14:10:13.067 31027 31256 I CameraView: invokeOnAverageFpsChanged(0.0)
08-20 14:10:13.106   962  1783 D CHIUSECASE: [DEBUG  ] chifeature2graphselector.cpp:5039 GetFeatureHint() App did not set number of frames
08-20 14:10:13.136   962  1783 D CHIUSECASE: [DEBUG  ] chifeature2graphselector.cpp:5039 GetFeatureHint() App did not set number of frames
08-20 14:10:13.146 31027 31237 D Camera2CameraImpl: {Camera@abb0f0[id=0]} Issue capture request
08-20 14:10:13.146 31027 31237 D CaptureSession: Issuing capture request.
08-20 14:10:13.149 31027 31237 D Camera2CaptureRequestBuilder: createCaptureRequest
08-20 14:10:13.175   962  1783 W CHIUSECASE: [WARN   ] chifeature2graphselector.cpp:7268 GetCustomVendorTag() noiseReductionModeValue = 2, m_isStreamMatchMFNR = 1
08-20 14:10:13.175   962  1783 W CHIUSECASE: [WARN   ] chxextensionmodule.cpp:5765 CanDoMFNR() Can do MFNR for the snapshot request: True
08-20 14:10:13.176   962  1783 D CHIUSECASE: [DEBUG  ] chifeature2graphselector.cpp:5039 GetFeatureHint() App did not set number of frames
08-20 14:10:13.176   962  1783 D CHIUSECASE: [DEBUG  ] chifeature2graphselector.cpp:5039 GetFeatureHint() App did not set number of frames
08-20 14:10:13.201   962  1783 D CHIUSECASE: [DEBUG  ] chifeature2graphselector.cpp:5039 GetFeatureHint() App did not set number of frames
08-20 14:10:13.243   962  1783 D CHIUSECASE: [DEBUG  ] chifeature2graphselector.cpp:5039 GetFeatureHint() App did not set number of frames
08-20 14:10:13.275   962  1791 E CamX    : [ERROR][MEMMGR ] camximagebuffer.h:668 IsInValidUsageState() [ZSLPreviewRaw_LT1080p_com.qti.node.gpu2_OutputPortId4_ ][0xb40000733122e460] Client trying to use after releasing the ImageBuffer
08-20 14:10:13.292   962  1783 D CHIUSECASE: [DEBUG  ] chifeature2graphselector.cpp:5039 GetFeatureHint() App did not set number of frames
08-20 14:10:13.346   962  1783 D CHIUSECASE: [DEBUG  ] chifeature2graphselector.cpp:5039 GetFeatureHint() App did not set number of frames
08-20 14:10:13.399   962  1783 D CHIUSECASE: [DEBUG  ] chifeature2graphselector.cpp:5039 GetFeatureHint() App did not set number of frames
08-20 14:10:13.429   962  1791 E CamX    : [ERROR][MEMMGR ] camximagebuffer.h:668 IsInValidUsageState() [ZSLPreviewRaw_LT1080p_com.qti.node.gpu2_OutputPortId4_ ][0xb40000733131fae0] Client trying to use after releasing the ImageBuffer
08-20 14:10:13.444   962  1783 D CHIUSECASE: [DEBUG  ] chifeature2graphselector.cpp:5039 GetFeatureHint() App did not set number of frames
08-20 14:10:13.478   962  1794 E CamX    : [ERROR][MEMMGR ] camximagebuffer.h:668 IsInValidUsageState() [ZSLPreviewRaw_LT1080p_com.qti.node.gpu2_OutputPortId4_ ][0xb40000733125d590] Client trying to use after releasing the ImageBuffer
08-20 14:10:13.490 31027 31027 I ImageCapture: Capture Started Duration from start: 736ms
08-20 14:10:13.493  1024 11427 D TimeCheck: startMonitoring for IAudioFlinger command 1 endTime 1538263003423
08-20 14:10:13.496  1024 11427 D APM_AudioPolicyManager: getOutputForAttrInt() attributes={ Content type: AUDIO_CONTENT_TYPE_SONIFICATION Usage: AUDIO_USAGE_ASSISTANCE_SONIFICATION Source: AUDIO_SOURCE_DEFAULT Flags: 0x800 Tags:  } stream=AUDIO_STREAM_SYSTEM session 625 selectedDeviceId 0
08-20 14:10:13.497   962  1783 D CHIUSECASE: [DEBUG  ] chifeature2graphselector.cpp:5039 GetFeatureHint() App did not set number of frames
08-20 14:10:13.499  1024 11427 D AF::TrackHandle: OpPlayAudio: track:72 usage:13 not muted
08-20 14:10:13.500  1024 11427 D TimeCheck: stopMonitoring for IAudioFlinger command 1 endTime 1538263003423
08-20 14:10:13.502 31027 31027 D AudioTrack: createTrack_l(115): AUDIO_OUTPUT_FLAG_FAST denied by server; frameCount 0 -> 7199
08-20 14:10:13.502 31027 31027 D AudioTrack: setVolume: mRelativePercentage:1.000000, left:1.000000, right:1.000000
08-20 14:10:13.503  1024  2301 W AudioFlinger: The package name(android) provided does not correspond to the uid 1041
08-20 14:10:13.509   957  2215 I EffectsFactory: EffectCreate() create_effect
08-20 14:10:13.509   957  2215 V DlbVolumeListener: Create Dolby Listener Effect.
08-20 14:10:13.509   957  2215 V DlbVolumeListener: create CREATED_CONTEXT 0xe8040d30
08-20 14:10:13.509   957  2215 I DlbVolumeListener: create() Created effect System Listener
08-20 14:10:13.509   957  2215 V DlbVolumeListener: effectGetDescriptor
08-20 14:10:13.509   957  2215 I DlbVolumeListener: effectGetDescriptor() Returning descriptor for System Listener
08-20 14:10:13.510   957  2215 V DlbVolumeListener: effectGetDescriptor
08-20 14:10:13.510   957  2215 I DlbVolumeListener: effectGetDescriptor() Returning descriptor for System Listener
08-20 14:10:13.510   957  2215 V DlbVolumeListener: effectCommand
08-20 14:10:13.510   957  2215 V DlbVolumeListener: effectCommand :: Command EFFECT_CMD_INIT
08-20 14:10:13.510   957  2215 V DlbVolumeListener: effectCommand
08-20 14:10:13.511   957  2215 V DlbVolumeListener: effectCommand
08-20 14:10:13.511   957  2215 V DlbVolumeListener: effectCommand :: Command EFFECT_CMD_SET_CONFIG
08-20 14:10:13.511   957  2215 V DlbVolumeListener: effectCommand
08-20 14:10:13.512  1024  2301 D APM_AudioPolicyManager: startOutput() output 13, stream 1, session 625
08-20 14:10:13.513 31027 31027 I CameraView: invokeOnShutter(PHOTO)
08-20 14:10:13.518   957  1949 V DlbVolumeListener: effectCommand
08-20 14:10:13.518   957  1949 V DlbVolumeListener: effectCommand :: Command EFFECT_CMD_ENABLE
08-20 14:10:13.519   957  1949 V DlbVolumeListener: effectCommand
08-20 14:10:13.519   957  1949 V DlbVolumeListener: Command EFFECT_CMD_SET_VOLUME
08-20 14:10:13.519   957  2310 D DlbDapEndpointParamCache: commit() Applying parameters for device 0x40000000
08-20 14:10:13.519   957  2310 D DlbDap2Process: setParam(preg = #1[-266])
08-20 14:10:13.519   957  2310 D DlbDapEndpointParamCache: doCommit() Committed 1 parameters out of 13.
08-20 14:10:13.519   957  2310 D DlbDapEndpointParamCache: commit() Overriding parameters for current device 0x00000002
08-20 14:10:13.519   957  2310 D DlbDapEndpointParamCache: doCommit() Committed 0 parameters out of 65.
08-20 14:10:13.675   962  1783 D CHIUSECASE: [DEBUG  ] chifeature2graphselector.cpp:5039 GetFeatureHint() App did not set number of frames
08-20 14:10:13.745   957  2216 V DlbVolumeListener: effectCommand
08-20 14:10:13.745   957  2216 V DlbVolumeListener: effectCommand :: Command EFFECT_CMD_DISABLE
08-20 14:10:13.745   957  2310 D DlbDapEndpointParamCache: commit() Applying parameters for device 0x40000000
08-20 14:10:13.746   957  2310 D DlbDap2Process: setParam(preg = #1[-2080])
08-20 14:10:13.746   957  2310 D DlbDapEndpointParamCache: doCommit() Committed 1 parameters out of 13.
08-20 14:10:13.746   957  2310 D DlbDapEndpointParamCache: commit() Overriding parameters for current device 0x00000002
08-20 14:10:13.746   957  2310 D DlbDapEndpointParamCache: doCommit() Committed 0 parameters out of 65.
08-20 14:10:13.746   957  1156 V DlbVolumeListener: release(handle=0xe8040d30)
08-20 14:10:13.747  1024  1421 D APM_AudioPolicyManager: stopOutput() output 13, stream 1, session 625
08-20 14:10:13.751   962  1783 D CHIUSECASE: [DEBUG  ] chifeature2graphselector.cpp:5039 GetFeatureHint() App did not set number of frames
08-20 14:10:13.795   962  1783 D CHIUSECASE: [DEBUG  ] chifeature2graphselector.cpp:5039 GetFeatureHint() App did not set number of frames
08-20 14:10:13.845   962  1783 D CHIUSECASE: [DEBUG  ] chifeature2graphselector.cpp:5039 GetFeatureHint() App did not set number of frames
08-20 14:10:13.892   962  1783 D CHIUSECASE: [DEBUG  ] chifeature2graphselector.cpp:5039 GetFeatureHint() App did not set number of frames
08-20 14:10:13.945   962  1783 D CHIUSECASE: [DEBUG  ] chifeature2graphselector.cpp:5039 GetFeatureHint() App did not set number of frames
08-20 14:10:13.991   962  1789 W CHIGPU  : [WARN   ] camxchinodegpu.cpp:5990 UpdateFlip() Retrieved metadata for com.lenovo.moto.control.flip_still: 0. Rotation: 1
08-20 14:10:13.991   962  1789 E CHIGPU  : [ERROR  ] camxchinodegpu.cpp:5678 ProcessRequest() [BYPASS] ProcessRequest GPU NOFLIP  0 , rotation = 1
08-20 14:10:13.993   962  1791 W CamX    : [ WARN][JPEG   ] camxjpegswencnode.cpp:1348 GetVendorTagValues() Invalid thumbnail dimensions received. So, output JPEG Thumb dims updated to default dims 320 180
08-20 14:10:13.994   962 15537 D CHIUSECASE: [DEBUG  ] chifeature2graphselector.cpp:5039 GetFeatureHint() App did not set number of frames
08-20 14:10:13.996   962  1791 E JPEG_SW_LIB: jpege_engine_hybrid_start : Source (WxH) = 4080 x 2296 
08-20 14:10:13.996   962  1791 E JPEG_SW_LIB: jpege_engine_hybrid_start : Source Rotation = 0 
08-20 14:10:13.996   962  1791 E JPEG_SW_LIB: jpege_engine_hybrid_start : Scale En = 0 
08-20 14:10:13.996   962  1791 E JPEG_SW_LIB: jpege_engine_hybrid_start : Stride En = 1 
08-20 14:10:13.996   962  1791 E JPEG_SW_LIB: jpege_engine_hybrid_start : Stride in Y = 4096 
08-20 14:10:13.996   962  1791 E JPEG_SW_LIB: jpege_engine_hybrid_start : Stride in UV = 4096 
08-20 14:10:13.996   962  1791 E JPEG_SW_LIB: jpege_engine_hybrid_start : Stride out Y = 0 
08-20 14:10:13.996   962  1791 E JPEG_SW_LIB: jpege_engine_hybrid_start : Stride out UV = 0 
08-20 14:10:13.996   962  1791 E JPEG_SW_LIB: jpege_engine_hybrid_configure : Slice Num = 0, Slice Height = 576 
08-20 14:10:13.996   962  1791 E JPEG_SW_LIB: jpege_engine_hybrid_configure : Slice Num = 1, Slice Height = 576 
08-20 14:10:13.996   962  1791 E JPEG_SW_LIB: jpege_engine_hybrid_configure : Slice Num = 2, Slice Height = 576 
08-20 14:10:13.996   962  1791 E JPEG_SW_LIB: jpege_engine_hybrid_configure : Slice Num = 3, Slice Height = 568 
08-20 14:10:14.032   962 31609 E JPEG_SW_LIB:  
08-20 14:10:14.032   962 31609 E JPEG_SW_LIB:  Encoding Completed 
08-20 14:10:14.032   962 31609 E JPEG_SW_LIB: jpege_engine_hybrid_start : Source (WxH) = 510 x 288 
08-20 14:10:14.032   962 31609 E JPEG_SW_LIB: jpege_engine_hybrid_start : Source Rotation = 0 
08-20 14:10:14.032   962 31609 E JPEG_SW_LIB: jpege_engine_hybrid_start : Scale En = 1 
08-20 14:10:14.032   962 31609 E JPEG_SW_LIB: jpege_engine_hybrid_start : Scale in W = 510 
08-20 14:10:14.032   962 31609 E JPEG_SW_LIB: jpege_engine_hybrid_start : Scale in H = 288 
08-20 14:10:14.032   962 31609 E JPEG_SW_LIB: jpege_engine_hybrid_start : Scale out W = 320 
08-20 14:10:14.032   962 31609 E JPEG_SW_LIB: jpege_engine_hybrid_start : Scale out H = 180 
08-20 14:10:14.032   962 31609 E JPEG_SW_LIB: jpege_engine_hybrid_start : Stride En = 0 
08-20 14:10:14.032   962 31609 E JPEG_SW_LIB: jpege_engine_hybrid_configure : Slice Num = 0, Slice Height = 48 
08-20 14:10:14.032   962 31609 E JPEG_SW_LIB: jpege_engine_hybrid_configure : Slice Num = 1, Slice Height = 48 
08-20 14:10:14.032   962 31609 E JPEG_SW_LIB: jpege_engine_hybrid_configure : Slice Num = 2, Slice Height = 48 
08-20 14:10:14.032   962 31609 E JPEG_SW_LIB: jpege_engine_hybrid_configure : Slice Num = 3, Slice Height = 36 
08-20 14:10:14.033   962 31615 E JPEG_SW_LIB:  
08-20 14:10:14.033   962 31615 E JPEG_SW_LIB:  Encoding Completed 
08-20 14:10:14.043 31027 31027 D qdgralloc: GetYUVPlaneInfo: Invalid format passed: 0x21
08-20 14:10:14.046 31027 31027 D TakePictureManager: Issue the next TakePictureRequest.
08-20 14:10:14.046 31027 31027 D TakePictureManager: No new request.
08-20 14:10:14.052   962 15537 D CHIUSECASE: [DEBUG  ] chifeature2graphselector.cpp:5039 GetFeatureHint() App did not set number of frames
08-20 14:10:14.068 31027 31256 I CameraView: invokeOnAverageFpsChanged(0.0)
08-20 14:10:14.072   962  1790 E CamX    : [ERROR][MEMMGR ] camximagebuffer.h:668 IsInValidUsageState() [ZSLPreviewRaw_LT1080p_com.qti.node.gpu2_OutputPortId4_ ][0xb40000733125d590] Client trying to use after releasing the ImageBuffer
08-20 14:10:14.076 31027 31234 I ImageCapture: Image Saved Duration from start: 1322ms
08-20 14:10:14.078 31027 31238 I CameraView.takePhoto: Successfully captured 4080 x 2296 photo!
08-20 14:10:14.080 31027 31224 I ReactNativeJS: Capture completed
08-20 14:10:14.080 31027 31224 I ReactNativeJS:       
08-20 14:10:14.080 31027 31224 I ReactNativeJS:       	Duration: 1336ms
08-20 14:10:14.080 31027 31224 I ReactNativeJS:       	Device name: 0 (BACK) androidx.camera.camera2
08-20 14:10:14.080 31027 31224 I ReactNativeJS:       	Format: {
08-20 14:10:14.080 31027 31224 I ReactNativeJS: 	  "videoStabilizationModes": [
08-20 14:10:14.080 31027 31224 I ReactNativeJS: 	    "off",
08-20 14:10:14.080 31027 31224 I ReactNativeJS: 	    "cinematic"
08-20 14:10:14.080 31027 31224 I ReactNativeJS: 	  ],
08-20 14:10:14.080 31027 31224 I ReactNativeJS: 	  "autoFocusSystem": "contrast-detection",
08-20 14:10:14.080 31027 31224 I ReactNativeJS: 	  "photoWidth": 4080,
08-20 14:10:14.080 31027 31224 I ReactNativeJS: 	  "supportsPhotoHdr": false,
08-20 14:10:14.080 31027 31224 I ReactNativeJS: 	  "supportsDepthCapture": false,
08-20 14:10:14.080 31027 31224 I ReactNativeJS: 	  "maxISO": 6400,
08-20 14:10:14.080 31027 31224 I ReactNativeJS: 	  "minISO": 100,
08-20 14:10:14.080 31027 31224 I ReactNativeJS: 	  "minFps": 10,
08-20 14:10:14.080 31027 31224 I ReactNativeJS: 	  "videoWidth": 1920,
08-20 14:10:14.080 31027 31224 I ReactNativeJS: 	  "supportsVideoHdr": false,
08-20 14:10:14.080 31027 31224 I ReactNativeJS: 	  "videoHeight": 1080,
08-20 14:10:14.080 31027 31224 I ReactNativeJS: 	  "fieldOfView": 75.04000877522147,
08-20 14:10:14.080 31027 31224 I ReactNativeJS: 	  "maxFps": 30,
08-20 14:10:14.080 31027 31224 I ReactNativeJS: 	  "photoHeight": 2296
08-20 14:10:14.080 31027 31224 I ReactNativeJS: 	}
08-20 14:10:14.080 31027 31224 I ReactNativeJS:       
08-20 14:10:14.103   962 15537 D CHIUSECASE: [DEBUG  ] chifeature2graphselector.cpp:5039 GetFeatureHint() App did not set number of frames
08-20 14:10:14.148   962 15537 D CHIUSECASE: [DEBUG  ] chifeature2graphselector.cpp:5039 GetFeatureHint() App did not set number of frames
08-20 14:10:14.178  2413  3259 D Avrcp_ext: AudioManager Player: AudioPlaybackConfiguration piid:71 deviceId:0 type:android.media.SoundPool u/pid:10353/2446 state:idle attr:AudioAttributes: usage=USAGE_ASSISTANCE_SONIFICATION content=CONTENT_TYPE_SONIFICATION flags=0x800 tags= bundle=null sessionId:0
08-20 14:10:14.178  2413  3259 D Avrcp_ext: AudioManager Player: AudioPlaybackConfiguration piid:87 deviceId:0 type:android.media.MediaPlayer u/pid:10343/2825 state:idle attr:AudioAttributes: usage=USAGE_MEDIA content=CONTENT_TYPE_MUSIC flags=0x800 tags= bundle=null sessionId:0
08-20 14:10:14.178  2413  3259 D Avrcp_ext: AudioManager Player: AudioPlaybackConfiguration piid:63 deviceId:0 type:android.media.SoundPool u/pid:1000/1817 state:idle attr:AudioAttributes: usage=USAGE_ASSISTANCE_SONIFICATION content=CONTENT_TYPE_SONIFICATION flags=0x800 tags= bundle=null sessionId:0
08-20 14:10:14.178  2413  3259 D Avrcp_ext: AudioManager Player: AudioPlaybackConfiguration piid:111 deviceId:0 type:android.media.SoundPool u/pid:1027/3944 state:idle attr:AudioAttributes: usage=USAGE_ASSISTANCE_SONIFICATION content=CONTENT_TYPE_SONIFICATION flags=0x800 tags= bundle=null sessionId:0
08-20 14:10:14.178  2413  3259 D Avrcp_ext: AudioManager Player: AudioPlaybackConfiguration piid:351 deviceId:0 type:android.media.MediaPlayer u/pid:10186/29537 state:idle attr:AudioAttributes: usage=USAGE_UNKNOWN content=CONTENT_TYPE_UNKNOWN flags=0x800 tags= bundle=null sessionId:0
08-20 14:10:14.178  2413  3259 D Avrcp_ext: AudioManager isPlaying: false, mAudioPlaybackIsActive = false
08-20 14:10:14.178  2413  3259 D Avrcp_ext: AudioManager Reset Active Player
08-20 14:10:14.186   962 15537 D CHIUSECASE: [DEBUG  ] chifeature2graphselector.cpp:5039 GetFeatureHint() App did not set number of frames
08-20 14:10:14.241   962 15537 D CHIUSECASE: [DEBUG  ] chifeature2graphselector.cpp:5039 GetFeatureHint() App did not set number of frames
08-20 14:10:14.304   962 15537 D CHIUSECASE: [DEBUG  ] chifeature2graphselector.cpp:5039 GetFeatureHint() App did not set number of frames
08-20 14:10:14.343   962 15537 D CHIUSECASE: [DEBUG  ] chifeature2graphselector.cpp:5039 GetFeatureHint() App did not set number of frames
08-20 14:10:14.379   962  1791 E CamX    : [ERROR][MEMMGR ] camximagebuffer.h:668 IsInValidUsageState() [ZSLPreviewRaw_LT1080p_com.qti.node.gpu2_OutputPortId4_ ][0xb40000733125d590] Client trying to use after releasing the ImageBuffer
08-20 14:10:14.393   962 15537 D CHIUSECASE: [DEBUG  ] chifeature2graphselector.cpp:5039 GetFeatureHint() App did not set number of frames
08-20 14:10:14.460   962  1783 D CHIUSECASE: [DEBUG  ] chifeature2graphselector.cpp:5039 GetFeatureHint() App did not set number of frames
08-20 14:10:14.480   962  1791 E CamX    : [ERROR][MEMMGR ] camximagebuffer.h:668 IsInValidUsageState() [ZSLPreviewRaw_LT1080p_com.qti.node.gpu2_OutputPortId4_ ][0xb40000733122e460] Client trying to use after releasing the ImageBuffer
08-20 14:10:14.496   962 15537 D CHIUSECASE: [DEBUG  ] chifeature2graphselector.cpp:5039 GetFeatureHint() App did not set number of frames
08-20 14:10:14.521   971   971 I QTI PowerHAL: Power setBoost: 0, duration: 0
08-20 14:10:14.522   971   971 I QTI PowerHAL: Power setBoost: 0, duration: 0
08-20 14:10:14.545   962  1783 D CHIUSECASE: [DEBUG  ] chifeature2graphselector.cpp:5039 GetFeatureHint() App did not set number of frames
08-20 14:10:14.602   962  1783 D CHIUSECASE: [DEBUG  ] chifeature2graphselector.cpp:5039 GetFeatureHint() App did not set number of frames
08-20 14:10:14.636   962  1783 D CHIUSECASE: [DEBUG  ] chifeature2graphselector.cpp:5039 GetFeatureHint() App did not set number of frames
08-20 14:10:14.637   971   971 I QTI PowerHAL: Power setBoost: 0, duration: 0
08-20 14:10:14.637   971   971 I QTI PowerHAL: Power setBoost: 0, duration: 0
08-20 14:10:14.644 31027 31224 I ReactNativeJS: starting capture
08-20 14:10:14.650 31027 31027 D CameraView: Finding view 3...
08-20 14:10:14.650 31027 31027 D CameraView: Found view 3!
08-20 14:10:14.652 31027 31238 I CameraView.takePhoto: Taking photo... Options: {enableShutterSound=true, flash=off}
08-20 14:10:14.654 31027 31237 D UseCaseAttachState: Active and attached use case: [androidx.camera.core.ImageCapture-d188ee05-9826-47b2-8c24-f131c927375d141721169, androidx.camera.core.Preview-69401ba6-fff6-4289-8820-35d4d781df9435706744] for camera: 0
08-20 14:10:14.654 31027 31027 D ImageCapture: takePictureInternal
08-20 14:10:14.655 31027 31027 D CameraOrientationUtil: getRelativeImageRotation: destRotationDegrees=0, sourceRotationDegrees=90, isOppositeFacing=true, result=90
08-20 14:10:14.655 31027 31027 D TakePictureManager: Issue the next TakePictureRequest.
08-20 14:10:14.658 31027 31237 D CaptureSession: Attempting to submit CaptureRequest after setting
08-20 14:10:14.658 31027 31237 D CaptureSession: Issuing request for session.
08-20 14:10:14.658 31027 31237 D Camera2CaptureRequestBuilder: createCaptureRequest
08-20 14:10:14.665 31027 31662 D MediaCodecList: codecHandlesFormat: no format, so no extra checks
08-20 14:10:14.665 31027 31662 D MediaCodecList: codecHandlesFormat: no format, so no extra checks
08-20 14:10:14.666 31027 31662 I MediaCodec: (0xb4000071da049b80) init name(c2.android.vorbis.decoder)
08-20 14:10:14.666 31027 31663 D CCodec  : allocate(c2.android.vorbis.decoder)
08-20 14:10:14.668 31027 31663 I CCodec  : setting up 'default' as default (vendor) store
08-20 14:10:14.668  1422  3230 V C2Store : in init
08-20 14:10:14.668  1422  3230 V C2Store : loading dll
08-20 14:10:14.669 31027 31663 I CCodec  : Created component [c2.android.vorbis.decoder]
08-20 14:10:14.670 31027 31663 D CCodecConfig: read media type: audio/vorbis
08-20 14:10:14.672 31027 31663 D ReflectedParamUpdater: extent() != 1 for single value type: algo.buffers.max-count.values
08-20 14:10:14.674 31027 31663 D ReflectedParamUpdater: extent() != 1 for single value type: output.subscribed-indices.values
08-20 14:10:14.674 31027 31663 D ReflectedParamUpdater: extent() != 1 for single value type: input.buffers.allocator-ids.values
08-20 14:10:14.674 31027 31663 D ReflectedParamUpdater: extent() != 1 for single value type: output.buffers.allocator-ids.values
08-20 14:10:14.674 31027 31663 D ReflectedParamUpdater: extent() != 1 for single value type: algo.buffers.allocator-ids.values
08-20 14:10:14.675 31027 31663 D ReflectedParamUpdater: extent() != 1 for single value type: output.buffers.pool-ids.values
08-20 14:10:14.675 31027 31663 D ReflectedParamUpdater: extent() != 1 for single value type: algo.buffers.pool-ids.values
08-20 14:10:14.675 31027 31663 I CCodecConfig: query failed after returning 7 values (BAD_INDEX)
08-20 14:10:14.676 31027 31663 D CCodecConfig: c2 config diff is Dict {
08-20 14:10:14.676 31027 31663 D CCodecConfig:   c2::u32 coded.bitrate.value = 64000
08-20 14:10:14.676 31027 31663 D CCodecConfig:   c2::u32 input.buffers.max-size.value = 32768
08-20 14:10:14.676 31027 31663 D CCodecConfig:   c2::u32 input.delay.value = 0
08-20 14:10:14.676 31027 31663 D CCodecConfig:   string input.media-type.value = "audio/vorbis"
08-20 14:10:14.676 31027 31663 D CCodecConfig:   string output.media-type.value = "audio/raw"
08-20 14:10:14.676 31027 31663 D CCodecConfig:   c2::u32 raw.channel-count.value = 1
08-20 14:10:14.676 31027 31663 D CCodecConfig:   c2::u32 raw.sample-rate.value = 48000
08-20 14:10:14.676 31027 31663 D CCodecConfig: }
08-20 14:10:14.676 31027 31663 I MediaCodec: (0xb4000071da049b80) Component Allocated (c2.android.vorbis.decoder)
08-20 14:10:14.677 31027 31662 I MediaCodec: (0xb4000071da049b80) configure surface(0x0) crypto(0x0) flags(0)
08-20 14:10:14.677 31027 31662 D MediaCodec: (0xb4000071da049b80) configure format: AMessage(what = 0x00000000) = {
08-20 14:10:14.677 31027 31662 D MediaCodec:       string mime = "audio/vorbis"
08-20 14:10:14.677 31027 31662 D MediaCodec:       int64_t durationUs = 149979
08-20 14:10:14.677 31027 31662 D MediaCodec:       int32_t track-id = 1
08-20 14:10:14.677 31027 31662 D MediaCodec:       Buffer csd-0 = {
08-20 14:10:14.677 31027 31662 D MediaCodec:         00000000:  01 76 6f 72 62 69 73 00  00 00 00 01 80 bb 00 00  .vorbis.........
08-20 14:10:14.677 31027 31662 D MediaCodec:         00000010:  00 00 00 00 30 a9 03 00  00 00 00 00 b8 01        ....0.........
08-20 14:10:14.677 31027 31662 D MediaCodec:       }
08-20 14:10:14.677 31027 31662 D MediaCodec:       Buffer *csd-1 = 0xb4000070c9fecb00
08-20 14:10:14.677 31027 31662 D MediaCodec:       int32_t bitrate = 239920
08-20 14:10:14.677 31027 31662 D MediaCodec:       int32_t channel-count = 1
08-20 14:10:14.677 31027 31662 D MediaCodec:       int32_t sample-rate = 48000
08-20 14:10:14.677 31027 31662 D MediaCodec:       int32_t channel-mask = 1
08-20 14:10:14.677 31027 31662 D MediaCodec:     }
08-20 14:10:14.677 31027 31663 D MediaCodec: flushMediametrics
08-20 14:10:14.677 31027 31663 D CCodec  : [c2.android.vorbis.decoder] buffers are bound to CCodec for this session
08-20 14:10:14.677 31027 31663 D CCodecConfig: no c2 equivalents for durationUs
08-20 14:10:14.677 31027 31663 D CCodecConfig: no c2 equivalents for track-id
08-20 14:10:14.677 31027 31663 D CCodecConfig: no c2 equivalents for csd-1
08-20 14:10:14.677 31027 31663 D CCodecConfig: no c2 equivalents for channel-mask
08-20 14:10:14.677 31027 31663 D CCodecConfig: no c2 equivalents for flags
08-20 14:10:14.678 31027 31663 D CCodecConfig: c2 config diff is   c2::u32 coded.bitrate.value = 239920
08-20 14:10:14.678 31027 31663 W Codec2Client: query -- param skipped: index = 1107298332.
08-20 14:10:14.678 31027 31663 D CCodec  : setup formats input: AMessage(what = 0x00000000) = {
08-20 14:10:14.678 31027 31663 D CCodec  :   int32_t bitrate = 239920
08-20 14:10:14.678 31027 31663 D CCodec  :   int32_t channel-count = 1
08-20 14:10:14.678 31027 31663 D CCodec  :   int32_t max-input-size = 32768
08-20 14:10:14.678 31027 31663 D CCodec  :   string mime = "audio/vorbis"
08-20 14:10:14.678 31027 31663 D CCodec  :   int32_t sample-rate = 48000
08-20 14:10:14.678 31027 31663 D CCodec  : }
08-20 14:10:14.678 31027 31663 D CCodec  : setup formats output: AMessage(what = 0x00000000) = {
08-20 14:10:14.678 31027 31663 D CCodec  :   int32_t channel-count = 1
08-20 14:10:14.678 31027 31663 D CCodec  :   string mime = "audio/raw"
08-20 14:10:14.678 31027 31663 D CCodec  :   int32_t sample-rate = 48000
08-20 14:10:14.678 31027 31663 D CCodec  :   int32_t channel-mask = 1
08-20 14:10:14.678 31027 31663 D CCodec  :   int32_t android._config-pcm-encoding = 2
08-20 14:10:14.678 31027 31663 D CCodec  : }
08-20 14:10:14.678 31027 31663 I CCodecConfig: query failed after returning 7 values (BAD_INDEX)
08-20 14:10:14.679 31027 31662 I MediaCodec: (0xb4000071da049b80) start
08-20 14:10:14.681 31027 31663 W Codec2Client: query -- param skipped: index = 1342179345.
08-20 14:10:14.681 31027 31663 W Codec2Client: query -- param skipped: index = 2415921170.
08-20 14:10:14.682 31027 31663 D CCodecBufferChannel: [c2.android.vorbis.decoder#767] Created input block pool with allocatorID 16 => poolID 22 - OK (0)
08-20 14:10:14.683  1422  3230 D BufferPoolAccessor2.0: bufferpool2 0xb400007c12c7a5f8 : 0(0 size) total buffers - 0(0 size) used buffers - 32/35 (recycle/alloc) - 3/34 (fetch/transfer)
08-20 14:10:14.683  1422  3230 D BufferPoolAccessor2.0: Destruction - bufferpool2 0xb400007c12c7a5f8 cached: 0/0M, 0/0% in use; allocs: 35, 91% recycled; transfers: 34, 91% unfetched
08-20 14:10:14.684 31027 31594 D BufferPoolAccessor2.0: bufferpool2 0xb40000716a133718 : 0(0 size) total buffers - 0(0 size) used buffers - 2/7 (recycle/alloc) - 5/74 (fetch/transfer)
08-20 14:10:14.684 31027 31594 D BufferPoolAccessor2.0: Destruction - bufferpool2 0xb40000716a133718 cached: 0/0M, 0/0% in use; allocs: 7, 29% recycled; transfers: 74, 93% unfetched
08-20 14:10:14.684 31027 31663 I CCodecBufferChannel: [c2.android.vorbis.decoder#767] Created output block pool with allocatorID 16 => poolID 56 - OK
08-20 14:10:14.684 31027 31663 D CCodecBufferChannel: [c2.android.vorbis.decoder#767] Configured output block pool ids 56 => OK
08-20 14:10:14.684 31027 31663 D CCodecBufferChannel: [c2.android.vorbis.decoder#767] start: updating output delay 0
08-20 14:10:14.685 31027 31663 I CCodecBufferChannel: pipelineRoom(3) is <= numClientBuffers(3). Not signalling any more buffers to client
08-20 14:10:14.685 31027 31663 I MediaCodec: (0xb4000071da049b80) kWhatStartCompleted
08-20 14:10:14.685  1422 31664 D SimpleC2Component: Using output block pool with poolID 56 => got 56 - 0
08-20 14:10:14.687 31027 31663 I CCodecBufferChannel: pipelineRoom(2) is <= numClientBuffers(2). Not signalling any more buffers to client
08-20 14:10:14.687 31027 31663 I CCodecBufferChannel: pipelineRoom(1) is <= numClientBuffers(1). Not signalling any more buffers to client
08-20 14:10:14.700   962  1783 D CHIUSECASE: [DEBUG  ] chifeature2graphselector.cpp:5039 GetFeatureHint() App did not set number of frames
08-20 14:10:14.733 31027 31662 I MediaCodec: (0xb4000071da049b80) stop
08-20 14:10:14.733 31027 31663 D CCodecBufferChannel: [c2.android.vorbis.decoder#767] MediaCodec discarded an unknown buffer
08-20 14:10:14.733 31027 31663 D CCodecBufferChannel: [c2.android.vorbis.decoder#767] MediaCodec discarded an unknown buffer
08-20 14:10:14.733 31027 31663 D CCodecBufferChannel: [c2.android.vorbis.decoder#767] MediaCodec discarded an unknown buffer
08-20 14:10:14.734 31027 31662 I MediaCodec: (0xb4000071da049b80) release
08-20 14:10:14.734 31027 31663 I hw-BpHwBinder: onLastStrongRef automatically unlinking death recipients
08-20 14:10:14.734  1422  2544 I hw-BpHwBinder: onLastStrongRef automatically unlinking death recipients
08-20 14:10:14.735  1422  2544 V C2Store : in ~ComponentModule
08-20 14:10:14.735  1422  2544 V C2Store : unloading dll
08-20 14:10:14.736 31027 31662 D MediaCodec: flushMediametrics
08-20 14:10:14.741   962  1783 D CHIUSECASE: [DEBUG  ] chifeature2graphselector.cpp:5039 GetFeatureHint() App did not set number of frames
08-20 14:10:14.772   962  1791 E CamX    : [ERROR][MEMMGR ] camximagebuffer.h:668 IsInValidUsageState() [ZSLPreviewRaw_LT1080p_com.qti.node.gpu2_OutputPortId4_ ][0xb40000733122e460] Client trying to use after releasing the ImageBuffer
08-20 14:10:14.796   962  1783 D CHIUSECASE: [DEBUG  ] chifeature2graphselector.cpp:5039 GetFeatureHint() App did not set number of frames
08-20 14:10:14.841   962  1783 D CHIUSECASE: [DEBUG  ] chifeature2graphselector.cpp:5039 GetFeatureHint() App did not set number of frames
08-20 14:10:14.878   962  1791 E CamX    : [ERROR][MEMMGR ] camximagebuffer.h:668 IsInValidUsageState() [ZSLPreviewRaw_LT1080p_com.qti.node.gpu2_OutputPortId4_ ][0xb400007331320150] Client trying to use after releasing the ImageBuffer
08-20 14:10:14.901   962  1783 D CHIUSECASE: [DEBUG  ] chifeature2graphselector.cpp:5039 GetFeatureHint() App did not set number of frames
08-20 14:10:14.939   962  1783 D CHIUSECASE: [DEBUG  ] chifeature2graphselector.cpp:5039 GetFeatureHint() App did not set number of frames
08-20 14:10:14.984   962  1783 D CHIUSECASE: [DEBUG  ] chifeature2graphselector.cpp:5039 GetFeatureHint() App did not set number of frames
08-20 14:10:15.023   962  1790 E CamX    : [ERROR][MEMMGR ] camximagebuffer.h:668 IsInValidUsageState() [ZSLPreviewRaw_LT1080p_com.qti.node.gpu2_OutputPortId4_ ][0xb4000073312c72a0] Client trying to use after releasing the ImageBuffer
08-20 14:10:15.035 31027 31237 D Camera2CameraImpl: {Camera@abb0f0[id=0]} Issue capture request
08-20 14:10:15.035 31027 31237 D CaptureSession: Issuing capture request.
08-20 14:10:15.037 31027 31237 D Camera2CaptureRequestBuilder: createCaptureRequest
08-20 14:10:15.048   962  1783 D CHIUSECASE: [DEBUG  ] chifeature2graphselector.cpp:5039 GetFeatureHint() App did not set number of frames
08-20 14:10:15.068 31027 31256 I CameraView: invokeOnAverageFpsChanged(0.0)
08-20 14:10:15.075   962  1783 W CHIUSECASE: [WARN   ] chifeature2graphselector.cpp:7268 GetCustomVendorTag() noiseReductionModeValue = 2, m_isStreamMatchMFNR = 1
08-20 14:10:15.075   962  1783 W CHIUSECASE: [WARN   ] chxextensionmodule.cpp:5765 CanDoMFNR() Can do MFNR for the snapshot request: True
08-20 14:10:15.075   962  1783 D CHIUSECASE: [DEBUG  ] chifeature2graphselector.cpp:5039 GetFeatureHint() App did not set number of frames
08-20 14:10:15.076   962  1783 D CHIUSECASE: [DEBUG  ] chifeature2graphselector.cpp:5039 GetFeatureHint() App did not set number of frames
08-20 14:10:15.088   962  1783 D CHIUSECASE: [DEBUG  ] chifeature2graphselector.cpp:5039 GetFeatureHint() App did not set number of frames
08-20 14:10:15.139   962  1783 D CHIUSECASE: [DEBUG  ] chifeature2graphselector.cpp:5039 GetFeatureHint() App did not set number of frames
08-20 14:10:15.176   962  1789 E CamX    : [ERROR][MEMMGR ] camximagebuffer.h:668 IsInValidUsageState() [ZSLPreviewRaw_LT1080p_com.qti.node.gpu2_OutputPortId4_ ][0xb400007331320150] Client trying to use after releasing the ImageBuffer
08-20 14:10:15.189   962  1783 D CHIUSECASE: [DEBUG  ] chifeature2graphselector.cpp:5039 GetFeatureHint() App did not set number of frames
08-20 14:10:15.240   962  1783 D CHIUSECASE: [DEBUG  ] chifeature2graphselector.cpp:5039 GetFeatureHint() App did not set number of frames
08-20 14:10:15.296   962 15537 D CHIUSECASE: [DEBUG  ] chifeature2graphselector.cpp:5039 GetFeatureHint() App did not set number of frames
08-20 14:10:15.357   962 15537 D CHIUSECASE: [DEBUG  ] chifeature2graphselector.cpp:5039 GetFeatureHint() App did not set number of frames
08-20 14:10:15.392 31027 31027 I ImageCapture: Capture Started Duration from start: 738ms
08-20 14:10:15.395  1024 11427 D TimeCheck: startMonitoring for IAudioFlinger command 1 endTime 1540164902693
08-20 14:10:15.399  1024 11427 D APM_AudioPolicyManager: getOutputForAttrInt() attributes={ Content type: AUDIO_CONTENT_TYPE_SONIFICATION Usage: AUDIO_USAGE_ASSISTANCE_SONIFICATION Source: AUDIO_SOURCE_DEFAULT Flags: 0x800 Tags:  } stream=AUDIO_STREAM_SYSTEM session 633 selectedDeviceId 0
08-20 14:10:15.402  1024 11427 D AF::TrackHandle: OpPlayAudio: track:73 usage:13 not muted
08-20 14:10:15.403   962 15537 D CHIUSECASE: [DEBUG  ] chifeature2graphselector.cpp:5039 GetFeatureHint() App did not set number of frames
08-20 14:10:15.403  1024 11427 D TimeCheck: stopMonitoring for IAudioFlinger command 1 endTime 1540164902693
