08-20 14:10:18.853 31027 31683 D MediaCodecList: codecHandlesFormat: no format, so no extra checks
08-20 14:10:18.853 31027 31683 I MediaCodec: (0xb4000071da049b80) init name(c2.android.vorbis.decoder)
08-20 14:10:18.854 31027 31684 D CCodec  : allocate(c2.android.vorbis.decoder)
08-20 14:10:18.855 31027 31684 I CCodec  : setting up 'default' as default (vendor) store
08-20 14:10:18.855  1422  2288 V C2Store : in init
08-20 14:10:18.855  1422  2288 V C2Store : loading dll
08-20 14:10:18.857 31027 31684 I CCodec  : Created component [c2.android.vorbis.decoder]
08-20 14:10:18.857 31027 31684 D CCodecConfig: read media type: audio/vorbis
08-20 14:10:18.858 31027 31684 D ReflectedParamUpdater: extent() != 1 for single value type: algo.buffers.max-count.values
08-20 14:10:18.859 31027 31684 D ReflectedParamUpdater: extent() != 1 for single value type: output.subscribed-indices.values
08-20 14:10:18.859 31027 31684 D ReflectedParamUpdater: extent() != 1 for single value type: input.buffers.allocator-ids.values
08-20 14:10:18.859 31027 31684 D ReflectedParamUpdater: extent() != 1 for single value type: output.buffers.allocator-ids.values
08-20 14:10:18.859 31027 31684 D ReflectedParamUpdater: extent() != 1 for single value type: algo.buffers.allocator-ids.values
08-20 14:10:18.859 31027 31684 D ReflectedParamUpdater: extent() != 1 for single value type: output.buffers.pool-ids.values
08-20 14:10:18.862 31027 31684 D ReflectedParamUpdater: extent() != 1 for single value type: algo.buffers.pool-ids.values
08-20 14:10:18.863 31027 31684 I CCodecConfig: query failed after returning 7 values (BAD_INDEX)
08-20 14:10:18.863 31027 31684 D CCodecConfig: c2 config diff is Dict {
08-20 14:10:18.863 31027 31684 D CCodecConfig:   c2::u32 coded.bitrate.value = 64000
08-20 14:10:18.863 31027 31684 D CCodecConfig:   c2::u32 input.buffers.max-size.value = 32768
08-20 14:10:18.863 31027 31684 D CCodecConfig:   c2::u32 input.delay.value = 0
08-20 14:10:18.863 31027 31684 D CCodecConfig:   string input.media-type.value = "audio/vorbis"
08-20 14:10:18.863 31027 31684 D CCodecConfig:   string output.media-type.value = "audio/raw"
08-20 14:10:18.863 31027 31684 D CCodecConfig:   c2::u32 raw.channel-count.value = 1
08-20 14:10:18.863 31027 31684 D CCodecConfig:   c2::u32 raw.sample-rate.value = 48000
08-20 14:10:18.863 31027 31684 D CCodecConfig: }
08-20 14:10:18.863 31027 31684 I MediaCodec: (0xb4000071da049b80) Component Allocated (c2.android.vorbis.decoder)
08-20 14:10:18.863 31027 31683 I MediaCodec: (0xb4000071da049b80) configure surface(0x0) crypto(0x0) flags(0)
08-20 14:10:18.863 31027 31683 D MediaCodec: (0xb4000071da049b80) configure format: AMessage(what = 0x00000000) = {
08-20 14:10:18.863 31027 31683 D MediaCodec:       string mime = "audio/vorbis"
08-20 14:10:18.863 31027 31683 D MediaCodec:       int64_t durationUs = 149979
08-20 14:10:18.863 31027 31683 D MediaCodec:       int32_t track-id = 1
08-20 14:10:18.863 31027 31683 D MediaCodec:       Buffer csd-0 = {
08-20 14:10:18.863 31027 31683 D MediaCodec:         00000000:  01 76 6f 72 62 69 73 00  00 00 00 01 80 bb 00 00  .vorbis.........
08-20 14:10:18.863 31027 31683 D MediaCodec:         00000010:  00 00 00 00 30 a9 03 00  00 00 00 00 b8 01        ....0.........
08-20 14:10:18.863 31027 31683 D MediaCodec:       }
08-20 14:10:18.863 31027 31683 D MediaCodec:       Buffer *csd-1 = 0xb4000070ca004020
08-20 14:10:18.863 31027 31683 D MediaCodec:       int32_t bitrate = 239920
08-20 14:10:18.863 31027 31683 D MediaCodec:       int32_t channel-count = 1
08-20 14:10:18.863 31027 31683 D MediaCodec:       int32_t sample-rate = 48000
08-20 14:10:18.863 31027 31683 D MediaCodec:       int32_t channel-mask = 1
08-20 14:10:18.863 31027 31683 D MediaCodec:     }
08-20 14:10:18.863 31027 31684 D MediaCodec: flushMediametrics
08-20 14:10:18.863 31027 31684 D CCodec  : [c2.android.vorbis.decoder] buffers are bound to CCodec for this session
08-20 14:10:18.864 31027 31684 D CCodecConfig: no c2 equivalents for durationUs
08-20 14:10:18.864 31027 31684 D CCodecConfig: no c2 equivalents for track-id
08-20 14:10:18.864 31027 31684 D CCodecConfig: no c2 equivalents for csd-1
08-20 14:10:18.864 31027 31684 D CCodecConfig: no c2 equivalents for channel-mask
08-20 14:10:18.864 31027 31684 D CCodecConfig: no c2 equivalents for flags
08-20 14:10:18.864 31027 31684 D CCodecConfig: c2 config diff is   c2::u32 coded.bitrate.value = 239920
08-20 14:10:18.864 31027 31684 W Codec2Client: query -- param skipped: index = 1107298332.
08-20 14:10:18.865 31027 31684 D CCodec  : setup formats input: AMessage(what = 0x00000000) = {
08-20 14:10:18.865 31027 31684 D CCodec  :   int32_t bitrate = 239920
08-20 14:10:18.865 31027 31684 D CCodec  :   int32_t channel-count = 1
08-20 14:10:18.865 31027 31684 D CCodec  :   int32_t max-input-size = 32768
08-20 14:10:18.865 31027 31684 D CCodec  :   string mime = "audio/vorbis"
08-20 14:10:18.865 31027 31684 D CCodec  :   int32_t sample-rate = 48000
08-20 14:10:18.865 31027 31684 D CCodec  : }
08-20 14:10:18.865 31027 31684 D CCodec  : setup formats output: AMessage(what = 0x00000000) = {
08-20 14:10:18.865 31027 31684 D CCodec  :   int32_t channel-count = 1
08-20 14:10:18.865 31027 31684 D CCodec  :   string mime = "audio/raw"
08-20 14:10:18.865 31027 31684 D CCodec  :   int32_t sample-rate = 48000
08-20 14:10:18.865 31027 31684 D CCodec  :   int32_t channel-mask = 1
08-20 14:10:18.865 31027 31684 D CCodec  :   int32_t android._config-pcm-encoding = 2
08-20 14:10:18.865 31027 31684 D CCodec  : }
08-20 14:10:18.865 31027 31684 I CCodecConfig: query failed after returning 7 values (BAD_INDEX)
08-20 14:10:18.865 31027 31683 I MediaCodec: (0xb4000071da049b80) start
08-20 14:10:18.866 31027 31684 W Codec2Client: query -- param skipped: index = 1342179345.
08-20 14:10:18.866 31027 31684 W Codec2Client: query -- param skipped: index = 2415921170.
08-20 14:10:18.866 31027 31684 D CCodecBufferChannel: [c2.android.vorbis.decoder#833] Created input block pool with allocatorID 16 => poolID 24 - OK (0)
08-20 14:10:18.867  1422  2496 D BufferPoolAccessor2.0: Destruction - bufferpool2 0xb400007c12c80028 cached: 0/0M, 0/0% in use; allocs: 35, 97% recycled; transfers: 34, 97% unfetched
08-20 14:10:18.867 31027 31594 D BufferPoolAccessor2.0: Destruction - bufferpool2 0xb40000716a131908 cached: 0/0M, 0/0% in use; allocs: 7, 29% recycled; transfers: 74, 93% unfetched
08-20 14:10:18.867 31027 31684 I CCodecBufferChannel: [c2.android.vorbis.decoder#833] Created output block pool with allocatorID 16 => poolID 58 - OK
08-20 14:10:18.867 31027 31684 D CCodecBufferChannel: [c2.android.vorbis.decoder#833] Configured output block pool ids 58 => OK
08-20 14:10:18.868 31027 31684 D CCodecBufferChannel: [c2.android.vorbis.decoder#833] start: updating output delay 0
08-20 14:10:18.868 31027 31684 I CCodecBufferChannel: pipelineRoom(3) is <= numClientBuffers(3). Not signalling any more buffers to client
08-20 14:10:18.868 31027 31684 I MediaCodec: (0xb4000071da049b80) kWhatStartCompleted
08-20 14:10:18.869  1422 31685 D SimpleC2Component: Using output block pool with poolID 58 => got 58 - 0
08-20 14:10:18.870 31027 31684 I CCodecBufferChannel: pipelineRoom(2) is <= numClientBuffers(2). Not signalling any more buffers to client
08-20 14:10:18.871 31027 31684 I CCodecBufferChannel: pipelineRoom(1) is <= numClientBuffers(1). Not signalling any more buffers to client
08-20 14:10:18.898   962 15537 D CHIUSECASE: [DEBUG  ] chifeature2graphselector.cpp:5039 GetFeatureHint() App did not set number of frames
08-20 14:10:18.916 31027 31683 I MediaCodec: (0xb4000071da049b80) stop
08-20 14:10:18.917 31027 31684 D CCodecBufferChannel: [c2.android.vorbis.decoder#833] MediaCodec discarded an unknown buffer
08-20 14:10:18.917 31027 31684 D CCodecBufferChannel: [c2.android.vorbis.decoder#833] MediaCodec discarded an unknown buffer
08-20 14:10:18.917 31027 31684 D CCodecBufferChannel: [c2.android.vorbis.decoder#833] MediaCodec discarded an unknown buffer
08-20 14:10:18.917 31027 31683 I MediaCodec: (0xb4000071da049b80) release
08-20 14:10:18.917 31027 31684 I hw-BpHwBinder: onLastStrongRef automatically unlinking death recipients
08-20 14:10:18.918  1422  2288 I hw-BpHwBinder: onLastStrongRef automatically unlinking death recipients
08-20 14:10:18.918  1422  2288 V C2Store : in ~ComponentModule
08-20 14:10:18.918  1422  2288 V C2Store : unloading dll
08-20 14:10:18.918 31027 31683 D MediaCodec: flushMediametrics
08-20 14:10:18.946   962  1783 D CHIUSECASE: [DEBUG  ] chifeature2graphselector.cpp:5039 GetFeatureHint() App did not set number of frames
08-20 14:10:18.994   962  1783 D CHIUSECASE: [DEBUG  ] chifeature2graphselector.cpp:5039 GetFeatureHint() App did not set number of frames
08-20 14:10:19.047 31027 31441 I OpenGLRenderer: Davey! duration=9223370498060ms; Flags=0, FrameTimelineVsyncId=174911, IntendedVsync=1538794531026, Vsync=1538794531026, InputEventId=0, HandleInputStart=1538795089150, AnimationStart=1538795093109, PerformTraversalsStart=1538795543994, DrawStart=1538795778057, FrameDeadline=1538827864358, FrameInterval=1538795073473, FrameStartTime=16666666, SyncQueued=1538795801338, SyncStart=1538795857119, IssueDrawCommandsStart=1538795918265, SwapBuffers=1538796434202, FrameCompleted=9223372036854775807, DequeueBufferDuration=17448, QueueBufferDuration=412448, GpuCompleted=9223372036854775807, SwapBuffersCompleted=1538797095348, DisplayPresentTime=0, 
08-20 14:10:19.051   962  1783 D CHIUSECASE: [DEBUG  ] chifeature2graphselector.cpp:5039 GetFeatureHint() App did not set number of frames
08-20 14:10:19.069 31027 31256 I CameraView: invokeOnAverageFpsChanged(0.0)
08-20 14:10:19.088   962  1783 D CHIUSECASE: [DEBUG  ] chifeature2graphselector.cpp:5039 GetFeatureHint() App did not set number of frames
08-20 14:10:19.148   962  1783 D CHIUSECASE: [DEBUG  ] chifeature2graphselector.cpp:5039 GetFeatureHint() App did not set number of frames
08-20 14:10:19.188   962  1783 D CHIUSECASE: [DEBUG  ] chifeature2graphselector.cpp:5039 GetFeatureHint() App did not set number of frames
08-20 14:10:19.250 31027 31236 D Camera2CameraImpl: {Camera@abb0f0[id=0]} Issue capture request
08-20 14:10:19.250 31027 31236 D CaptureSession: Issuing capture request.
08-20 14:10:19.254   962 15537 D CHIUSECASE: [DEBUG  ] chifeature2graphselector.cpp:5039 GetFeatureHint() App did not set number of frames
08-20 14:10:19.254 31027 31236 D Camera2CaptureRequestBuilder: createCaptureRequest
08-20 14:10:19.295   962  1783 W CHIUSECASE: [WARN   ] chifeature2graphselector.cpp:7268 GetCustomVendorTag() noiseReductionModeValue = 2, m_isStreamMatchMFNR = 1
08-20 14:10:19.295   962  1783 W CHIUSECASE: [WARN   ] chxextensionmodule.cpp:5765 CanDoMFNR() Can do MFNR for the snapshot request: True
08-20 14:10:19.296   962  1783 D CHIUSECASE: [DEBUG  ] chifeature2graphselector.cpp:5039 GetFeatureHint() App did not set number of frames
08-20 14:10:19.296   962  1783 D CHIUSECASE: [DEBUG  ] chifeature2graphselector.cpp:5039 GetFeatureHint() App did not set number of frames
08-20 14:10:19.307   962  1783 D CHIUSECASE: [DEBUG  ] chifeature2graphselector.cpp:5039 GetFeatureHint() App did not set number of frames
08-20 14:10:19.368   962  1783 D CHIUSECASE: [DEBUG  ] chifeature2graphselector.cpp:5039 GetFeatureHint() App did not set number of frames
08-20 14:10:19.403   962  1783 D CHIUSECASE: [DEBUG  ] chifeature2graphselector.cpp:5039 GetFeatureHint() App did not set number of frames
08-20 14:10:19.442   962  1783 D CHIUSECASE: [DEBUG  ] chifeature2graphselector.cpp:5039 GetFeatureHint() App did not set number of frames
08-20 14:10:19.504   962  1783 D CHIUSECASE: [DEBUG  ] chifeature2graphselector.cpp:5039 GetFeatureHint() App did not set number of frames
08-20 14:10:19.556   962  1783 D CHIUSECASE: [DEBUG  ] chifeature2graphselector.cpp:5039 GetFeatureHint() App did not set number of frames
08-20 14:10:19.596 31027 31027 I ImageCapture: Capture Started Duration from start: 749ms
08-20 14:10:19.599  1024  2301 D TimeCheck: startMonitoring for IAudioFlinger command 1 endTime 1544369176181
08-20 14:10:19.602   962  1783 D CHIUSECASE: [DEBUG  ] chifeature2graphselector.cpp:5039 GetFeatureHint() App did not set number of frames
08-20 14:10:19.602  1024  2301 D APM_AudioPolicyManager: getOutputForAttrInt() attributes={ Content type: AUDIO_CONTENT_TYPE_SONIFICATION Usage: AUDIO_USAGE_ASSISTANCE_SONIFICATION Source: AUDIO_SOURCE_DEFAULT Flags: 0x800 Tags:  } stream=AUDIO_STREAM_SYSTEM session 649 selectedDeviceId 0
08-20 14:10:19.605  1024  2301 D AF::TrackHandle: OpPlayAudio: track:75 usage:13 not muted
08-20 14:10:19.606  1024  2301 D TimeCheck: stopMonitoring for IAudioFlinger command 1 endTime 1544369176181
08-20 14:10:19.608 31027 31027 D AudioTrack: createTrack_l(115): AUDIO_OUTPUT_FLAG_FAST denied by server; frameCount 0 -> 7199
08-20 14:10:19.609 31027 31027 D AudioTrack: setVolume: mRelativePercentage:1.000000, left:1.000000, right:1.000000
08-20 14:10:19.610  1024  2301 W AudioFlinger: The package name(android) provided does not correspond to the uid 1041
08-20 14:10:19.616   957  2216 I EffectsFactory: EffectCreate() create_effect
08-20 14:10:19.616   957  2216 V DlbVolumeListener: Create Dolby Listener Effect.
08-20 14:10:19.616   957  2216 V DlbVolumeListener: create CREATED_CONTEXT 0xe8040d30
08-20 14:10:19.616   957  2216 I DlbVolumeListener: create() Created effect System Listener
08-20 14:10:19.616   957  2216 V DlbVolumeListener: effectGetDescriptor
08-20 14:10:19.616   957  2216 I DlbVolumeListener: effectGetDescriptor() Returning descriptor for System Listener
08-20 14:10:19.617   957  2216 V DlbVolumeListener: effectGetDescriptor
08-20 14:10:19.617   957  2216 I DlbVolumeListener: effectGetDescriptor() Returning descriptor for System Listener
08-20 14:10:19.617   957  2216 V DlbVolumeListener: effectCommand
08-20 14:10:19.617   957  2216 V DlbVolumeListener: effectCommand :: Command EFFECT_CMD_INIT
08-20 14:10:19.618   957  2216 V DlbVolumeListener: effectCommand
08-20 14:10:19.618   957  2216 V DlbVolumeListener: effectCommand
08-20 14:10:19.618   957  2216 V DlbVolumeListener: effectCommand :: Command EFFECT_CMD_SET_CONFIG
08-20 14:10:19.618   957  2216 V DlbVolumeListener: effectCommand
08-20 14:10:19.619  1024  2301 D APM_AudioPolicyManager: startOutput() output 13, stream 1, session 649
08-20 14:10:19.620 31027 31027 I CameraView: invokeOnShutter(PHOTO)
08-20 14:10:19.621   957  2216 V DlbVolumeListener: effectCommand
08-20 14:10:19.621   957  2216 V DlbVolumeListener: effectCommand :: Command EFFECT_CMD_ENABLE
08-20 14:10:19.622   957  1156 V DlbVolumeListener: effectCommand
08-20 14:10:19.622   957  1156 V DlbVolumeListener: Command EFFECT_CMD_SET_VOLUME
08-20 14:10:19.622   957  2310 D DlbDapEndpointParamCache: commit() Applying parameters for device 0x40000000
08-20 14:10:19.622   957  2310 D DlbDap2Process: setParam(preg = #1[-266])
08-20 14:10:19.622   957  2310 D DlbDapEndpointParamCache: doCommit() Committed 1 parameters out of 13.
08-20 14:10:19.622   957  2310 D DlbDapEndpointParamCache: commit() Overriding parameters for current device 0x00000002
08-20 14:10:19.622   957  2310 D DlbDapEndpointParamCache: doCommit() Committed 0 parameters out of 65.
08-20 14:10:19.783   962  1783 D CHIUSECASE: [DEBUG  ] chifeature2graphselector.cpp:5039 GetFeatureHint() App did not set number of frames
08-20 14:10:19.847   957  1156 V DlbVolumeListener: effectCommand
08-20 14:10:19.848   957  1156 V DlbVolumeListener: effectCommand :: Command EFFECT_CMD_DISABLE
08-20 14:10:19.848   957  2310 D DlbDapEndpointParamCache: commit() Applying parameters for device 0x40000000
08-20 14:10:19.849   957  2310 D DlbDap2Process: setParam(preg = #1[-2080])
08-20 14:10:19.849   957  2216 V DlbVolumeListener: release(handle=0xe8040d30)
08-20 14:10:19.849   957  2310 D DlbDapEndpointParamCache: doCommit() Committed 1 parameters out of 13.
08-20 14:10:19.852   957  2310 D DlbDapEndpointParamCache: commit() Overriding parameters for current device 0x00000002
08-20 14:10:19.852   957  2310 D DlbDapEndpointParamCache: doCommit() Committed 0 parameters out of 65.
08-20 14:10:19.853  1024  1421 D APM_AudioPolicyManager: stopOutput() output 13, stream 1, session 649
08-20 14:10:19.857 31027 31593 D BufferPoolAccessor2.0: bufferpool2 0xb400007169f912b8 : 0(0 size) total buffers - 0(0 size) used buffers - 3/7 (recycle/alloc) - 4/74 (fetch/transfer)
08-20 14:10:19.857 31027 31593 D BufferPoolAccessor2.0: evictor expired: 2, evicted: 1
08-20 14:10:19.858  1422  2196 D BufferPoolAccessor2.0: bufferpool2 0xb400007c12c770c8 : 0(0 size) total buffers - 0(0 size) used buffers - 33/35 (recycle/alloc) - 2/34 (fetch/transfer)
08-20 14:10:19.858  1422  2196 D BufferPoolAccessor2.0: evictor expired: 2, evicted: 1
08-20 14:10:19.862   962  1783 D CHIUSECASE: [DEBUG  ] chifeature2graphselector.cpp:5039 GetFeatureHint() App did not set number of frames
08-20 14:10:19.900   962  1783 D CHIUSECASE: [DEBUG  ] chifeature2graphselector.cpp:5039 GetFeatureHint() App did not set number of frames
08-20 14:10:19.954   962  1783 D CHIUSECASE: [DEBUG  ] chifeature2graphselector.cpp:5039 GetFeatureHint() App did not set number of frames
08-20 14:10:20.001   962  1783 D CHIUSECASE: [DEBUG  ] chifeature2graphselector.cpp:5039 GetFeatureHint() App did not set number of frames
08-20 14:10:20.051   962  1783 D CHIUSECASE: [DEBUG  ] chifeature2graphselector.cpp:5039 GetFeatureHint() App did not set number of frames
08-20 14:10:20.068 31027 31256 I CameraView: invokeOnAverageFpsChanged(0.0)
08-20 14:10:20.100   962  1783 D CHIUSECASE: [DEBUG  ] chifeature2graphselector.cpp:5039 GetFeatureHint() App did not set number of frames
08-20 14:10:20.145   962  1791 W CHIGPU  : [WARN   ] camxchinodegpu.cpp:5990 UpdateFlip() Retrieved metadata for com.lenovo.moto.control.flip_still: 0. Rotation: 1
08-20 14:10:20.145   962  1791 E CHIGPU  : [ERROR  ] camxchinodegpu.cpp:5678 ProcessRequest() [BYPASS] ProcessRequest GPU NOFLIP  0 , rotation = 1
08-20 14:10:20.148 31027 31383 D MetadataImageReader: Skip to acquire the next image because the acquired image count has reached the max images count.
08-20 14:10:20.149   962  1791 W CamX    : [ WARN][JPEG   ] camxjpegswencnode.cpp:1348 GetVendorTagValues() Invalid thumbnail dimensions received. So, output JPEG Thumb dims updated to default dims 320 180
08-20 14:10:20.152   962  1791 E JPEG_SW_LIB: jpege_engine_hybrid_start : Source (WxH) = 4080 x 2296 
08-20 14:10:20.152   962  1791 E JPEG_SW_LIB: jpege_engine_hybrid_start : Source Rotation = 0 
08-20 14:10:20.152   962  1791 E JPEG_SW_LIB: jpege_engine_hybrid_start : Scale En = 0 
08-20 14:10:20.152   962  1791 E JPEG_SW_LIB: jpege_engine_hybrid_start : Stride En = 1 
08-20 14:10:20.152   962  1791 E JPEG_SW_LIB: jpege_engine_hybrid_start : Stride in Y = 4096 
08-20 14:10:20.152   962  1791 E JPEG_SW_LIB: jpege_engine_hybrid_start : Stride in UV = 4096 
08-20 14:10:20.152   962  1791 E JPEG_SW_LIB: jpege_engine_hybrid_start : Stride out Y = 0 
08-20 14:10:20.152   962  1791 E JPEG_SW_LIB: jpege_engine_hybrid_start : Stride out UV = 0 
08-20 14:10:20.152   962  1791 E JPEG_SW_LIB: jpege_engine_hybrid_configure : Slice Num = 0, Slice Height = 576 
08-20 14:10:20.152   962  1791 E JPEG_SW_LIB: jpege_engine_hybrid_configure : Slice Num = 1, Slice Height = 576 
08-20 14:10:20.152   962  1791 E JPEG_SW_LIB: jpege_engine_hybrid_configure : Slice Num = 2, Slice Height = 576 
08-20 14:10:20.152   962  1791 E JPEG_SW_LIB: jpege_engine_hybrid_configure : Slice Num = 3, Slice Height = 568 
08-20 14:10:20.192   962 31611 E JPEG_SW_LIB:  
08-20 14:10:20.192   962 31611 E JPEG_SW_LIB:  Encoding Completed 
08-20 14:10:20.192   962 31611 E JPEG_SW_LIB: jpege_engine_hybrid_start : Source (WxH) = 510 x 288 
08-20 14:10:20.192   962 31611 E JPEG_SW_LIB: jpege_engine_hybrid_start : Source Rotation = 0 
08-20 14:10:20.192   962 31611 E JPEG_SW_LIB: jpege_engine_hybrid_start : Scale En = 1 
08-20 14:10:20.192   962 31611 E JPEG_SW_LIB: jpege_engine_hybrid_start : Scale in W = 510 
08-20 14:10:20.192   962 31611 E JPEG_SW_LIB: jpege_engine_hybrid_start : Scale in H = 288 
08-20 14:10:20.192   962 31611 E JPEG_SW_LIB: jpege_engine_hybrid_start : Scale out W = 320 
08-20 14:10:20.192   962 31611 E JPEG_SW_LIB: jpege_engine_hybrid_start : Scale out H = 180 
08-20 14:10:20.192   962 31611 E JPEG_SW_LIB: jpege_engine_hybrid_start : Stride En = 0 
08-20 14:10:20.193   962 31611 E JPEG_SW_LIB: jpege_engine_hybrid_configure : Slice Num = 0, Slice Height = 48 
08-20 14:10:20.193   962 31611 E JPEG_SW_LIB: jpege_engine_hybrid_configure : Slice Num = 1, Slice Height = 48 
08-20 14:10:20.193   962 31611 E JPEG_SW_LIB: jpege_engine_hybrid_configure : Slice Num = 2, Slice Height = 48 
08-20 14:10:20.193   962 31611 E JPEG_SW_LIB: jpege_engine_hybrid_configure : Slice Num = 3, Slice Height = 36 
08-20 14:10:20.193   962 31613 E JPEG_SW_LIB:  
08-20 14:10:20.193   962 31613 E JPEG_SW_LIB:  Encoding Completed 
08-20 14:10:20.207 31027 31027 D qdgralloc: GetYUVPlaneInfo: Invalid format passed: 0x21
08-20 14:10:20.209 31027 31383 D MetadataImageReader: Skip to acquire the next image because the acquired image count has reached the max images count.
08-20 14:10:20.210 31027 31027 D TakePictureManager: Issue the next TakePictureRequest.
08-20 14:10:20.210 31027 31027 D TakePictureManager: No new request.
08-20 14:10:20.210   962  1783 D CHIUSECASE: [DEBUG  ] chifeature2graphselector.cpp:5039 GetFeatureHint() App did not set number of frames
08-20 14:10:20.212 31027 31384 E ZslControlImpl: Failed to acquire latest image IllegalStateException = Maximum image number reached.
08-20 14:10:20.219   962  1783 D CHIUSECASE: [DEBUG  ] chifeature2graphselector.cpp:5039 GetFeatureHint() App did not set number of frames
08-20 14:10:20.247 31027 31238 I ImageCapture: Image Saved Duration from start: 1400ms
08-20 14:10:20.247   962  1783 D CHIUSECASE: [DEBUG  ] chifeature2graphselector.cpp:5039 GetFeatureHint() App did not set number of frames
08-20 14:10:20.248 31027 31234 I CameraView.takePhoto: Successfully captured 4080 x 2296 photo!
08-20 14:10:20.249 31027 31224 I ReactNativeJS: Capture completed
08-20 14:10:20.249 31027 31224 I ReactNativeJS:       
08-20 14:10:20.249 31027 31224 I ReactNativeJS:       	Duration: 1419ms
08-20 14:10:20.249 31027 31224 I ReactNativeJS:       	Device name: 0 (BACK) androidx.camera.camera2
08-20 14:10:20.249 31027 31224 I ReactNativeJS:       	Format: {
08-20 14:10:20.249 31027 31224 I ReactNativeJS: 	  "videoStabilizationModes": [
08-20 14:10:20.249 31027 31224 I ReactNativeJS: 	    "off",
08-20 14:10:20.249 31027 31224 I ReactNativeJS: 	    "cinematic"
08-20 14:10:20.249 31027 31224 I ReactNativeJS: 	  ],
08-20 14:10:20.249 31027 31224 I ReactNativeJS: 	  "autoFocusSystem": "contrast-detection",
08-20 14:10:20.249 31027 31224 I ReactNativeJS: 	  "photoWidth": 4080,
08-20 14:10:20.249 31027 31224 I ReactNativeJS: 	  "supportsPhotoHdr": false,
08-20 14:10:20.249 31027 31224 I ReactNativeJS: 	  "supportsDepthCapture": false,
08-20 14:10:20.249 31027 31224 I ReactNativeJS: 	  "maxISO": 6400,
08-20 14:10:20.249 31027 31224 I ReactNativeJS: 	  "minISO": 100,
08-20 14:10:20.249 31027 31224 I ReactNativeJS: 	  "minFps": 10,
08-20 14:10:20.249 31027 31224 I ReactNativeJS: 	  "videoWidth": 1920,
08-20 14:10:20.249 31027 31224 I ReactNativeJS: 	  "supportsVideoHdr": false,
08-20 14:10:20.249 31027 31224 I ReactNativeJS: 	  "videoHeight": 1080,
08-20 14:10:20.249 31027 31224 I ReactNativeJS: 	  "fieldOfView": 75.04000877522147,
08-20 14:10:20.249 31027 31224 I ReactNativeJS: 	  "maxFps": 30,
08-20 14:10:20.249 31027 31224 I ReactNativeJS: 	  "photoHeight": 2296
08-20 14:10:20.249 31027 31224 I ReactNativeJS: 	}
08-20 14:10:20.249 31027 31224 I ReactNativeJS:       
08-20 14:10:20.262  2413  3259 D Avrcp_ext: AudioManager Player: AudioPlaybackConfiguration piid:71 deviceId:0 type:android.media.SoundPool u/pid:10353/2446 state:idle attr:AudioAttributes: usage=USAGE_ASSISTANCE_SONIFICATION content=CONTENT_TYPE_SONIFICATION flags=0x800 tags= bundle=null sessionId:0
08-20 14:10:20.262  2413  3259 D Avrcp_ext: AudioManager Player: AudioPlaybackConfiguration piid:87 deviceId:0 type:android.media.MediaPlayer u/pid:10343/2825 state:idle attr:AudioAttributes: usage=USAGE_MEDIA content=CONTENT_TYPE_MUSIC flags=0x800 tags= bundle=null sessionId:0
08-20 14:10:20.262  2413  3259 D Avrcp_ext: AudioManager Player: AudioPlaybackConfiguration piid:63 deviceId:0 type:android.media.SoundPool u/pid:1000/1817 state:idle attr:AudioAttributes: usage=USAGE_ASSISTANCE_SONIFICATION content=CONTENT_TYPE_SONIFICATION flags=0x800 tags= bundle=null sessionId:0
08-20 14:10:20.262  2413  3259 D Avrcp_ext: AudioManager Player: AudioPlaybackConfiguration piid:111 deviceId:0 type:android.media.SoundPool u/pid:1027/3944 state:idle attr:AudioAttributes: usage=USAGE_ASSISTANCE_SONIFICATION content=CONTENT_TYPE_SONIFICATION flags=0x800 tags= bundle=null sessionId:0
08-20 14:10:20.262  2413  3259 D Avrcp_ext: AudioManager Player: AudioPlaybackConfiguration piid:351 deviceId:0 type:android.media.MediaPlayer u/pid:10186/29537 state:idle attr:AudioAttributes: usage=USAGE_UNKNOWN content=CONTENT_TYPE_UNKNOWN flags=0x800 tags= bundle=null sessionId:0
08-20 14:10:20.263  2413  3259 D Avrcp_ext: AudioManager Player: AudioPlaybackConfiguration piid:415 deviceId:0 type:android.media.SoundPool u/pid:10399/31027 state:idle attr:AudioAttributes: usage=USAGE_ASSISTANCE_SONIFICATION content=CONTENT_TYPE_SONIFICATION flags=0x801 tags= bundle=null sessionId:0
08-20 14:10:20.263  2413  3259 D Avrcp_ext: AudioManager isPlaying: false, mAudioPlaybackIsActive = false
08-20 14:10:20.263  2413  3259 D Avrcp_ext: AudioManager Reset Active Player
08-20 14:10:20.296   962  1783 D CHIUSECASE: [DEBUG  ] chifeature2graphselector.cpp:5039 GetFeatureHint() App did not set number of frames
08-20 14:10:20.329   962  1790 E CamX    : [ERROR][MEMMGR ] camximagebuffer.h:668 IsInValidUsageState() [ZSLPreviewRaw_LT1080p_com.qti.node.gpu2_OutputPortId4_ ][0xb40000733131fae0] Client trying to use after releasing the ImageBuffer
08-20 14:10:20.353   962  1783 D CHIUSECASE: [DEBUG  ] chifeature2graphselector.cpp:5039 GetFeatureHint() App did not set number of frames
08-20 14:10:20.392   962  1783 D CHIUSECASE: [DEBUG  ] chifeature2graphselector.cpp:5039 GetFeatureHint() App did not set number of frames
08-20 14:10:20.444   962  1783 D CHIUSECASE: [DEBUG  ] chifeature2graphselector.cpp:5039 GetFeatureHint() App did not set number of frames
08-20 14:10:20.504   962  1783 D CHIUSECASE: [DEBUG  ] chifeature2graphselector.cpp:5039 GetFeatureHint() App did not set number of frames
08-20 14:10:20.541   962  1783 D CHIUSECASE: [DEBUG  ] chifeature2graphselector.cpp:5039 GetFeatureHint() App did not set number of frames
08-20 14:10:20.580   962  1794 E CamX    : [ERROR][MEMMGR ] camximagebuffer.h:668 IsInValidUsageState() [ZSLPreviewRaw_LT1080p_com.qti.node.gpu2_OutputPortId4_ ][0xb400007331320150] Client trying to use after releasing the ImageBuffer
08-20 14:10:20.590  4148  4170 W FuseDaemon: Reducing the number of considered missed Gc histogram windows from 152 to 100
08-20 14:10:20.592   962  1783 D CHIUSECASE: [DEBUG  ] chifeature2graphselector.cpp:5039 GetFeatureHint() App did not set number of frames
08-20 14:10:20.640   962  1794 E CamX    : [ERROR][MEMMGR ] camximagebuffer.h:668 IsInValidUsageState() [ZSLPreviewRaw_LT1080p_com.qti.node.gpu2_OutputPortId4_ ][0xb40000733131fae0] Client trying to use after releasing the ImageBuffer
08-20 14:10:20.643   962  1783 D CHIUSECASE: [DEBUG  ] chifeature2graphselector.cpp:5039 GetFeatureHint() App did not set number of frames
08-20 14:10:20.682   962  1793 E CamX    : [ERROR][MEMMGR ] camximagebuffer.h:668 IsInValidUsageState() [ZSLPreviewRaw_LT1080p_com.qti.node.gpu2_OutputPortId4_ ][0xb40000733125d590] Client trying to use after releasing the ImageBuffer
08-20 14:10:20.704   962  1783 D CHIUSECASE: [DEBUG  ] chifeature2graphselector.cpp:5039 GetFeatureHint() App did not set number of frames
08-20 14:10:20.729   962  1793 E CamX    : [ERROR][MEMMGR ] camximagebuffer.h:668 IsInValidUsageState() [ZSLPreviewRaw_LT1080p_com.qti.node.gpu2_OutputPortId4_ ][0xb4000073312c72a0] Client trying to use after releasing the ImageBuffer
08-20 14:10:20.743   962  1783 D CHIUSECASE: [DEBUG  ] chifeature2graphselector.cpp:5039 GetFeatureHint() App did not set number of frames
08-20 14:10:20.795   962  1783 D CHIUSECASE: [DEBUG  ] chifeature2graphselector.cpp:5039 GetFeatureHint() App did not set number of frames
08-20 14:10:20.845   962  1783 D CHIUSECASE: [DEBUG  ] chifeature2graphselector.cpp:5039 GetFeatureHint() App did not set number of frames
08-20 14:10:20.872   958  2171 I slpi    : STK3A5X ALS_OC: lux:291.335999, last_ps:0[378], CH0:300, CH2:9, CH4:37, AWAIT:32, ACRL:33, AGAIN:33, INT1:9, INT2:0, PS:114, LED:128, flag:65, state:7, scale:122.299
08-20 14:10:20.894   962  1783 D CHIUSECASE: [DEBUG  ] chifeature2graphselector.cpp:5039 GetFeatureHint() App did not set number of frames
08-20 14:10:20.951   962  1783 D CHIUSECASE: [DEBUG  ] chifeature2graphselector.cpp:5039 GetFeatureHint() App did not set number of frames
08-20 14:10:20.976   958  2171 I slpi    : STK3A5X ALS_OC: lux:256.375671, last_ps:0[378], CH0:264, CH2:8, CH4:32, AWAIT:32, ACRL:33, AGAIN:33, INT1:9, INT2:0, PS:114, LED:128, flag:65, state:7, scale:122.299
08-20 14:10:21.002   962  1783 D CHIUSECASE: [DEBUG  ] chifeature2graphselector.cpp:5039 GetFeatureHint() App did not set number of frames
08-20 14:10:21.054   962  1783 D CHIUSECASE: [DEBUG  ] chifeature2graphselector.cpp:5039 GetFeatureHint() App did not set number of frames
08-20 14:10:21.068 31027 31256 I CameraView: invokeOnAverageFpsChanged(0.0)
08-20 14:10:21.102   962 15537 D CHIUSECASE: [DEBUG  ] chifeature2graphselector.cpp:5039 GetFeatureHint() App did not set number of frames
08-20 14:10:21.130   962  1794 E CamX    : [ERROR][MEMMGR ] camximagebuffer.h:668 IsInValidUsageState() [ZSLPreviewRaw_LT1080p_com.qti.node.gpu2_OutputPortId4_ ][0xb4000073312ec950] Client trying to use after releasing the ImageBuffer
08-20 14:10:21.160   962 15537 D CHIUSECASE: [DEBUG  ] chifeature2graphselector.cpp:5039 GetFeatureHint() App did not set number of frames
08-20 14:10:21.185   958  2171 I slpi    : STK3A5X ALS_OC: lux:218.501999, last_ps:0[372], CH0:225, CH2:7, CH4:26, AWAIT:32, ACRL:33, AGAIN:33, INT1:9, INT2:0, PS:114, LED:128, flag:65, state:7, scale:122.299
08-20 14:10:21.206   962 15537 D CHIUSECASE: [DEBUG  ] chifeature2graphselector.cpp:5039 GetFeatureHint() App did not set number of frames
08-20 14:10:21.252   962 15537 D CHIUSECASE: [DEBUG  ] chifeature2graphselector.cpp:5039 GetFeatureHint() App did not set number of frames
08-20 14:10:21.304   962 15537 D CHIUSECASE: [DEBUG  ] chifeature2graphselector.cpp:5039 GetFeatureHint() App did not set number of frames
08-20 14:10:21.362   962 15537 D CHIUSECASE: [DEBUG  ] chifeature2graphselector.cpp:5039 GetFeatureHint() App did not set number of frames
08-20 14:10:21.393   958  2171 I slpi    : STK3A5X ALS_OC: lux:107.794319, last_ps:0[373], CH0:111, CH2:3, CH4:12, AWAIT:32, ACRL:33, AGAIN:33, INT1:9, INT2:0, PS:114, LED:128, flag:65, state:7, scale:122.299
08-20 14:10:21.425   962  1783 D CHIUSECASE: [DEBUG  ] chifeature2graphselector.cpp:5039 GetFeatureHint() App did not set number of frames
08-20 14:10:21.492   962  1783 D CHIUSECASE: [DEBUG  ] chifeature2graphselector.cpp:5039 GetFeatureHint() App did not set number of frames
08-20 14:10:21.497   958  2171 I slpi    : STK3A5X ALS_OC: lux:55.353840, last_ps:0[368], CH0:57, CH2:1, CH4:6, AWAIT:32, ACRL:33, AGAIN:33, INT1:9, INT2:0, PS:114, LED:128, flag:65, state:7, scale:122.299
08-20 14:10:21.531   962  1783 D CHIUSECASE: [DEBUG  ] chifeature2graphselector.cpp:5039 GetFeatureHint() App did not set number of frames
08-20 14:10:21.570   962  1783 D CHIUSECASE: [DEBUG  ] chifeature2graphselector.cpp:5039 GetFeatureHint() App did not set number of frames
08-20 14:10:21.601   958  2171 I slpi    : STK3A5X ALS_OC: lux:269.000214, last_ps:0[376], CH0:277, CH2:10, CH4:31, AWAIT:32, ACRL:33, AGAIN:33, INT1:9, INT2:0, PS:114, LED:128, flag:65, state:7, scale:122.299
08-20 14:10:21.633   962  1783 D CHIUSECASE: [DEBUG  ] chifeature2graphselector.cpp:5039 GetFeatureHint() App did not set number of frames
08-20 14:10:21.673   962  1783 D CHIUSECASE: [DEBUG  ] chifeature2graphselector.cpp:5039 GetFeatureHint() App did not set number of frames
08-20 14:10:21.706   958  2171 I slpi    : STK3A5X ALS_OC: lux:389.419128, last_ps:0[377], CH0:401, CH2:14, CH4:46, AWAIT:32, ACRL:33, AGAIN:33, INT1:9, INT2:0, PS:114, LED:128, flag:65, state:7, scale:122.299
08-20 14:10:21.733   962  1783 D CHIUSECASE: [DEBUG  ] chifeature2graphselector.cpp:5039 GetFeatureHint() App did not set number of frames
08-20 14:10:21.774   962  1783 D CHIUSECASE: [DEBUG  ] chifeature2graphselector.cpp:5039 GetFeatureHint() App did not set number of frames
08-20 14:10:21.810   958  2171 I slpi    : STK3A5X ALS_OC: lux:348.632050, last_ps:0[381], CH0:359, CH2:12, CH4:43, AWAIT:32, ACRL:33, AGAIN:33, INT1:9, INT2:0, PS:114, LED:128, flag:65, state:7, scale:122.299
08-20 14:10:21.828   962  1783 D CHIUSECASE: [DEBUG  ] chifeature2graphselector.cpp:5039 GetFeatureHint() App did not set number of frames
08-20 14:10:21.858 31027 31593 D BufferPoolAccessor2.0: bufferpool2 0xb400007169fa1ca8 : 0(0 size) total buffers - 0(0 size) used buffers - 2/7 (recycle/alloc) - 5/74 (fetch/transfer)
08-20 14:10:21.858 31027 31593 D BufferPoolAccessor2.0: evictor expired: 2, evicted: 1
08-20 14:10:21.858  1422  2196 D BufferPoolAccessor2.0: bufferpool2 0xb400007c12c7a5f8 : 0(0 size) total buffers - 0(0 size) used buffers - 34/35 (recycle/alloc) - 1/34 (fetch/transfer)
08-20 14:10:21.858  1422  2196 D BufferPoolAccessor2.0: evictor expired: 2, evicted: 1
08-20 14:10:21.880   962  1783 D CHIUSECASE: [DEBUG  ] chifeature2graphselector.cpp:5039 GetFeatureHint() App did not set number of frames
08-20 14:10:21.914   958  2171 I slpi    : STK3A5X ALS_OC: lux:285.509277, last_ps:0[373], CH0:294, CH2:10, CH4:35, AWAIT:32, ACRL:33, AGAIN:33, INT1:9, INT2:0, PS:114, LED:128, flag:65, state:7, scale:122.299
08-20 14:10:21.920   962  1783 D CHIUSECASE: [DEBUG  ] chifeature2graphselector.cpp:5039 GetFeatureHint() App did not set number of frames
08-20 14:10:21.968   962  1783 D CHIUSECASE: [DEBUG  ] chifeature2graphselector.cpp:5039 GetFeatureHint() App did not set number of frames
08-20 14:10:22.018   958  2171 I slpi    : STK3A5X ALS_OC: lux:230.155441, last_ps:0[374], CH0:237, CH2:9, CH4:26, AWAIT:32, ACRL:33, AGAIN:33, INT1:9, INT2:0, PS:114, LED:128, flag:65, state:7, scale:122.299
08-20 14:10:22.024   962  1783 D CHIUSECASE: [DEBUG  ] chifeature2graphselector.cpp:5039 GetFeatureHint() App did not set number of frames
08-20 14:10:22.067   962  1783 D CHIUSECASE: [DEBUG  ] chifeature2graphselector.cpp:5039 GetFeatureHint() App did not set number of frames
08-20 14:10:22.068 31027 31256 I CameraView: invokeOnAverageFpsChanged(0.0)
08-20 14:10:22.115   962  1783 D CHIUSECASE: [DEBUG  ] chifeature2graphselector.cpp:5039 GetFeatureHint() App did not set number of frames
08-20 14:10:22.148   962  1783 D CHIUSECASE: [DEBUG  ] chifeature2graphselector.cpp:5039 GetFeatureHint() App did not set number of frames
08-20 14:10:22.186   962  1783 D CHIUSECASE: [DEBUG  ] chifeature2graphselector.cpp:5039 GetFeatureHint() App did not set number of frames
08-20 14:10:22.226   962  1783 D CHIUSECASE: [DEBUG  ] chifeature2graphselector.cpp:5039 GetFeatureHint() App did not set number of frames
08-20 14:10:22.227   958  2171 I slpi    : STK3A5X ALS_OC: lux:186.455048, last_ps:0[373], CH0:192, CH2:10, CH4:15, AWAIT:32, ACRL:33, AGAIN:33, INT1:9, INT2:0, PS:114, LED:128, flag:65, state:7, scale:122.299
08-20 14:10:22.283   962  1783 D CHIUSECASE: [DEBUG  ] chifeature2graphselector.cpp:5039 GetFeatureHint() App did not set number of frames
08-20 14:10:22.307   962  1783 D CHIUSECASE: [DEBUG  ] chifeature2graphselector.cpp:5039 GetFeatureHint() App did not set number of frames
08-20 14:10:22.308   958  3464 E sensors-hal: handle_sns_client_event:62, mot_disprot_event: now=1542077642639 ts=1542075765359, type=16, status=3
08-20 14:10:22.331   958  2171 I slpi    : STK3A5X ALS_OC: lux:159.263687, last_ps:0[372], CH0:164, CH2:8, CH4:13, AWAIT:32, ACRL:33, AGAIN:33, INT1:9, INT2:0, PS:114, LED:128, flag:65, state:7, scale:122.299
08-20 14:10:22.339   962  1783 D CHIUSECASE: [DEBUG  ] chifeature2graphselector.cpp:5039 GetFeatureHint() App did not set number of frames
08-20 14:10:22.374   962 15537 D CHIUSECASE: [DEBUG  ] chifeature2graphselector.cpp:5039 GetFeatureHint() App did not set number of frames
08-20 14:10:22.408   962 15537 D CHIUSECASE: [DEBUG  ] chifeature2graphselector.cpp:5039 GetFeatureHint() App did not set number of frames
08-20 14:10:22.441  2413  3259 D Avrcp_ext: AudioManager Player: AudioPlaybackConfiguration piid:71 deviceId:0 type:android.media.SoundPool u/pid:10353/2446 state:idle attr:AudioAttributes: usage=USAGE_ASSISTANCE_SONIFICATION content=CONTENT_TYPE_SONIFICATION flags=0x800 tags= bundle=null sessionId:0
08-20 14:10:22.441  2413  3259 D Avrcp_ext: AudioManager Player: AudioPlaybackConfiguration piid:87 deviceId:0 type:android.media.MediaPlayer u/pid:10343/2825 state:idle attr:AudioAttributes: usage=USAGE_MEDIA content=CONTENT_TYPE_MUSIC flags=0x800 tags= bundle=null sessionId:0
08-20 14:10:22.441  2413  3259 D Avrcp_ext: AudioManager Player: AudioPlaybackConfiguration piid:63 deviceId:0 type:android.media.SoundPool u/pid:1000/1817 state:idle attr:AudioAttributes: usage=USAGE_ASSISTANCE_SONIFICATION content=CONTENT_TYPE_SONIFICATION flags=0x800 tags= bundle=null sessionId:0
08-20 14:10:22.442  2413  3259 D Avrcp_ext: AudioManager Player: AudioPlaybackConfiguration piid:111 deviceId:0 type:android.media.SoundPool u/pid:1027/3944 state:idle attr:AudioAttributes: usage=USAGE_ASSISTANCE_SONIFICATION content=CONTENT_TYPE_SONIFICATION flags=0x800 tags= bundle=null sessionId:0
08-20 14:10:22.442  2413  3259 D Avrcp_ext: AudioManager Player: AudioPlaybackConfiguration piid:351 deviceId:0 type:android.media.MediaPlayer u/pid:10186/29537 state:idle attr:AudioAttributes: usage=USAGE_UNKNOWN content=CONTENT_TYPE_UNKNOWN flags=0x800 tags= bundle=null sessionId:0
08-20 14:10:22.442  2413  3259 D Avrcp_ext: AudioManager isPlaying: false, mAudioPlaybackIsActive = false
08-20 14:10:22.442  2413  3259 D Avrcp_ext: AudioManager Reset Active Player
08-20 14:10:22.457   962 15537 D CHIUSECASE: [DEBUG  ] chifeature2graphselector.cpp:5039 GetFeatureHint() App did not set number of frames
08-20 14:10:22.496   962  1783 D CHIUSECASE: [DEBUG  ] chifeature2graphselector.cpp:5039 GetFeatureHint() App did not set number of frames
08-20 14:10:22.523   962  1783 D CHIUSECASE: [DEBUG  ] chifeature2graphselector.cpp:5039 GetFeatureHint() App did not set number of frames
08-20 14:10:22.540   958  2171 I slpi    : STK3A5X ALS_OC: lux:136.927917, last_ps:0[382], CH0:141, CH2:7, CH4:10, AWAIT:32, ACRL:33, AGAIN:33, INT1:9, INT2:0, PS:114, LED:128, flag:65, state:7, scale:122.299
08-20 14:10:22.586   962  1783 D CHIUSECASE: [DEBUG  ] chifeature2graphselector.cpp:5039 GetFeatureHint() App did not set number of frames
08-20 14:10:22.623   962  1783 D CHIUSECASE: [DEBUG  ] chifeature2graphselector.cpp:5039 GetFeatureHint() App did not set number of frames
08-20 14:10:22.677   962  1783 D CHIUSECASE: [DEBUG  ] chifeature2graphselector.cpp:5039 GetFeatureHint() App did not set number of frames
08-20 14:10:22.733   962  1783 D CHIUSECASE: [DEBUG  ] chifeature2graphselector.cpp:5039 GetFeatureHint() App did not set number of frames
08-20 14:10:22.790   957  2215 D audio_hw_primary: out_standby: enter: stream (0xe35c0010) usecase(1: low-latency-playback)
08-20 14:10:22.807   962  1783 D CHIUSECASE: [DEBUG  ] chifeature2graphselector.cpp:5039 GetFeatureHint() App did not set number of frames
08-20 14:10:22.818   957  2215 D audio_hw_primary: disable_audio_route: reset and update mixer path: low-latency-playback
08-20 14:10:22.819   957  2215 D soundtrigger: audio_extn_sound_trigger_update_stream_status: uc_info->id 1 of type 0 for Event 2, with Raise=0
08-20 14:10:22.820   957  2215 D hardware_info: hw_info_append_hw_type : device_name = speaker
08-20 14:10:22.820   957  2215 D audio_hw_primary: disable_snd_device: snd_device(3: speaker)
08-20 14:10:22.827   957  2215 D hardware_info: hw_info_append_hw_type : device_name = vi-feedback
08-20 14:10:22.827   957  2215 D audio_hw_primary: disable_snd_device: snd_device(248: vi-feedback)
08-20 14:10:22.827   957  2215 I soundtrigger: audio_extn_sound_trigger_update_device_status: device 0xf8 of type 1 for Event 0, with Raise=0
08-20 14:10:22.827   957  2215 D audio_hw_utils: audio_extn_utils_release_snd_device:snd_device =248
08-20 14:10:22.827   957  2215 D audio_hw_primary: disable_audio_route: reset and update mixer path: spkr-vi-record
08-20 14:10:22.828   957  2215 D soundtrigger: audio_extn_sound_trigger_update_stream_status: uc_info->id 53 of type 1 for Event 2, with Raise=0
08-20 14:10:22.828   957  2215 I soundtrigger: audio_extn_sound_trigger_update_device_status: device 0x3 of type 0 for Event 0, with Raise=0
08-20 14:10:22.828   957  2215 D audio_hw_utils: audio_extn_utils_release_snd_device:snd_device =3
08-20 14:10:22.828   957  2215 V ext_speaker: usecase 1: out_snd_device 3 is NOT active
08-20 14:10:22.853   962  1783 D CHIUSECASE: [DEBUG  ] chifeature2graphselector.cpp:5039 GetFeatureHint() App did not set number of frames
08-20 14:10:22.945   962  1783 D CHIUSECASE: [DEBUG  ] chifeature2graphselector.cpp:5039 GetFeatureHint() App did not set number of frames
08-20 14:10:22.997   962  1783 D CHIUSECASE: [DEBUG  ] chifeature2graphselector.cpp:5039 GetFeatureHint() App did not set number of frames
08-20 14:10:23.068 31027 31256 I CameraView: invokeOnAverageFpsChanged(0.0)
08-20 14:10:23.087   962  1783 D CHIUSECASE: [DEBUG  ] chifeature2graphselector.cpp:5039 GetFeatureHint() App did not set number of frames
08-20 14:10:23.132   962  1783 D CHIUSECASE: [DEBUG  ] chifeature2graphselector.cpp:5039 GetFeatureHint() App did not set number of frames
08-20 14:10:23.203   962  1783 D CHIUSECASE: [DEBUG  ] chifeature2graphselector.cpp:5039 GetFeatureHint() App did not set number of frames
08-20 14:10:23.295   962  1783 D CHIUSECASE: [DEBUG  ] chifeature2graphselector.cpp:5039 GetFeatureHint() App did not set number of frames
08-20 14:10:23.331   962  1783 D CHIUSECASE: [DEBUG  ] chifeature2graphselector.cpp:5039 GetFeatureHint() App did not set number of frames
08-20 14:10:23.386   962  1783 D CHIUSECASE: [DEBUG  ] chifeature2graphselector.cpp:5039 GetFeatureHint() App did not set number of frames
08-20 14:10:23.471   962  1783 D CHIUSECASE: [DEBUG  ] chifeature2graphselector.cpp:5039 GetFeatureHint() App did not set number of frames
08-20 14:10:23.540   962  1783 D CHIUSECASE: [DEBUG  ] chifeature2graphselector.cpp:5039 GetFeatureHint() App did not set number of frames
08-20 14:10:23.594   962  1783 D CHIUSECASE: [DEBUG  ] chifeature2graphselector.cpp:5039 GetFeatureHint() App did not set number of frames
08-20 14:10:23.641  2644  4089 D QCNEJ/WlanStaInfoRelay: Received action: android.net.wifi.RSSI_CHANGED
08-20 14:10:23.661  4233  8822 D OtaApp  : PollingManagerService:NetworkCallback:networkCapabilities=[ Transports: WIFI Capabilities: NOT_METERED&INTERNET&NOT_RESTRICTED&TRUSTED&NOT_VPN&VALIDATED&NOT_ROAMING&FOREGROUND&NOT_CONGESTED&NOT_SUSPENDED&NOT_VCN_MANAGED LinkUpBandwidth>=12000Kbps LinkDnBandwidth>=67229Kbps TransportInfo: <SSID: <unknown ssid>, BSSID: 02:00:00:00:00:00, MAC: 02:00:00:00:00:00, Security type: 2, Supplicant state: COMPLETED, Wi-Fi standard: 5, RSSI: -68, Link speed: 175Mbps, Tx Link speed: 175Mbps, Max Supported Tx Link speed: 433Mbps, Rx Link speed: 263Mbps, Max Supported Rx Link speed: 433Mbps, Frequency: 5805MHz, Net ID: -1, Metered hint: false, score: 60, CarrierMerged: false, SubscriptionId: -1, IsPrimary: -1> SignalStrength: -68 UnderlyingNetworks: Null]
08-20 14:10:23.662  4233  8822 D Fota    : ConnectivityActionReceiver:NetworkCallback:networkCapabilities=[ Transports: WIFI Capabilities: NOT_METERED&INTERNET&NOT_RESTRICTED&TRUSTED&NOT_VPN&VALIDATED&NOT_ROAMING&FOREGROUND&NOT_CONGESTED&NOT_SUSPENDED&NOT_VCN_MANAGED LinkUpBandwidth>=12000Kbps LinkDnBandwidth>=67229Kbps TransportInfo: <SSID: <unknown ssid>, BSSID: 02:00:00:00:00:00, MAC: 02:00:00:00:00:00, Security type: 2, Supplicant state: COMPLETED, Wi-Fi standard: 5, RSSI: -68, Link speed: 175Mbps, Tx Link speed: 175Mbps, Max Supported Tx Link speed: 433Mbps, Rx Link speed: 263Mbps, Max Supported Rx Link speed: 433Mbps, Frequency: 5805MHz, Net ID: -1, Metered hint: false, score: 60, CarrierMerged: false, SubscriptionId: -1, IsPrimary: -1> SignalStrength: -68 UnderlyingNetworks: Null]
08-20 14:10:23.672 26365 26456 I CarrierServices: [47] cew.d: (PEv2-SM-43793786): DisabledState: event Connectivity event [null]
08-20 14:10:23.672  2807  3316 E PhoneInterfaceManager: [PhoneIntfMgr] getCarrierPrivilegeStatus: Invalid subId
08-20 14:10:23.672 26365 26539 I CarrierServices: [50] bwc.c: Connected state: [1], networkType: [WIFI]
08-20 14:10:23.673 26365 26536 I CarrierServices: [49] cln.e: RCS Configuration storage in Bugle is disabled by p/h flag, using ProvisioningEngineStateCacheUtil.getProvisioningConfigurationForGivenSimIfExist()
08-20 14:10:23.676  3516  3516 E NEW_BHD : Cycles Write - Can not open /sys/class/power_supply/battery/cycle_count, errno = 13 (Permission denied)
08-20 14:10:23.677  1817  2169 D BatteryService: uevent={POWER_SUPPLY_VOLTAGE_NOW=3927000, POWER_SUPPLY_CHARGE_CONTROL_LIMIT_MAX=8, POWER_SUPPLY_TYPE=Battery, POWER_SUPPLY_HEALTH=Good, POWER_SUPPLY_TECHNOLOGY=Li-ion, POWER_SUPPLY_CHARGE_FULL_DESIGN=5000000, SEQNUM=9331, POWER_SUPPLY_CHARGE_CONTROL_LIMIT=0, POWER_SUPPLY_STATUS=Charging, POWER_SUPPLY_CURRENT_MAX=3000000, POWER_SUPPLY_CYCLE_COUNT=0, POWER_SUPPLY_CAPACITY=19, DEVPATH=/devices/platform/soc/soc:mmi,discrete-charging/power_supply/battery, POWER_SUPPLY_CHARGE_TYPE=Fast, POWER_SUPPLY_INPUT_CURRENT_LIMIT=0, POWER_SUPPLY_CURRENT_NOW=1225000, POWER_SUPPLY_PRESENT=1, POWER_SUPPLY_CHARGE_FULL=5000000, POWER_SUPPLY_CONSTANT_CHARGE_CURRENT=3000000, SUBSYSTEM=power_supply, POWER_SUPPLY_TEMP=360, ACTION=change, POWER_SUPPLY_NAME=battery, POWER_SUPPLY_VOLTAGE_MAX=4450000, POWER_SUPPLY_CONSTANT_CHARGE_CURRENT_MAX=3000000, POWER_SUPPLY_CHARGE_COUNTER=950000}
08-20 14:10:23.677  1817  2169 D BatteryService: uevent={POWER_SUPPLY_VOLTAGE_NOW=3927000, POWER_SUPPLY_CHARGE_CONTROL_LIMIT_MAX=8, POWER_SUPPLY_TYPE=Battery, POWER_SUPPLY_HEALTH=Good, POWER_SUPPLY_TECHNOLOGY=Li-ion, POWER_SUPPLY_CHARGE_FULL_DESIGN=5000000, SEQNUM=9331, POWER_SUPPLY_CHARGE_CONTROL_LIMIT=0, POWER_SUPPLY_STATUS=Charging, POWER_SUPPLY_CURRENT_MAX=3000000, POWER_SUPPLY_CYCLE_COUNT=0, POWER_SUPPLY_CAPACITY=19, DEVPATH=/devices/platform/soc/soc:mmi,discrete-charging/power_supply/battery, POWER_SUPPLY_CHARGE_TYPE=Fast, POWER_SUPPLY_INPUT_CURRENT_LIMIT=0, POWER_SUPPLY_CURRENT_NOW=1225000, POWER_SUPPLY_PRESENT=1, POWER_SUPPLY_CHARGE_FULL=5000000, POWER_SUPPLY_CONSTANT_CHARGE_CURRENT=3000000, SUBSYSTEM=power_supply, POWER_SUPPLY_TEMP=360, ACTION=change, POWER_SUPPLY_NAME=battery, POWER_SUPPLY_VOLTAGE_MAX=4450000, POWER_SUPPLY_CONSTANT_CHARGE_CURRENT_MAX=3000000, POWER_SUPPLY_CHARGE_COUNTER=950000}
08-20 14:10:23.677   962 15537 D CHIUSECASE: [DEBUG  ] chifeature2graphselector.cpp:5039 GetFeatureHint() App did not set number of frames
08-20 14:10:23.688 12464 12620 I ChimeraSrvcProxy: NullBinder for android.net.action.RECOMMEND_NETWORKS triggering remote TransactionTooLargeException due to Service without Chimera impl
08-20 14:10:23.689 12464 12620 W Binder  : reply too large data on java level: InterfaceDescriptor = null, code = 1
08-20 14:10:23.695  2706  2706 D QtiCarrierConfigHelper: WARNING, no carrier configs on phone Id: 0
08-20 14:10:23.696  2786  2786 V DeviceStatisticsService: chargerType=1 batteryLevel=19 totalBatteryCapacity=5000000
08-20 14:10:23.697  4335  4685 D CmdCenter: - RowBase2: sPrevModStatus: 1, modStatus: 1
08-20 14:10:23.697  4335  4685 D CmdCenter: - RowBase2: sPrevPlugType: 1 plugType: 1
08-20 14:10:23.749   962 15537 D CHIUSECASE: [DEBUG  ] chifeature2graphselector.cpp:5039 GetFeatureHint() App did not set number of frames
08-20 14:10:23.802   962 15537 D CHIUSECASE: [DEBUG  ] chifeature2graphselector.cpp:5039 GetFeatureHint() App did not set number of frames
08-20 14:10:23.892   962 15537 D CHIUSECASE: [DEBUG  ] chifeature2graphselector.cpp:5039 GetFeatureHint() App did not set number of frames
08-20 14:10:23.941   962 15537 D CHIUSECASE: [DEBUG  ] chifeature2graphselector.cpp:5039 GetFeatureHint() App did not set number of frames
08-20 14:10:24.030   962 15537 D CHIUSECASE: [DEBUG  ] chifeature2graphselector.cpp:5039 GetFeatureHint() App did not set number of frames
08-20 14:10:24.068 31027 31256 I CameraView: invokeOnAverageFpsChanged(0.0)
08-20 14:10:24.072   962 15537 D CHIUSECASE: [DEBUG  ] chifeature2graphselector.cpp:5039 GetFeatureHint() App did not set number of frames
08-20 14:10:24.123   962 15537 D CHIUSECASE: [DEBUG  ] chifeature2graphselector.cpp:5039 GetFeatureHint() App did not set number of frames
08-20 14:10:24.207   962 15537 D CHIUSECASE: [DEBUG  ] chifeature2graphselector.cpp:5039 GetFeatureHint() App did not set number of frames
08-20 14:10:24.277   962 15537 D CHIUSECASE: [DEBUG  ] chifeature2graphselector.cpp:5039 GetFeatureHint() App did not set number of frames
08-20 14:10:24.338   962 15537 D CHIUSECASE: [DEBUG  ] chifeature2graphselector.cpp:5039 GetFeatureHint() App did not set number of frames
08-20 14:10:24.386   962 15537 D CHIUSECASE: [DEBUG  ] chifeature2graphselector.cpp:5039 GetFeatureHint() App did not set number of frames
