08-20 14:10:15.405 31027 31027 D AudioTrack: createTrack_l(115): AUDIO_OUTPUT_FLAG_FAST denied by server; frameCount 0 -> 7199
08-20 14:10:15.406 31027 31027 D AudioTrack: setVolume: mRelativePercentage:1.000000, left:1.000000, right:1.000000
08-20 14:10:15.408  1024  2301 W AudioFlinger: The package name(android) provided does not correspond to the uid 1041
08-20 14:10:15.414   957  1949 I EffectsFactory: EffectCreate() create_effect
08-20 14:10:15.414   957  1949 V DlbVolumeListener: Create Dolby Listener Effect.
08-20 14:10:15.414   957  1949 V DlbVolumeListener: create CREATED_CONTEXT 0xe8040d30
08-20 14:10:15.414   957  1949 I DlbVolumeListener: create() Created effect System Listener
08-20 14:10:15.414   957  1949 V DlbVolumeListener: effectGetDescriptor
08-20 14:10:15.414   957  1949 I DlbVolumeListener: effectGetDescriptor() Returning descriptor for System Listener
08-20 14:10:15.415   957  1949 V DlbVolumeListener: effectGetDescriptor
08-20 14:10:15.415   957  1949 I DlbVolumeListener: effectGetDescriptor() Returning descriptor for System Listener
08-20 14:10:15.415   957  1156 V DlbVolumeListener: effectCommand
08-20 14:10:15.415   957  1156 V DlbVolumeListener: effectCommand :: Command EFFECT_CMD_INIT
08-20 14:10:15.415   957  2216 V DlbVolumeListener: effectCommand
08-20 14:10:15.416   957  2216 V DlbVolumeListener: effectCommand
08-20 14:10:15.416   957  2216 V DlbVolumeListener: effectCommand :: Command EFFECT_CMD_SET_CONFIG
08-20 14:10:15.416   957  2216 V DlbVolumeListener: effectCommand
08-20 14:10:15.417  1024  2301 D APM_AudioPolicyManager: startOutput() output 13, stream 1, session 633
08-20 14:10:15.419 31027 31027 I CameraView: invokeOnShutter(PHOTO)
08-20 14:10:15.420   957  1156 V DlbVolumeListener: effectCommand
08-20 14:10:15.420   957  1156 V DlbVolumeListener: effectCommand :: Command EFFECT_CMD_ENABLE
08-20 14:10:15.420   957  1949 V DlbVolumeListener: effectCommand
08-20 14:10:15.420   957  1949 V DlbVolumeListener: Command EFFECT_CMD_SET_VOLUME
08-20 14:10:15.421   957  2310 D DlbDapEndpointParamCache: commit() Applying parameters for device 0x40000000
08-20 14:10:15.421   957  2310 D DlbDap2Process: setParam(preg = #1[-266])
08-20 14:10:15.421   957  2310 D DlbDapEndpointParamCache: doCommit() Committed 1 parameters out of 13.
08-20 14:10:15.421   957  2310 D DlbDapEndpointParamCache: commit() Overriding parameters for current device 0x00000002
08-20 14:10:15.421   957  2310 D DlbDapEndpointParamCache: doCommit() Committed 0 parameters out of 65.
08-20 14:10:15.472  3516  3516 E NEW_BHD : Cycles Write - Can not open /sys/class/power_supply/battery/cycle_count, errno = 13 (Permission denied)
08-20 14:10:15.473  1817  2169 D BatteryService: uevent={POWER_SUPPLY_VOLTAGE_NOW=3914000, POWER_SUPPLY_CHARGE_CONTROL_LIMIT_MAX=8, POWER_SUPPLY_TYPE=Battery, POWER_SUPPLY_HEALTH=Good, POWER_SUPPLY_TECHNOLOGY=Li-ion, POWER_SUPPLY_CHARGE_FULL_DESIGN=5000000, SEQNUM=9330, POWER_SUPPLY_CHARGE_CONTROL_LIMIT=0, POWER_SUPPLY_STATUS=Charging, POWER_SUPPLY_CURRENT_MAX=3000000, POWER_SUPPLY_CYCLE_COUNT=0, POWER_SUPPLY_CAPACITY=19, DEVPATH=/devices/platform/soc/soc:mmi,discrete-charging/power_supply/battery, POWER_SUPPLY_CHARGE_TYPE=Fast, POWER_SUPPLY_INPUT_CURRENT_LIMIT=0, POWER_SUPPLY_CURRENT_NOW=1049000, POWER_SUPPLY_PRESENT=1, POWER_SUPPLY_CHARGE_FULL=5000000, POWER_SUPPLY_CONSTANT_CHARGE_CURRENT=3000000, SUBSYSTEM=power_supply, POWER_SUPPLY_TEMP=360, ACTION=change, POWER_SUPPLY_NAME=battery, POWER_SUPPLY_VOLTAGE_MAX=4450000, POWER_SUPPLY_CONSTANT_CHARGE_CURRENT_MAX=3000000, POWER_SUPPLY_CHARGE_COUNTER=950000}
08-20 14:10:15.473  1817  2169 D BatteryService: uevent={POWER_SUPPLY_VOLTAGE_NOW=3914000, POWER_SUPPLY_CHARGE_CONTROL_LIMIT_MAX=8, POWER_SUPPLY_TYPE=Battery, POWER_SUPPLY_HEALTH=Good, POWER_SUPPLY_TECHNOLOGY=Li-ion, POWER_SUPPLY_CHARGE_FULL_DESIGN=5000000, SEQNUM=9330, POWER_SUPPLY_CHARGE_CONTROL_LIMIT=0, POWER_SUPPLY_STATUS=Charging, POWER_SUPPLY_CURRENT_MAX=3000000, POWER_SUPPLY_CYCLE_COUNT=0, POWER_SUPPLY_CAPACITY=19, DEVPATH=/devices/platform/soc/soc:mmi,discrete-charging/power_supply/battery, POWER_SUPPLY_CHARGE_TYPE=Fast, POWER_SUPPLY_INPUT_CURRENT_LIMIT=0, POWER_SUPPLY_CURRENT_NOW=1049000, POWER_SUPPLY_PRESENT=1, POWER_SUPPLY_CHARGE_FULL=5000000, POWER_SUPPLY_CONSTANT_CHARGE_CURRENT=3000000, SUBSYSTEM=power_supply, POWER_SUPPLY_TEMP=360, ACTION=change, POWER_SUPPLY_NAME=battery, POWER_SUPPLY_VOLTAGE_MAX=4450000, POWER_SUPPLY_CONSTANT_CHARGE_CURRENT_MAX=3000000, POWER_SUPPLY_CHARGE_COUNTER=950000}
08-20 14:10:15.490  2706  2706 D QtiCarrierConfigHelper: WARNING, no carrier configs on phone Id: 0
08-20 14:10:15.492  4335  4685 D CmdCenter: - RowBase2: sPrevModStatus: 1, modStatus: 1
08-20 14:10:15.492  2786  2786 V DeviceStatisticsService: chargerType=1 batteryLevel=19 totalBatteryCapacity=5000000
08-20 14:10:15.492  4335  4685 D CmdCenter: - RowBase2: sPrevPlugType: 1 plugType: 1
08-20 14:10:15.578   962 15537 D CHIUSECASE: [DEBUG  ] chifeature2graphselector.cpp:5039 GetFeatureHint() App did not set number of frames
08-20 14:10:15.647   957  2216 V DlbVolumeListener: effectCommand
08-20 14:10:15.647   957  2216 V DlbVolumeListener: effectCommand :: Command EFFECT_CMD_DISABLE
08-20 14:10:15.648   957  2310 D DlbDapEndpointParamCache: commit() Applying parameters for device 0x40000000
08-20 14:10:15.648   957  2310 D DlbDap2Process: setParam(preg = #1[-2080])
08-20 14:10:15.648   957  2310 D DlbDapEndpointParamCache: doCommit() Committed 1 parameters out of 13.
08-20 14:10:15.648   957  2310 D DlbDapEndpointParamCache: commit() Overriding parameters for current device 0x00000002
08-20 14:10:15.648   957  2310 D DlbDapEndpointParamCache: doCommit() Committed 0 parameters out of 65.
08-20 14:10:15.648   957  2216 V DlbVolumeListener: release(handle=0xe8040d30)
08-20 14:10:15.650  1024  1421 D APM_AudioPolicyManager: stopOutput() output 13, stream 1, session 633
08-20 14:10:15.654   962 15537 D CHIUSECASE: [DEBUG  ] chifeature2graphselector.cpp:5039 GetFeatureHint() App did not set number of frames
08-20 14:10:15.698   962 15537 D CHIUSECASE: [DEBUG  ] chifeature2graphselector.cpp:5039 GetFeatureHint() App did not set number of frames
08-20 14:10:15.755   962 15537 D CHIUSECASE: [DEBUG  ] chifeature2graphselector.cpp:5039 GetFeatureHint() App did not set number of frames
08-20 14:10:15.793   962 15537 D CHIUSECASE: [DEBUG  ] chifeature2graphselector.cpp:5039 GetFeatureHint() App did not set number of frames
08-20 14:10:15.847   962 15537 D CHIUSECASE: [DEBUG  ] chifeature2graphselector.cpp:5039 GetFeatureHint() App did not set number of frames
08-20 14:10:15.876   962  1790 E CamX    : [ERROR][MEMMGR ] camximagebuffer.h:668 IsInValidUsageState() [ZSLPreviewRaw_LT1080p_com.qti.node.gpu2_OutputPortId4_ ][0xb40000733125d590] Client trying to use after releasing the ImageBuffer
08-20 14:10:15.888   962  1794 W CHIGPU  : [WARN   ] camxchinodegpu.cpp:5990 UpdateFlip() Retrieved metadata for com.lenovo.moto.control.flip_still: 0. Rotation: 1
08-20 14:10:15.888   962  1794 E CHIGPU  : [ERROR  ] camxchinodegpu.cpp:5678 ProcessRequest() [BYPASS] ProcessRequest GPU NOFLIP  0 , rotation = 1
08-20 14:10:15.890   962  1794 W CamX    : [ WARN][JPEG   ] camxjpegswencnode.cpp:1348 GetVendorTagValues() Invalid thumbnail dimensions received. So, output JPEG Thumb dims updated to default dims 320 180
08-20 14:10:15.893   962 15537 D CHIUSECASE: [DEBUG  ] chifeature2graphselector.cpp:5039 GetFeatureHint() App did not set number of frames
08-20 14:10:15.893   962  1794 E JPEG_SW_LIB: jpege_engine_hybrid_start : Source (WxH) = 4080 x 2296 
08-20 14:10:15.893   962  1794 E JPEG_SW_LIB: jpege_engine_hybrid_start : Source Rotation = 0 
08-20 14:10:15.893   962  1794 E JPEG_SW_LIB: jpege_engine_hybrid_start : Scale En = 0 
08-20 14:10:15.893   962  1794 E JPEG_SW_LIB: jpege_engine_hybrid_start : Stride En = 1 
08-20 14:10:15.893   962  1794 E JPEG_SW_LIB: jpege_engine_hybrid_start : Stride in Y = 4096 
08-20 14:10:15.893   962  1794 E JPEG_SW_LIB: jpege_engine_hybrid_start : Stride in UV = 4096 
08-20 14:10:15.893   962  1794 E JPEG_SW_LIB: jpege_engine_hybrid_start : Stride out Y = 0 
08-20 14:10:15.893   962  1794 E JPEG_SW_LIB: jpege_engine_hybrid_start : Stride out UV = 0 
08-20 14:10:15.893   962  1794 E JPEG_SW_LIB: jpege_engine_hybrid_configure : Slice Num = 0, Slice Height = 576 
08-20 14:10:15.893   962  1794 E JPEG_SW_LIB: jpege_engine_hybrid_configure : Slice Num = 1, Slice Height = 576 
08-20 14:10:15.893   962  1794 E JPEG_SW_LIB: jpege_engine_hybrid_configure : Slice Num = 2, Slice Height = 576 
08-20 14:10:15.893   962  1794 E JPEG_SW_LIB: jpege_engine_hybrid_configure : Slice Num = 3, Slice Height = 568 
08-20 14:10:15.934   962 31608 E JPEG_SW_LIB:  
08-20 14:10:15.934   962 31608 E JPEG_SW_LIB:  Encoding Completed 
08-20 14:10:15.934   962 31608 E JPEG_SW_LIB: jpege_engine_hybrid_start : Source (WxH) = 510 x 288 
08-20 14:10:15.934   962 31608 E JPEG_SW_LIB: jpege_engine_hybrid_start : Source Rotation = 0 
08-20 14:10:15.934   962 31608 E JPEG_SW_LIB: jpege_engine_hybrid_start : Scale En = 1 
08-20 14:10:15.934   962 31608 E JPEG_SW_LIB: jpege_engine_hybrid_start : Scale in W = 510 
08-20 14:10:15.934   962 31608 E JPEG_SW_LIB: jpege_engine_hybrid_start : Scale in H = 288 
08-20 14:10:15.934   962 31608 E JPEG_SW_LIB: jpege_engine_hybrid_start : Scale out W = 320 
08-20 14:10:15.934   962 31608 E JPEG_SW_LIB: jpege_engine_hybrid_start : Scale out H = 180 
08-20 14:10:15.934   962 31608 E JPEG_SW_LIB: jpege_engine_hybrid_start : Stride En = 0 
08-20 14:10:15.935   962 31608 E JPEG_SW_LIB: jpege_engine_hybrid_configure : Slice Num = 0, Slice Height = 48 
08-20 14:10:15.935   962 31608 E JPEG_SW_LIB: jpege_engine_hybrid_configure : Slice Num = 1, Slice Height = 48 
08-20 14:10:15.935   962 31608 E JPEG_SW_LIB: jpege_engine_hybrid_configure : Slice Num = 2, Slice Height = 48 
08-20 14:10:15.935   962 31608 E JPEG_SW_LIB: jpege_engine_hybrid_configure : Slice Num = 3, Slice Height = 36 
08-20 14:10:15.936   962 31612 E JPEG_SW_LIB:  
08-20 14:10:15.936   962 31612 E JPEG_SW_LIB:  Encoding Completed 
08-20 14:10:15.949 31027 31384 D MetadataImageReader: Skip to acquire the next image because the acquired image count has reached the max images count.
08-20 14:10:15.950 31027 31027 D qdgralloc: GetYUVPlaneInfo: Invalid format passed: 0x21
08-20 14:10:15.951 31027 31027 D TakePictureManager: Issue the next TakePictureRequest.
08-20 14:10:15.951 31027 31027 D TakePictureManager: No new request.
08-20 14:10:15.953   962 15537 D CHIUSECASE: [DEBUG  ] chifeature2graphselector.cpp:5039 GetFeatureHint() App did not set number of frames
08-20 14:10:15.980 31027 31238 I ImageCapture: Image Saved Duration from start: 1326ms
08-20 14:10:15.981 31027 31234 I CameraView.takePhoto: Successfully captured 4080 x 2296 photo!
08-20 14:10:15.982 31027 31224 I ReactNativeJS: Capture completed
08-20 14:10:15.982 31027 31224 I ReactNativeJS:       
08-20 14:10:15.982 31027 31224 I ReactNativeJS:       	Duration: 1338ms
08-20 14:10:15.982 31027 31224 I ReactNativeJS:       	Device name: 0 (BACK) androidx.camera.camera2
08-20 14:10:15.982 31027 31224 I ReactNativeJS:       	Format: {
08-20 14:10:15.982 31027 31224 I ReactNativeJS: 	  "videoStabilizationModes": [
08-20 14:10:15.982 31027 31224 I ReactNativeJS: 	    "off",
08-20 14:10:15.982 31027 31224 I ReactNativeJS: 	    "cinematic"
08-20 14:10:15.982 31027 31224 I ReactNativeJS: 	  ],
08-20 14:10:15.982 31027 31224 I ReactNativeJS: 	  "autoFocusSystem": "contrast-detection",
08-20 14:10:15.982 31027 31224 I ReactNativeJS: 	  "photoWidth": 4080,
08-20 14:10:15.982 31027 31224 I ReactNativeJS: 	  "supportsPhotoHdr": false,
08-20 14:10:15.982 31027 31224 I ReactNativeJS: 	  "supportsDepthCapture": false,
08-20 14:10:15.982 31027 31224 I ReactNativeJS: 	  "maxISO": 6400,
08-20 14:10:15.982 31027 31224 I ReactNativeJS: 	  "minISO": 100,
08-20 14:10:15.982 31027 31224 I ReactNativeJS: 	  "minFps": 10,
08-20 14:10:15.982 31027 31224 I ReactNativeJS: 	  "videoWidth": 1920,
08-20 14:10:15.982 31027 31224 I ReactNativeJS: 	  "supportsVideoHdr": false,
08-20 14:10:15.982 31027 31224 I ReactNativeJS: 	  "videoHeight": 1080,
08-20 14:10:15.982 31027 31224 I ReactNativeJS: 	  "fieldOfView": 75.04000877522147,
08-20 14:10:15.982 31027 31224 I ReactNativeJS: 	  "maxFps": 30,
08-20 14:10:15.982 31027 31224 I ReactNativeJS: 	  "photoHeight": 2296
08-20 14:10:15.982 31027 31224 I ReactNativeJS: 	}
08-20 14:10:15.982 31027 31224 I ReactNativeJS:       
08-20 14:10:15.990   962 15537 D CHIUSECASE: [DEBUG  ] chifeature2graphselector.cpp:5039 GetFeatureHint() App did not set number of frames
08-20 14:10:16.022  2413  3259 D Avrcp_ext: AudioManager Player: AudioPlaybackConfiguration piid:71 deviceId:0 type:android.media.SoundPool u/pid:10353/2446 state:idle attr:AudioAttributes: usage=USAGE_ASSISTANCE_SONIFICATION content=CONTENT_TYPE_SONIFICATION flags=0x800 tags= bundle=null sessionId:0
08-20 14:10:16.023  2413  3259 D Avrcp_ext: AudioManager Player: AudioPlaybackConfiguration piid:87 deviceId:0 type:android.media.MediaPlayer u/pid:10343/2825 state:idle attr:AudioAttributes: usage=USAGE_MEDIA content=CONTENT_TYPE_MUSIC flags=0x800 tags= bundle=null sessionId:0
08-20 14:10:16.023  2413  3259 D Avrcp_ext: AudioManager Player: AudioPlaybackConfiguration piid:63 deviceId:0 type:android.media.SoundPool u/pid:1000/1817 state:idle attr:AudioAttributes: usage=USAGE_ASSISTANCE_SONIFICATION content=CONTENT_TYPE_SONIFICATION flags=0x800 tags= bundle=null sessionId:0
08-20 14:10:16.023  2413  3259 D Avrcp_ext: AudioManager Player: AudioPlaybackConfiguration piid:111 deviceId:0 type:android.media.SoundPool u/pid:1027/3944 state:idle attr:AudioAttributes: usage=USAGE_ASSISTANCE_SONIFICATION content=CONTENT_TYPE_SONIFICATION flags=0x800 tags= bundle=null sessionId:0
08-20 14:10:16.023  2413  3259 D Avrcp_ext: AudioManager Player: AudioPlaybackConfiguration piid:351 deviceId:0 type:android.media.MediaPlayer u/pid:10186/29537 state:idle attr:AudioAttributes: usage=USAGE_UNKNOWN content=CONTENT_TYPE_UNKNOWN flags=0x800 tags= bundle=null sessionId:0
08-20 14:10:16.023  2413  3259 D Avrcp_ext: AudioManager isPlaying: false, mAudioPlaybackIsActive = false
08-20 14:10:16.023  2413  3259 D Avrcp_ext: AudioManager Reset Active Player
08-20 14:10:16.051   962 15537 D CHIUSECASE: [DEBUG  ] chifeature2graphselector.cpp:5039 GetFeatureHint() App did not set number of frames
08-20 14:10:16.068 31027 31256 I CameraView: invokeOnAverageFpsChanged(0.0)
08-20 14:10:16.091   962 15537 D CHIUSECASE: [DEBUG  ] chifeature2graphselector.cpp:5039 GetFeatureHint() App did not set number of frames
08-20 14:10:16.152   962 15537 D CHIUSECASE: [DEBUG  ] chifeature2graphselector.cpp:5039 GetFeatureHint() App did not set number of frames
08-20 14:10:16.216   962 15537 D CHIUSECASE: [DEBUG  ] chifeature2graphselector.cpp:5039 GetFeatureHint() App did not set number of frames
08-20 14:10:16.257   962 15537 D CHIUSECASE: [DEBUG  ] chifeature2graphselector.cpp:5039 GetFeatureHint() App did not set number of frames
08-20 14:10:16.295   962 15537 D CHIUSECASE: [DEBUG  ] chifeature2graphselector.cpp:5039 GetFeatureHint() App did not set number of frames
08-20 14:10:16.344   962  1783 D CHIUSECASE: [DEBUG  ] chifeature2graphselector.cpp:5039 GetFeatureHint() App did not set number of frames
08-20 14:10:16.395   962  1783 D CHIUSECASE: [DEBUG  ] chifeature2graphselector.cpp:5039 GetFeatureHint() App did not set number of frames
08-20 14:10:16.450   962  1783 D CHIUSECASE: [DEBUG  ] chifeature2graphselector.cpp:5039 GetFeatureHint() App did not set number of frames
08-20 14:10:16.495   962  1783 D CHIUSECASE: [DEBUG  ] chifeature2graphselector.cpp:5039 GetFeatureHint() App did not set number of frames
08-20 14:10:16.556   962  1783 D CHIUSECASE: [DEBUG  ] chifeature2graphselector.cpp:5039 GetFeatureHint() App did not set number of frames
08-20 14:10:16.599   962  1783 D CHIUSECASE: [DEBUG  ] chifeature2graphselector.cpp:5039 GetFeatureHint() App did not set number of frames
08-20 14:10:16.648   971   971 I QTI PowerHAL: Power setBoost: 0, duration: 0
08-20 14:10:16.648   962 15537 D CHIUSECASE: [DEBUG  ] chifeature2graphselector.cpp:5039 GetFeatureHint() App did not set number of frames
08-20 14:10:16.650   971   971 I QTI PowerHAL: Power setBoost: 0, duration: 0
08-20 14:10:16.709   962 15537 D CHIUSECASE: [DEBUG  ] chifeature2graphselector.cpp:5039 GetFeatureHint() App did not set number of frames
08-20 14:10:16.746   962 15537 D CHIUSECASE: [DEBUG  ] chifeature2graphselector.cpp:5039 GetFeatureHint() App did not set number of frames
08-20 14:10:16.749   971   971 I QTI PowerHAL: Power setBoost: 0, duration: 0
08-20 14:10:16.749   971   971 I QTI PowerHAL: Power setBoost: 0, duration: 0
08-20 14:10:16.792   962 15537 D CHIUSECASE: [DEBUG  ] chifeature2graphselector.cpp:5039 GetFeatureHint() App did not set number of frames
08-20 14:10:16.794 31027 31224 I ReactNativeJS: starting capture
08-20 14:10:16.800 31027 31027 D CameraView: Finding view 3...
08-20 14:10:16.800 31027 31027 D CameraView: Found view 3!
08-20 14:10:16.801 31027 31234 I CameraView.takePhoto: Taking photo... Options: {enableShutterSound=true, flash=off}
08-20 14:10:16.803 31027 31237 D UseCaseAttachState: Active and attached use case: [androidx.camera.core.ImageCapture-d188ee05-9826-47b2-8c24-f131c927375d141721169, androidx.camera.core.Preview-69401ba6-fff6-4289-8820-35d4d781df9435706744] for camera: 0
08-20 14:10:16.804 31027 31027 D ImageCapture: takePictureInternal
08-20 14:10:16.804 31027 31027 D CameraOrientationUtil: getRelativeImageRotation: destRotationDegrees=0, sourceRotationDegrees=90, isOppositeFacing=true, result=90
08-20 14:10:16.804 31027 31027 D TakePictureManager: Issue the next TakePictureRequest.
08-20 14:10:16.807 31027 31237 D CaptureSession: Attempting to submit CaptureRequest after setting
08-20 14:10:16.807 31027 31237 D CaptureSession: Issuing request for session.
08-20 14:10:16.807 31027 31237 D Camera2CaptureRequestBuilder: createCaptureRequest
08-20 14:10:16.809 31027 31672 D MediaCodecList: codecHandlesFormat: no format, so no extra checks
08-20 14:10:16.809 31027 31672 D MediaCodecList: codecHandlesFormat: no format, so no extra checks
08-20 14:10:16.810 31027 31672 I MediaCodec: (0xb4000071da03fae0) init name(c2.android.vorbis.decoder)
08-20 14:10:16.810 31027 31673 D CCodec  : allocate(c2.android.vorbis.decoder)
08-20 14:10:16.814 31027 31673 I CCodec  : setting up 'default' as default (vendor) store
08-20 14:10:16.814  1422  2544 V C2Store : in init
08-20 14:10:16.815  1422  2544 V C2Store : loading dll
08-20 14:10:16.816 31027 31673 I CCodec  : Created component [c2.android.vorbis.decoder]
08-20 14:10:16.816 31027 31673 D CCodecConfig: read media type: audio/vorbis
08-20 14:10:16.818 31027 31673 D ReflectedParamUpdater: extent() != 1 for single value type: algo.buffers.max-count.values
08-20 14:10:16.819 31027 31673 D ReflectedParamUpdater: extent() != 1 for single value type: output.subscribed-indices.values
08-20 14:10:16.819 31027 31673 D ReflectedParamUpdater: extent() != 1 for single value type: input.buffers.allocator-ids.values
08-20 14:10:16.819 31027 31673 D ReflectedParamUpdater: extent() != 1 for single value type: output.buffers.allocator-ids.values
08-20 14:10:16.819 31027 31673 D ReflectedParamUpdater: extent() != 1 for single value type: algo.buffers.allocator-ids.values
08-20 14:10:16.819 31027 31673 D ReflectedParamUpdater: extent() != 1 for single value type: output.buffers.pool-ids.values
08-20 14:10:16.819 31027 31673 D ReflectedParamUpdater: extent() != 1 for single value type: algo.buffers.pool-ids.values
08-20 14:10:16.820 31027 31673 I CCodecConfig: query failed after returning 7 values (BAD_INDEX)
08-20 14:10:16.820 31027 31673 D CCodecConfig: c2 config diff is Dict {
08-20 14:10:16.820 31027 31673 D CCodecConfig:   c2::u32 coded.bitrate.value = 64000
08-20 14:10:16.820 31027 31673 D CCodecConfig:   c2::u32 input.buffers.max-size.value = 32768
08-20 14:10:16.820 31027 31673 D CCodecConfig:   c2::u32 input.delay.value = 0
08-20 14:10:16.820 31027 31673 D CCodecConfig:   string input.media-type.value = "audio/vorbis"
08-20 14:10:16.820 31027 31673 D CCodecConfig:   string output.media-type.value = "audio/raw"
08-20 14:10:16.820 31027 31673 D CCodecConfig:   c2::u32 raw.channel-count.value = 1
08-20 14:10:16.820 31027 31673 D CCodecConfig:   c2::u32 raw.sample-rate.value = 48000
08-20 14:10:16.820 31027 31673 D CCodecConfig: }
08-20 14:10:16.820 31027 31673 I MediaCodec: (0xb4000071da03fae0) Component Allocated (c2.android.vorbis.decoder)
08-20 14:10:16.820 31027 31672 I MediaCodec: (0xb4000071da03fae0) configure surface(0x0) crypto(0x0) flags(0)
08-20 14:10:16.820 31027 31672 D MediaCodec: (0xb4000071da03fae0) configure format: AMessage(what = 0x00000000) = {
08-20 14:10:16.820 31027 31672 D MediaCodec:       string mime = "audio/vorbis"
08-20 14:10:16.820 31027 31672 D MediaCodec:       int64_t durationUs = 149979
08-20 14:10:16.820 31027 31672 D MediaCodec:       int32_t track-id = 1
08-20 14:10:16.820 31027 31672 D MediaCodec:       Buffer csd-0 = {
08-20 14:10:16.820 31027 31672 D MediaCodec:         00000000:  01 76 6f 72 62 69 73 00  00 00 00 01 80 bb 00 00  .vorbis.........
08-20 14:10:16.820 31027 31672 D MediaCodec:         00000010:  00 00 00 00 30 a9 03 00  00 00 00 00 b8 01        ....0.........
08-20 14:10:16.820 31027 31672 D MediaCodec:       }
08-20 14:10:16.820 31027 31672 D MediaCodec:       Buffer *csd-1 = 0xb4000070ca001b90
08-20 14:10:16.820 31027 31672 D MediaCodec:       int32_t bitrate = 239920
08-20 14:10:16.820 31027 31672 D MediaCodec:       int32_t channel-count = 1
08-20 14:10:16.820 31027 31672 D MediaCodec:       int32_t sample-rate = 48000
08-20 14:10:16.820 31027 31672 D MediaCodec:       int32_t channel-mask = 1
08-20 14:10:16.820 31027 31672 D MediaCodec:     }
08-20 14:10:16.820 31027 31673 D MediaCodec: flushMediametrics
08-20 14:10:16.820 31027 31673 D CCodec  : [c2.android.vorbis.decoder] buffers are bound to CCodec for this session
08-20 14:10:16.821 31027 31673 D CCodecConfig: no c2 equivalents for durationUs
08-20 14:10:16.821 31027 31673 D CCodecConfig: no c2 equivalents for track-id
08-20 14:10:16.821 31027 31673 D CCodecConfig: no c2 equivalents for csd-1
08-20 14:10:16.821 31027 31673 D CCodecConfig: no c2 equivalents for channel-mask
08-20 14:10:16.821 31027 31673 D CCodecConfig: no c2 equivalents for flags
08-20 14:10:16.821 31027 31673 D CCodecConfig: c2 config diff is   c2::u32 coded.bitrate.value = 239920
08-20 14:10:16.821 31027 31673 W Codec2Client: query -- param skipped: index = 1107298332.
08-20 14:10:16.821 31027 31673 D CCodec  : setup formats input: AMessage(what = 0x00000000) = {
08-20 14:10:16.821 31027 31673 D CCodec  :   int32_t bitrate = 239920
08-20 14:10:16.821 31027 31673 D CCodec  :   int32_t channel-count = 1
08-20 14:10:16.821 31027 31673 D CCodec  :   int32_t max-input-size = 32768
08-20 14:10:16.821 31027 31673 D CCodec  :   string mime = "audio/vorbis"
08-20 14:10:16.821 31027 31673 D CCodec  :   int32_t sample-rate = 48000
08-20 14:10:16.821 31027 31673 D CCodec  : }
08-20 14:10:16.821 31027 31673 D CCodec  : setup formats output: AMessage(what = 0x00000000) = {
08-20 14:10:16.821 31027 31673 D CCodec  :   int32_t channel-count = 1
08-20 14:10:16.821 31027 31673 D CCodec  :   string mime = "audio/raw"
08-20 14:10:16.821 31027 31673 D CCodec  :   int32_t sample-rate = 48000
08-20 14:10:16.821 31027 31673 D CCodec  :   int32_t channel-mask = 1
08-20 14:10:16.821 31027 31673 D CCodec  :   int32_t android._config-pcm-encoding = 2
08-20 14:10:16.821 31027 31673 D CCodec  : }
08-20 14:10:16.822 31027 31673 I CCodecConfig: query failed after returning 7 values (BAD_INDEX)
08-20 14:10:16.822 31027 31672 I MediaCodec: (0xb4000071da03fae0) start
08-20 14:10:16.822 31027 31673 W Codec2Client: query -- param skipped: index = 1342179345.
08-20 14:10:16.822 31027 31673 W Codec2Client: query -- param skipped: index = 2415921170.
08-20 14:10:16.823 31027 31673 D CCodecBufferChannel: [c2.android.vorbis.decoder#668] Created input block pool with allocatorID 16 => poolID 23 - OK (0)
08-20 14:10:16.823  1422  2544 D BufferPoolAccessor2.0: bufferpool2 0xb400007c12c74bc8 : 0(0 size) total buffers - 0(0 size) used buffers - 33/35 (recycle/alloc) - 2/34 (fetch/transfer)
08-20 14:10:16.823  1422  2544 D BufferPoolAccessor2.0: Destruction - bufferpool2 0xb400007c12c74bc8 cached: 0/0M, 0/0% in use; allocs: 35, 94% recycled; transfers: 34, 94% unfetched
08-20 14:10:16.823 31027 31594 D BufferPoolAccessor2.0: bufferpool2 0xb40000716a135528 : 0(0 size) total buffers - 0(0 size) used buffers - 1/7 (recycle/alloc) - 6/74 (fetch/transfer)
08-20 14:10:16.824 31027 31594 D BufferPoolAccessor2.0: Destruction - bufferpool2 0xb40000716a135528 cached: 0/0M, 0/0% in use; allocs: 7, 14% recycled; transfers: 74, 92% unfetched
08-20 14:10:16.824 31027 31673 I CCodecBufferChannel: [c2.android.vorbis.decoder#668] Created output block pool with allocatorID 16 => poolID 57 - OK
08-20 14:10:16.824 31027 31673 D CCodecBufferChannel: [c2.android.vorbis.decoder#668] Configured output block pool ids 57 => OK
08-20 14:10:16.824 31027 31673 D CCodecBufferChannel: [c2.android.vorbis.decoder#668] start: updating output delay 0
08-20 14:10:16.825 31027 31673 I CCodecBufferChannel: pipelineRoom(3) is <= numClientBuffers(3). Not signalling any more buffers to client
08-20 14:10:16.825 31027 31673 I MediaCodec: (0xb4000071da03fae0) kWhatStartCompleted
08-20 14:10:16.826 31027 31673 I CCodecBufferChannel: pipelineRoom(2) is <= numClientBuffers(2). Not signalling any more buffers to client
08-20 14:10:16.827  1422 31674 D SimpleC2Component: Using output block pool with poolID 57 => got 57 - 0
08-20 14:10:16.828 31027 31673 I CCodecBufferChannel: pipelineRoom(1) is <= numClientBuffers(1). Not signalling any more buffers to client
08-20 14:10:16.845   962 15537 D CHIUSECASE: [DEBUG  ] chifeature2graphselector.cpp:5039 GetFeatureHint() App did not set number of frames
08-20 14:10:16.856 31027 31593 D BufferPoolAccessor2.0: evictor expired: 1, evicted: 0
08-20 14:10:16.857  1422  2196 D BufferPoolAccessor2.0: evictor expired: 1, evicted: 0
08-20 14:10:16.866 31027 31672 I MediaCodec: (0xb4000071da03fae0) stop
08-20 14:10:16.866 31027 31673 D CCodecBufferChannel: [c2.android.vorbis.decoder#668] MediaCodec discarded an unknown buffer
08-20 14:10:16.866 31027 31673 D CCodecBufferChannel: [c2.android.vorbis.decoder#668] MediaCodec discarded an unknown buffer
08-20 14:10:16.866 31027 31673 D CCodecBufferChannel: [c2.android.vorbis.decoder#668] MediaCodec discarded an unknown buffer
08-20 14:10:16.867 31027 31672 I MediaCodec: (0xb4000071da03fae0) release
08-20 14:10:16.867 31027 31673 I hw-BpHwBinder: onLastStrongRef automatically unlinking death recipients
08-20 14:10:16.867  1422  2496 I hw-BpHwBinder: onLastStrongRef automatically unlinking death recipients
08-20 14:10:16.867  1422  2496 V C2Store : in ~ComponentModule
08-20 14:10:16.867  1422  2496 V C2Store : unloading dll
08-20 14:10:16.868 31027 31672 D MediaCodec: flushMediametrics
08-20 14:10:16.896   962 15537 D CHIUSECASE: [DEBUG  ] chifeature2graphselector.cpp:5039 GetFeatureHint() App did not set number of frames
08-20 14:10:16.911   962 31361 W CamX    : [ WARN][NCS    ] camxncsintfqsee.cpp:2512 FillSensorData() connIndex 0 Current position 224 is locked for access by clients, dropping this data
08-20 14:10:16.930   962  1794 E CamX    : [ERROR][MEMMGR ] camximagebuffer.h:668 IsInValidUsageState() [ZSLPreviewRaw_LT1080p_com.qti.node.gpu2_OutputPortId4_ ][0xb4000073312ec950] Client trying to use after releasing the ImageBuffer
08-20 14:10:16.943   962 15537 D CHIUSECASE: [DEBUG  ] chifeature2graphselector.cpp:5039 GetFeatureHint() App did not set number of frames
08-20 14:10:16.998   962 15537 D CHIUSECASE: [DEBUG  ] chifeature2graphselector.cpp:5039 GetFeatureHint() App did not set number of frames
08-20 14:10:17.047 31027 31092 I OpenGLRenderer: Davey! duration=9223370500060ms; Flags=0, FrameTimelineVsyncId=174743, IntendedVsync=1536794503074, Vsync=1536794503074, InputEventId=0, HandleInputStart=1536794994932, AnimationStart=1536794999568, PerformTraversalsStart=1536795458786, DrawStart=1536795677797, FrameDeadline=1536827836406, FrameInterval=1536794978422, FrameStartTime=16666666, SyncQueued=1536795703578, SyncStart=1536795759828, IssueDrawCommandsStart=1536795825922, SwapBuffers=1536796389047, FrameCompleted=9223372036854775807, DequeueBufferDuration=21146, QueueBufferDuration=541771, GpuCompleted=9223372036854775807, SwapBuffersCompleted=1536797218109, DisplayPresentTime=0, 
08-20 14:10:17.053   962 15537 D CHIUSECASE: [DEBUG  ] chifeature2graphselector.cpp:5039 GetFeatureHint() App did not set number of frames
08-20 14:10:17.069 31027 31256 I CameraView: invokeOnAverageFpsChanged(0.0)
08-20 14:10:17.096   962  1783 D CHIUSECASE: [DEBUG  ] chifeature2graphselector.cpp:5039 GetFeatureHint() App did not set number of frames
08-20 14:10:17.155   962  1783 D CHIUSECASE: [DEBUG  ] chifeature2graphselector.cpp:5039 GetFeatureHint() App did not set number of frames
08-20 14:10:17.211   962  1783 D CHIUSECASE: [DEBUG  ] chifeature2graphselector.cpp:5039 GetFeatureHint() App did not set number of frames
08-20 14:10:17.213 31027 31236 D Camera2CameraImpl: {Camera@abb0f0[id=0]} Issue capture request
08-20 14:10:17.214 31027 31236 D CaptureSession: Issuing capture request.
08-20 14:10:17.217 31027 31236 D Camera2CaptureRequestBuilder: createCaptureRequest
08-20 14:10:17.233   962  1783 W CHIUSECASE: [WARN   ] chifeature2graphselector.cpp:7268 GetCustomVendorTag() noiseReductionModeValue = 2, m_isStreamMatchMFNR = 1
08-20 14:10:17.233   962  1783 W CHIUSECASE: [WARN   ] chxextensionmodule.cpp:5765 CanDoMFNR() Can do MFNR for the snapshot request: True
08-20 14:10:17.233   962  1783 D CHIUSECASE: [DEBUG  ] chifeature2graphselector.cpp:5039 GetFeatureHint() App did not set number of frames
08-20 14:10:17.233   962  1783 D CHIUSECASE: [DEBUG  ] chifeature2graphselector.cpp:5039 GetFeatureHint() App did not set number of frames
08-20 14:10:17.259   962  1783 D CHIUSECASE: [DEBUG  ] chifeature2graphselector.cpp:5039 GetFeatureHint() App did not set number of frames
08-20 14:10:17.305   962  1783 D CHIUSECASE: [DEBUG  ] chifeature2graphselector.cpp:5039 GetFeatureHint() App did not set number of frames
08-20 14:10:17.330   962  1790 E CamX    : [ERROR][MEMMGR ] camximagebuffer.h:668 IsInValidUsageState() [ZSLPreviewRaw_LT1080p_com.qti.node.gpu2_OutputPortId4_ ][0xb40000733131fae0] Client trying to use after releasing the ImageBuffer
08-20 14:10:17.352   962  1783 D CHIUSECASE: [DEBUG  ] chifeature2graphselector.cpp:5039 GetFeatureHint() App did not set number of frames
08-20 14:10:17.404   962  1783 D CHIUSECASE: [DEBUG  ] chifeature2graphselector.cpp:5039 GetFeatureHint() App did not set number of frames
08-20 14:10:17.480   962  1783 D CHIUSECASE: [DEBUG  ] chifeature2graphselector.cpp:5039 GetFeatureHint() App did not set number of frames
08-20 14:10:17.508   962  1783 D CHIUSECASE: [DEBUG  ] chifeature2graphselector.cpp:5039 GetFeatureHint() App did not set number of frames
08-20 14:10:17.544 31027 31027 I ImageCapture: Capture Started Duration from start: 741ms
08-20 14:10:17.549  1024  2301 D TimeCheck: startMonitoring for IAudioFlinger command 1 endTime 1542318276495
08-20 14:10:17.549   962 15537 D CHIUSECASE: [DEBUG  ] chifeature2graphselector.cpp:5039 GetFeatureHint() App did not set number of frames
08-20 14:10:17.552  1024  2301 D APM_AudioPolicyManager: getOutputForAttrInt() attributes={ Content type: AUDIO_CONTENT_TYPE_SONIFICATION Usage: AUDIO_USAGE_ASSISTANCE_SONIFICATION Source: AUDIO_SOURCE_DEFAULT Flags: 0x800 Tags:  } stream=AUDIO_STREAM_SYSTEM session 641 selectedDeviceId 0
08-20 14:10:17.554  1024  2301 D AF::TrackHandle: OpPlayAudio: track:74 usage:13 not muted
08-20 14:10:17.556  1024  2301 D TimeCheck: stopMonitoring for IAudioFlinger command 1 endTime 1542318276495
08-20 14:10:17.557 31027 31027 D AudioTrack: createTrack_l(115): AUDIO_OUTPUT_FLAG_FAST denied by server; frameCount 0 -> 7199
08-20 14:10:17.558 31027 31027 D AudioTrack: setVolume: mRelativePercentage:1.000000, left:1.000000, right:1.000000
08-20 14:10:17.559  1024  1435 W AudioFlinger: The package name(android) provided does not correspond to the uid 1041
08-20 14:10:17.565   957  1156 I EffectsFactory: EffectCreate() create_effect
08-20 14:10:17.565   957  1156 V DlbVolumeListener: Create Dolby Listener Effect.
08-20 14:10:17.565   957  1156 V DlbVolumeListener: create CREATED_CONTEXT 0xe80408d0
08-20 14:10:17.565   957  1156 I DlbVolumeListener: create() Created effect System Listener
08-20 14:10:17.565   957  1156 V DlbVolumeListener: effectGetDescriptor
08-20 14:10:17.565   957  1156 I DlbVolumeListener: effectGetDescriptor() Returning descriptor for System Listener
08-20 14:10:17.565   957  1156 V DlbVolumeListener: effectGetDescriptor
08-20 14:10:17.565   957  1156 I DlbVolumeListener: effectGetDescriptor() Returning descriptor for System Listener
08-20 14:10:17.566   957  1156 V DlbVolumeListener: effectCommand
08-20 14:10:17.566   957  1156 V DlbVolumeListener: effectCommand :: Command EFFECT_CMD_INIT
08-20 14:10:17.566   957  1156 V DlbVolumeListener: effectCommand
08-20 14:10:17.566   957  1156 V DlbVolumeListener: effectCommand
08-20 14:10:17.566   957  1156 V DlbVolumeListener: effectCommand :: Command EFFECT_CMD_SET_CONFIG
08-20 14:10:17.566   957  1949 V DlbVolumeListener: effectCommand
08-20 14:10:17.567  1024  1435 D APM_AudioPolicyManager: startOutput() output 13, stream 1, session 641
08-20 14:10:17.568 31027 31027 I CameraView: invokeOnShutter(PHOTO)
08-20 14:10:17.577   957  1156 V DlbVolumeListener: effectCommand
08-20 14:10:17.578   957  1156 V DlbVolumeListener: effectCommand :: Command EFFECT_CMD_ENABLE
08-20 14:10:17.578   957  1949 V DlbVolumeListener: effectCommand
08-20 14:10:17.578   957  1949 V DlbVolumeListener: Command EFFECT_CMD_SET_VOLUME
08-20 14:10:17.578   957  2310 D DlbDapEndpointParamCache: commit() Applying parameters for device 0x40000000
08-20 14:10:17.578   957  2310 D DlbDap2Process: setParam(preg = #1[-266])
08-20 14:10:17.578   957  2310 D DlbDapEndpointParamCache: doCommit() Committed 1 parameters out of 13.
08-20 14:10:17.578   957  2310 D DlbDapEndpointParamCache: commit() Overriding parameters for current device 0x00000002
08-20 14:10:17.578   957  2310 D DlbDapEndpointParamCache: doCommit() Committed 0 parameters out of 65.
08-20 14:10:17.726   962  1789 E CamX    : [ERROR][MEMMGR ] camximagebuffer.h:668 IsInValidUsageState() [ZSLPreviewRaw_LT1080p_com.qti.node.gpu2_OutputPortId4_ ][0xb4000073312c72a0] Client trying to use after releasing the ImageBuffer
08-20 14:10:17.736   962 15537 D CHIUSECASE: [DEBUG  ] chifeature2graphselector.cpp:5039 GetFeatureHint() App did not set number of frames
08-20 14:10:17.800   957  2216 V DlbVolumeListener: effectCommand
08-20 14:10:17.801   957  2216 V DlbVolumeListener: effectCommand :: Command EFFECT_CMD_DISABLE
08-20 14:10:17.801   957  2310 D DlbDapEndpointParamCache: commit() Applying parameters for device 0x40000000
08-20 14:10:17.801   957  2310 D DlbDap2Process: setParam(preg = #1[-2080])
08-20 14:10:17.801   957  2310 D DlbDapEndpointParamCache: doCommit() Committed 1 parameters out of 13.
08-20 14:10:17.801   957  2310 D DlbDapEndpointParamCache: commit() Overriding parameters for current device 0x00000002
08-20 14:10:17.801   957  2310 D DlbDapEndpointParamCache: doCommit() Committed 0 parameters out of 65.
08-20 14:10:17.801   957  1156 V DlbVolumeListener: release(handle=0xe80408d0)
08-20 14:10:17.803  1024  1421 D APM_AudioPolicyManager: stopOutput() output 13, stream 1, session 641
08-20 14:10:17.807   962 15537 D CHIUSECASE: [DEBUG  ] chifeature2graphselector.cpp:5039 GetFeatureHint() App did not set number of frames
08-20 14:10:17.854   962 15537 D CHIUSECASE: [DEBUG  ] chifeature2graphselector.cpp:5039 GetFeatureHint() App did not set number of frames
08-20 14:10:17.856 31027 31593 D BufferPoolAccessor2.0: bufferpool2 0xb40000716a131908 : 0(0 size) total buffers - 0(0 size) used buffers - 2/7 (recycle/alloc) - 5/74 (fetch/transfer)
08-20 14:10:17.856 31027 31593 D BufferPoolAccessor2.0: evictor expired: 2, evicted: 1
08-20 14:10:17.857  1422  2196 D BufferPoolAccessor2.0: bufferpool2 0xb400007c12c80028 : 0(0 size) total buffers - 0(0 size) used buffers - 34/35 (recycle/alloc) - 1/34 (fetch/transfer)
08-20 14:10:17.857  1422  2196 D BufferPoolAccessor2.0: evictor expired: 2, evicted: 1
08-20 14:10:17.874   962  1789 E CamX    : [ERROR][MEMMGR ] camximagebuffer.h:668 IsInValidUsageState() [ZSLPreviewRaw_LT1080p_com.qti.node.gpu2_OutputPortId4_ ][0xb400007331320150] Client trying to use after releasing the ImageBuffer
08-20 14:10:17.915   962 15537 D CHIUSECASE: [DEBUG  ] chifeature2graphselector.cpp:5039 GetFeatureHint() App did not set number of frames
08-20 14:10:17.946   962 15537 D CHIUSECASE: [DEBUG  ] chifeature2graphselector.cpp:5039 GetFeatureHint() App did not set number of frames
08-20 14:10:18.001   962 15537 D CHIUSECASE: [DEBUG  ] chifeature2graphselector.cpp:5039 GetFeatureHint() App did not set number of frames
08-20 14:10:18.055   962 15537 D CHIUSECASE: [DEBUG  ] chifeature2graphselector.cpp:5039 GetFeatureHint() App did not set number of frames
08-20 14:10:18.068 31027 31256 I CameraView: invokeOnAverageFpsChanged(0.0)
08-20 14:10:18.074   962  1789 E CamX    : [ERROR][MEMMGR ] camximagebuffer.h:668 IsInValidUsageState() [ZSLPreviewRaw_LT1080p_com.qti.node.gpu2_OutputPortId4_ ][0xb40000733122e460] Client trying to use after releasing the ImageBuffer
08-20 14:10:18.093   962  1793 W CHIGPU  : [WARN   ] camxchinodegpu.cpp:5990 UpdateFlip() Retrieved metadata for com.lenovo.moto.control.flip_still: 0. Rotation: 1
08-20 14:10:18.093   962  1793 E CHIGPU  : [ERROR  ] camxchinodegpu.cpp:5678 ProcessRequest() [BYPASS] ProcessRequest GPU NOFLIP  0 , rotation = 1
08-20 14:10:18.095 31027 31384 D MetadataImageReader: Skip to acquire the next image because the acquired image count has reached the max images count.
08-20 14:10:18.098   962  1791 W CamX    : [ WARN][JPEG   ] camxjpegswencnode.cpp:1348 GetVendorTagValues() Invalid thumbnail dimensions received. So, output JPEG Thumb dims updated to default dims 320 180
08-20 14:10:18.100   962  1791 E JPEG_SW_LIB: jpege_engine_hybrid_start : Source (WxH) = 4080 x 2296 
08-20 14:10:18.100   962  1791 E JPEG_SW_LIB: jpege_engine_hybrid_start : Source Rotation = 0 
08-20 14:10:18.100   962  1791 E JPEG_SW_LIB: jpege_engine_hybrid_start : Scale En = 0 
08-20 14:10:18.100   962  1791 E JPEG_SW_LIB: jpege_engine_hybrid_start : Stride En = 1 
08-20 14:10:18.100   962  1791 E JPEG_SW_LIB: jpege_engine_hybrid_start : Stride in Y = 4096 
08-20 14:10:18.100   962  1791 E JPEG_SW_LIB: jpege_engine_hybrid_start : Stride in UV = 4096 
08-20 14:10:18.100   962  1791 E JPEG_SW_LIB: jpege_engine_hybrid_start : Stride out Y = 0 
08-20 14:10:18.100   962  1791 E JPEG_SW_LIB: jpege_engine_hybrid_start : Stride out UV = 0 
08-20 14:10:18.100   962  1791 E JPEG_SW_LIB: jpege_engine_hybrid_configure : Slice Num = 0, Slice Height = 576 
08-20 14:10:18.100   962  1791 E JPEG_SW_LIB: jpege_engine_hybrid_configure : Slice Num = 1, Slice Height = 576 
08-20 14:10:18.100   962  1791 E JPEG_SW_LIB: jpege_engine_hybrid_configure : Slice Num = 2, Slice Height = 576 
08-20 14:10:18.100   962  1791 E JPEG_SW_LIB: jpege_engine_hybrid_configure : Slice Num = 3, Slice Height = 568 
08-20 14:10:18.141   962 31611 E JPEG_SW_LIB:  
08-20 14:10:18.141   962 31611 E JPEG_SW_LIB:  Encoding Completed 
08-20 14:10:18.141   962 31611 E JPEG_SW_LIB: jpege_engine_hybrid_start : Source (WxH) = 510 x 288 
08-20 14:10:18.141   962 31611 E JPEG_SW_LIB: jpege_engine_hybrid_start : Source Rotation = 0 
08-20 14:10:18.141   962 31611 E JPEG_SW_LIB: jpege_engine_hybrid_start : Scale En = 1 
08-20 14:10:18.141   962 31611 E JPEG_SW_LIB: jpege_engine_hybrid_start : Scale in W = 510 
08-20 14:10:18.141   962 31611 E JPEG_SW_LIB: jpege_engine_hybrid_start : Scale in H = 288 
08-20 14:10:18.141   962 31611 E JPEG_SW_LIB: jpege_engine_hybrid_start : Scale out W = 320 
08-20 14:10:18.141   962 31611 E JPEG_SW_LIB: jpege_engine_hybrid_start : Scale out H = 180 
08-20 14:10:18.141   962 31611 E JPEG_SW_LIB: jpege_engine_hybrid_start : Stride En = 0 
08-20 14:10:18.142   962 31611 E JPEG_SW_LIB: jpege_engine_hybrid_configure : Slice Num = 0, Slice Height = 48 
08-20 14:10:18.142   962 31611 E JPEG_SW_LIB: jpege_engine_hybrid_configure : Slice Num = 1, Slice Height = 48 
08-20 14:10:18.142   962 31611 E JPEG_SW_LIB: jpege_engine_hybrid_configure : Slice Num = 2, Slice Height = 48 
08-20 14:10:18.142   962 31611 E JPEG_SW_LIB: jpege_engine_hybrid_configure : Slice Num = 3, Slice Height = 36 
08-20 14:10:18.143   962 31614 E JPEG_SW_LIB:  
08-20 14:10:18.143   962 31614 E JPEG_SW_LIB:  Encoding Completed 
08-20 14:10:18.159   962 15537 D CHIUSECASE: [DEBUG  ] chifeature2graphselector.cpp:5039 GetFeatureHint() App did not set number of frames
08-20 14:10:18.160 31027 31027 D qdgralloc: GetYUVPlaneInfo: Invalid format passed: 0x21
08-20 14:10:18.162 31027 31027 D TakePictureManager: Issue the next TakePictureRequest.
08-20 14:10:18.162 31027 31027 D TakePictureManager: No new request.
08-20 14:10:18.165   962  1783 D CHIUSECASE: [DEBUG  ] chifeature2graphselector.cpp:5039 GetFeatureHint() App did not set number of frames
08-20 14:10:18.186   962  1783 D CHIUSECASE: [DEBUG  ] chifeature2graphselector.cpp:5039 GetFeatureHint() App did not set number of frames
08-20 14:10:18.206 31027 31234 I ImageCapture: Image Saved Duration from start: 1403ms
08-20 14:10:18.207 31027 31238 I CameraView.takePhoto: Successfully captured 4080 x 2296 photo!
08-20 14:10:18.208 31027 31224 I ReactNativeJS: Capture completed
08-20 14:10:18.208 31027 31224 I ReactNativeJS:       
08-20 14:10:18.208 31027 31224 I ReactNativeJS:       	Duration: 1414ms
08-20 14:10:18.208 31027 31224 I ReactNativeJS:       	Device name: 0 (BACK) androidx.camera.camera2
08-20 14:10:18.208 31027 31224 I ReactNativeJS:       	Format: {
08-20 14:10:18.208 31027 31224 I ReactNativeJS: 	  "videoStabilizationModes": [
08-20 14:10:18.208 31027 31224 I ReactNativeJS: 	    "off",
08-20 14:10:18.208 31027 31224 I ReactNativeJS: 	    "cinematic"
08-20 14:10:18.208 31027 31224 I ReactNativeJS: 	  ],
08-20 14:10:18.208 31027 31224 I ReactNativeJS: 	  "autoFocusSystem": "contrast-detection",
08-20 14:10:18.208 31027 31224 I ReactNativeJS: 	  "photoWidth": 4080,
08-20 14:10:18.208 31027 31224 I ReactNativeJS: 	  "supportsPhotoHdr": false,
08-20 14:10:18.208 31027 31224 I ReactNativeJS: 	  "supportsDepthCapture": false,
08-20 14:10:18.208 31027 31224 I ReactNativeJS: 	  "maxISO": 6400,
08-20 14:10:18.208 31027 31224 I ReactNativeJS: 	  "minISO": 100,
08-20 14:10:18.208 31027 31224 I ReactNativeJS: 	  "minFps": 10,
08-20 14:10:18.208 31027 31224 I ReactNativeJS: 	  "videoWidth": 1920,
08-20 14:10:18.208 31027 31224 I ReactNativeJS: 	  "supportsVideoHdr": false,
08-20 14:10:18.208 31027 31224 I ReactNativeJS: 	  "videoHeight": 1080,
08-20 14:10:18.208 31027 31224 I ReactNativeJS: 	  "fieldOfView": 75.04000877522147,
08-20 14:10:18.208 31027 31224 I ReactNativeJS: 	  "maxFps": 30,
08-20 14:10:18.208 31027 31224 I ReactNativeJS: 	  "photoHeight": 2296
08-20 14:10:18.208 31027 31224 I ReactNativeJS: 	}
08-20 14:10:18.208 31027 31224 I ReactNativeJS:       
08-20 14:10:18.225   962  1793 E CamX    : [ERROR][MEMMGR ] camximagebuffer.h:668 IsInValidUsageState() [ZSLPreviewRaw_LT1080p_com.qti.node.gpu2_OutputPortId4_ ][0xb40000733131fae0] Client trying to use after releasing the ImageBuffer
08-20 14:10:18.249   962  1783 D CHIUSECASE: [DEBUG  ] chifeature2graphselector.cpp:5039 GetFeatureHint() App did not set number of frames
08-20 14:10:18.250 31027 31634 I OpenGLRenderer: Davey! duration=9223370498860ms; Flags=0, FrameTimelineVsyncId=174839, IntendedVsync=1537994509761, Vsync=1537994509761, InputEventId=0, HandleInputStart=1537995147432, AnimationStart=1537995153421, PerformTraversalsStart=1538001101182, DrawStart=1538001667224, FrameDeadline=1538027843093, FrameInterval=1537995114255, FrameStartTime=16666666, SyncQueued=1538002523734, SyncStart=1538002606651, IssueDrawCommandsStart=1538002659880, SwapBuffers=1538003080036, FrameCompleted=9223372036854775807, DequeueBufferDuration=18802, QueueBufferDuration=592396, GpuCompleted=9223372036854775807, SwapBuffersCompleted=1538003936390, DisplayPresentTime=0, 
08-20 14:10:18.284   962  1794 E CamX    : [ERROR][MEMMGR ] camximagebuffer.h:668 IsInValidUsageState() [ZSLPreviewRaw_LT1080p_com.qti.node.gpu2_OutputPortId4_ ][0xb40000733125d590] Client trying to use after releasing the ImageBuffer
08-20 14:10:18.286   962  1783 D CHIUSECASE: [DEBUG  ] chifeature2graphselector.cpp:5039 GetFeatureHint() App did not set number of frames
08-20 14:10:18.349   962  1783 D CHIUSECASE: [DEBUG  ] chifeature2graphselector.cpp:5039 GetFeatureHint() App did not set number of frames
08-20 14:10:18.390   962  1783 D CHIUSECASE: [DEBUG  ] chifeature2graphselector.cpp:5039 GetFeatureHint() App did not set number of frames
08-20 14:10:18.431   962  1790 E CamX    : [ERROR][MEMMGR ] camximagebuffer.h:668 IsInValidUsageState() [ZSLPreviewRaw_LT1080p_com.qti.node.gpu2_OutputPortId4_ ][0xb4000073312ec950] Client trying to use after releasing the ImageBuffer
08-20 14:10:18.443   962  1783 D CHIUSECASE: [DEBUG  ] chifeature2graphselector.cpp:5039 GetFeatureHint() App did not set number of frames
08-20 14:10:18.498   962  1789 E CamX    : [ERROR][MEMMGR ] camximagebuffer.h:668 IsInValidUsageState() [ZSLPreviewRaw_LT1080p_com.qti.node.gpu2_OutputPortId4_ ][0xb400007331320150] Client trying to use after releasing the ImageBuffer
08-20 14:10:18.499   962  1783 D CHIUSECASE: [DEBUG  ] chifeature2graphselector.cpp:5039 GetFeatureHint() App did not set number of frames
08-20 14:10:18.530   962  1793 E CamX    : [ERROR][MEMMGR ] camximagebuffer.h:668 IsInValidUsageState() [ZSLPreviewRaw_LT1080p_com.qti.node.gpu2_OutputPortId4_ ][0xb40000733131fae0] Client trying to use after releasing the ImageBuffer
08-20 14:10:18.568   962  1783 D CHIUSECASE: [DEBUG  ] chifeature2graphselector.cpp:5039 GetFeatureHint() App did not set number of frames
08-20 14:10:18.606   962  1783 D CHIUSECASE: [DEBUG  ] chifeature2graphselector.cpp:5039 GetFeatureHint() App did not set number of frames
08-20 14:10:18.628   962  1793 E CamX    : [ERROR][MEMMGR ] camximagebuffer.h:668 IsInValidUsageState() [ZSLPreviewRaw_LT1080p_com.qti.node.gpu2_OutputPortId4_ ][0xb4000073312c72a0] Client trying to use after releasing the ImageBuffer
08-20 14:10:18.646   962  1783 D CHIUSECASE: [DEBUG  ] chifeature2graphselector.cpp:5039 GetFeatureHint() App did not set number of frames
08-20 14:10:18.705   962 15537 D CHIUSECASE: [DEBUG  ] chifeature2graphselector.cpp:5039 GetFeatureHint() App did not set number of frames
08-20 14:10:18.706   971   971 I QTI PowerHAL: Power setBoost: 0, duration: 0
08-20 14:10:18.708   971   971 I QTI PowerHAL: Power setBoost: 0, duration: 0
08-20 14:10:18.747   962 15537 D CHIUSECASE: [DEBUG  ] chifeature2graphselector.cpp:5039 GetFeatureHint() App did not set number of frames
08-20 14:10:18.750 31027 31099 I OpenGLRenderer: Davey! duration=9223370498360ms; Flags=0, FrameTimelineVsyncId=174879, IntendedVsync=1538494522456, Vsync=1538494522456, InputEventId=804033550, HandleInputStart=1538494935609, AnimationStart=1538495930557, PerformTraversalsStart=1538497710192, DrawStart=1538497961911, FrameDeadline=1538527855788, FrameInterval=1538494918109, FrameStartTime=16666666, SyncQueued=1538497988161, SyncStart=1538498048161, IssueDrawCommandsStart=1538498115140, SwapBuffers=1538498553265, FrameCompleted=9223372036854775807, DequeueBufferDuration=17396, QueueBufferDuration=770000, GpuCompleted=9223372036854775807, SwapBuffersCompleted=1538499645713, DisplayPresentTime=0, 
08-20 14:10:18.782   962  1791 E CamX    : [ERROR][MEMMGR ] camximagebuffer.h:668 IsInValidUsageState() [ZSLPreviewRaw_LT1080p_com.qti.node.gpu2_OutputPortId4_ ][0xb400007331320150] Client trying to use after releasing the ImageBuffer
08-20 14:10:18.799   962 15537 D CHIUSECASE: [DEBUG  ] chifeature2graphselector.cpp:5039 GetFeatureHint() App did not set number of frames
08-20 14:10:18.812   971   971 I QTI PowerHAL: Power setBoost: 0, duration: 0
08-20 14:10:18.812   971   971 I QTI PowerHAL: Power setBoost: 0, duration: 0
08-20 14:10:18.830 31027 31224 I ReactNativeJS: starting capture
08-20 14:10:18.838 31027 31027 D CameraView: Finding view 3...
08-20 14:10:18.839 31027 31027 D CameraView: Found view 3!
08-20 14:10:18.840 31027 31238 I CameraView.takePhoto: Taking photo... Options: {enableShutterSound=true, flash=off}
08-20 14:10:18.843 31027 31237 D UseCaseAttachState: Active and attached use case: [androidx.camera.core.ImageCapture-d188ee05-9826-47b2-8c24-f131c927375d141721169, androidx.camera.core.Preview-69401ba6-fff6-4289-8820-35d4d781df9435706744] for camera: 0
08-20 14:10:18.847   962 15537 D CHIUSECASE: [DEBUG  ] chifeature2graphselector.cpp:5039 GetFeatureHint() App did not set number of frames
08-20 14:10:18.847 31027 31027 D ImageCapture: takePictureInternal
08-20 14:10:18.848 31027 31027 D CameraOrientationUtil: getRelativeImageRotation: destRotationDegrees=0, sourceRotationDegrees=90, isOppositeFacing=true, result=90
08-20 14:10:18.848 31027 31027 D TakePictureManager: Issue the next TakePictureRequest.
08-20 14:10:18.850 31027 31237 D CaptureSession: Attempting to submit CaptureRequest after setting
08-20 14:10:18.850 31027 31237 D CaptureSession: Issuing request for session.
08-20 14:10:18.851 31027 31237 D Camera2CaptureRequestBuilder: createCaptureRequest
08-20 14:10:18.853 31027 31683 D MediaCodecList: codecHandlesFormat: no format, so no extra checks
