08-20 16:15:29.334  9429  9498 I ReactNativeJS:       
08-20 16:15:29.334  9429  9498 I ReactNativeJS:       	Duration: 443ms
08-20 16:15:29.334  9429  9498 I ReactNativeJS:       	Device name: 0 (BACK) androidx.camera.camera2
08-20 16:15:29.334  9429  9498 I ReactNativeJS:       	Format: {
08-20 16:15:29.334  9429  9498 I ReactNativeJS: 	  "videoStabilizationModes": [
08-20 16:15:29.334  9429  9498 I ReactNativeJS: 	    "off",
08-20 16:15:29.334  9429  9498 I ReactNativeJS: 	    "cinematic"
08-20 16:15:29.334  9429  9498 I ReactNativeJS: 	  ],
08-20 16:15:29.334  9429  9498 I ReactNativeJS: 	  "autoFocusSystem": "contrast-detection",
08-20 16:15:29.334  9429  9498 I ReactNativeJS: 	  "photoWidth": 4032,
08-20 16:15:29.334  9429  9498 I ReactNativeJS: 	  "supportsPhotoHdr": false,
08-20 16:15:29.334  9429  9498 I ReactNativeJS: 	  "supportsDepthCapture": false,
08-20 16:15:29.334  9429  9498 I ReactNativeJS: 	  "maxISO": 7111,
08-20 16:15:29.334  9429  9498 I ReactNativeJS: 	  "minISO": 55,
08-20 16:15:29.334  9429  9498 I ReactNativeJS: 	  "minFps": 7,
08-20 16:15:29.334  9429  9498 I ReactNativeJS: 	  "videoWidth": 3840,
08-20 16:15:29.334  9429  9498 I ReactNativeJS: 	  "supportsVideoHdr": false,
08-20 16:15:29.334  9429  9498 I ReactNativeJS: 	  "videoHeight": 2160,
08-20 16:15:29.334  9429  9498 I ReactNativeJS: 	  "fieldOfView": 76.94092946489485,
08-20 16:15:29.334  9429  9498 I ReactNativeJS: 	  "maxFps": 30,
08-20 16:15:29.334  9429  9498 I ReactNativeJS: 	  "photoHeight": 3024
08-20 16:15:29.334  9429  9498 I ReactNativeJS: 	}
08-20 16:15:29.334  9429  9498 I ReactNativeJS:       
08-20 16:15:29.439  9429  9521 I CameraView: invokeOnAverageFpsChanged(0.0)
08-20 16:15:29.742  1132  1841 I ISPHVX  : PREVIEW_FRAMES_PER_SECOND: 30.038760
08-20 16:15:29.814  1150  1430 D VSC     : @ 51766.456: [WO] Proposed rotation: 4, flat angle threshold: 65
08-20 16:15:29.815  1150  1430 D VSC     : @ 51766.456: [WO] orientation angle 357, orientation 4
08-20 16:15:29.815  1150  1430 D VSC     : @ 51766.456: [WO] Gyro angle integrated: 3.590475
08-20 16:15:29.815  1150  1430 D VSC     : @ 51766.456: [WO] Gyro angle integrated: 3.590475
08-20 16:15:30.022  2069  2236 D ConnectivityService: NetReassign [no changes] [c 0] [a 0] [i 2]
08-20 16:15:30.179  9429  9498 I ReactNativeJS: starting capture
08-20 16:15:30.187  9429  9429 D CameraView: Finding view 3...
08-20 16:15:30.187  9429  9429 D CameraView: Found view 3!
08-20 16:15:30.189  9429 10083 I CameraView.takePhoto: Taking photo... Options: {enableShutterSound=true, flash=off}
08-20 16:15:30.190  9429  9429 D ImageCapture: takePictureInternal
08-20 16:15:30.191  9429  9429 D CameraOrientationUtil: getRelativeImageRotation: destRotationDegrees=0, sourceRotationDegrees=90, isOppositeFacing=true, result=90
08-20 16:15:30.191  9429  9429 D TakePictureManager: Issue the next TakePictureRequest.
08-20 16:15:30.191  9429  9508 D UseCaseAttachState: Active and attached use case: [androidx.camera.core.ImageCapture-201f66ac-b6b2-476a-a25d-8fa47bb4f49e179701560, androidx.camera.core.Preview-cadd355b-192d-4005-893e-6a2f1925d544107014043] for camera: 0
08-20 16:15:30.192  9429  9508 D CaptureSession: Attempting to submit CaptureRequest after setting
08-20 16:15:30.192  9429  9508 D CaptureSession: Issuing request for session.
08-20 16:15:30.192  9429  9508 D Camera2CaptureRequestBuilder: createCaptureRequest
08-20 16:15:30.383  9429  9508 D Camera2CameraImpl: {Camera@4671fe3[id=0]} Issue capture request
08-20 16:15:30.384  9429  9508 D CaptureSession: Issuing capture request.
08-20 16:15:30.385  9429  9508 D Camera2CaptureRequestBuilder: createCaptureRequest
08-20 16:15:30.411  1132  1132 I ISPHVX  : [KPI]SNAPSHOT frameID: 5016
08-20 16:15:30.412  1132  1132 D CHIUSECASE: ExecuteCaptureRequest: frame number 1978 is an HDR+ request.
08-20 16:15:30.415  1132  1840 E CamX    : [ERROR][IQMod  ] camxbpslsc34.cpp:279 CheckDependenceChange() Invaild chromatix
08-20 16:15:30.439  9429  9521 I CameraView: invokeOnAverageFpsChanged(0.0)
08-20 16:15:30.528  9429  9429 I ImageCapture: Capture Started Duration from start: 338ms
08-20 16:15:30.528  9429  9429 I CameraView: invokeOnShutter(PHOTO)
08-20 16:15:30.585  1132  1838 E CamX    : [ERROR][JPEG   ] camxjpegexifparams.cpp:974 GetEXIFExposure() AEC Exposure Info:NULL
08-20 16:15:30.585  1132  1838 E CamX    : [ERROR][JPEG   ] camxjpegexifparams.cpp:988 GetEXIFExposure() ASD Output:NULL
08-20 16:15:30.589  1132  1842 I CHIUSECASE: ModifyPipelineResultBuffers: returns 1 input streams for frameNumber 1978 in hdrplus offline pipeline.
08-20 16:15:30.598  9429  9429 D TakePictureManager: Issue the next TakePictureRequest.
08-20 16:15:30.598  9429  9429 D TakePictureManager: No new request.
08-20 16:15:30.630  9429 10083 I ImageCapture: Image Saved Duration from start: 440ms
08-20 16:15:30.631  9429 10082 I CameraView.takePhoto: Successfully captured 4032 x 3024 photo!
08-20 16:15:30.632  9429  9498 I ReactNativeJS: Capture completed
08-20 16:15:30.632  9429  9498 I ReactNativeJS:       
08-20 16:15:30.632  9429  9498 I ReactNativeJS:       	Duration: 453ms
08-20 16:15:30.632  9429  9498 I ReactNativeJS:       	Device name: 0 (BACK) androidx.camera.camera2
08-20 16:15:30.632  9429  9498 I ReactNativeJS:       	Format: {
08-20 16:15:30.632  9429  9498 I ReactNativeJS: 	  "videoStabilizationModes": [
08-20 16:15:30.632  9429  9498 I ReactNativeJS: 	    "off",
08-20 16:15:30.632  9429  9498 I ReactNativeJS: 	    "cinematic"
08-20 16:15:30.632  9429  9498 I ReactNativeJS: 	  ],
08-20 16:15:30.632  9429  9498 I ReactNativeJS: 	  "autoFocusSystem": "contrast-detection",
08-20 16:15:30.632  9429  9498 I ReactNativeJS: 	  "photoWidth": 4032,
08-20 16:15:30.632  9429  9498 I ReactNativeJS: 	  "supportsPhotoHdr": false,
08-20 16:15:30.632  9429  9498 I ReactNativeJS: 	  "supportsDepthCapture": false,
08-20 16:15:30.632  9429  9498 I ReactNativeJS: 	  "maxISO": 7111,
08-20 16:15:30.632  9429  9498 I ReactNativeJS: 	  "minISO": 55,
08-20 16:15:30.632  9429  9498 I ReactNativeJS: 	  "minFps": 7,
08-20 16:15:30.632  9429  9498 I ReactNativeJS: 	  "videoWidth": 3840,
08-20 16:15:30.632  9429  9498 I ReactNativeJS: 	  "supportsVideoHdr": false,
08-20 16:15:30.632  9429  9498 I ReactNativeJS: 	  "videoHeight": 2160,
08-20 16:15:30.632  9429  9498 I ReactNativeJS: 	  "fieldOfView": 76.94092946489485,
08-20 16:15:30.632  9429  9498 I ReactNativeJS: 	  "maxFps": 30,
08-20 16:15:30.632  9429  9498 I ReactNativeJS: 	  "photoHeight": 3024
08-20 16:15:30.632  9429  9498 I ReactNativeJS: 	}
08-20 16:15:30.632  9429  9498 I ReactNativeJS:       
08-20 16:15:30.774  1132  1841 I ISPHVX  : PREVIEW_FRAMES_PER_SECOND: 30.009681
08-20 16:15:31.412  9429  9498 I ReactNativeJS: starting capture
08-20 16:15:31.421  9429  9429 D CameraView: Finding view 3...
08-20 16:15:31.421  9429  9429 D CameraView: Found view 3!
08-20 16:15:31.422  9429 10082 I CameraView.takePhoto: Taking photo... Options: {enableShutterSound=true, flash=off}
08-20 16:15:31.424  9429  9429 D ImageCapture: takePictureInternal
08-20 16:15:31.424  9429  9508 D UseCaseAttachState: Active and attached use case: [androidx.camera.core.ImageCapture-201f66ac-b6b2-476a-a25d-8fa47bb4f49e179701560, androidx.camera.core.Preview-cadd355b-192d-4005-893e-6a2f1925d544107014043] for camera: 0
08-20 16:15:31.424  9429  9429 D CameraOrientationUtil: getRelativeImageRotation: destRotationDegrees=0, sourceRotationDegrees=90, isOppositeFacing=true, result=90
08-20 16:15:31.424  9429  9429 D TakePictureManager: Issue the next TakePictureRequest.
08-20 16:15:31.425  9429  9508 D CaptureSession: Attempting to submit CaptureRequest after setting
08-20 16:15:31.425  9429  9508 D CaptureSession: Issuing request for session.
08-20 16:15:31.425  9429  9508 D Camera2CaptureRequestBuilder: createCaptureRequest
08-20 16:15:31.440  9429  9521 I CameraView: invokeOnAverageFpsChanged(0.0)
08-20 16:15:31.615  9429  9507 D Camera2CameraImpl: {Camera@4671fe3[id=0]} Issue capture request
08-20 16:15:31.615  9429  9507 D CaptureSession: Issuing capture request.
08-20 16:15:31.616  9429  9507 D Camera2CaptureRequestBuilder: createCaptureRequest
08-20 16:15:31.644  1132  1845 I ISPHVX  : [KPI]SNAPSHOT frameID: 5054
08-20 16:15:31.644  1132  1845 D CHIUSECASE: ExecuteCaptureRequest: frame number 2016 is an HDR+ request.
08-20 16:15:31.647  1132  1839 E CamX    : [ERROR][IQMod  ] camxbpslsc34.cpp:279 CheckDependenceChange() Invaild chromatix
08-20 16:15:31.760  9429  9429 I ImageCapture: Capture Started Duration from start: 336ms
08-20 16:15:31.760  9429  9429 I CameraView: invokeOnShutter(PHOTO)
08-20 16:15:31.776  1132  1841 I ISPHVX  : PREVIEW_FRAMES_PER_SECOND: 29.940120
08-20 16:15:31.810  1150  1430 D VSC     : @ 51768.451: [WO] Proposed rotation: 4, flat angle threshold: 65
08-20 16:15:31.810  1150  1430 D VSC     : @ 51768.451: [WO] orientation angle 357, orientation 4
08-20 16:15:31.810  1150  1430 D VSC     : @ 51768.451: [WO] Gyro angle integrated: 5.052788
08-20 16:15:31.810  1150  1430 D VSC     : @ 51768.451: [WO] Gyro angle integrated: 5.052788
08-20 16:15:31.814  1132  1837 E CamX    : [ERROR][JPEG   ] camxjpegexifparams.cpp:974 GetEXIFExposure() AEC Exposure Info:NULL
08-20 16:15:31.814  1132  1837 E CamX    : [ERROR][JPEG   ] camxjpegexifparams.cpp:988 GetEXIFExposure() ASD Output:NULL
08-20 16:15:31.819  1132  1841 I CHIUSECASE: ModifyPipelineResultBuffers: returns 1 input streams for frameNumber 2016 in hdrplus offline pipeline.
08-20 16:15:31.828  9429  9429 D TakePictureManager: Issue the next TakePictureRequest.
08-20 16:15:31.828  9429  9429 D TakePictureManager: No new request.
08-20 16:15:31.861  9429 10082 I ImageCapture: Image Saved Duration from start: 437ms
08-20 16:15:31.862  9429 10083 I CameraView.takePhoto: Successfully captured 4032 x 3024 photo!
08-20 16:15:31.863  9429  9498 I ReactNativeJS: Capture completed
08-20 16:15:31.863  9429  9498 I ReactNativeJS:       
08-20 16:15:31.863  9429  9498 I ReactNativeJS:       	Duration: 450ms
08-20 16:15:31.863  9429  9498 I ReactNativeJS:       	Device name: 0 (BACK) androidx.camera.camera2
08-20 16:15:31.863  9429  9498 I ReactNativeJS:       	Format: {
08-20 16:15:31.863  9429  9498 I ReactNativeJS: 	  "videoStabilizationModes": [
08-20 16:15:31.863  9429  9498 I ReactNativeJS: 	    "off",
08-20 16:15:31.863  9429  9498 I ReactNativeJS: 	    "cinematic"
08-20 16:15:31.863  9429  9498 I ReactNativeJS: 	  ],
08-20 16:15:31.863  9429  9498 I ReactNativeJS: 	  "autoFocusSystem": "contrast-detection",
08-20 16:15:31.863  9429  9498 I ReactNativeJS: 	  "photoWidth": 4032,
08-20 16:15:31.863  9429  9498 I ReactNativeJS: 	  "supportsPhotoHdr": false,
08-20 16:15:31.863  9429  9498 I ReactNativeJS: 	  "supportsDepthCapture": false,
08-20 16:15:31.863  9429  9498 I ReactNativeJS: 	  "maxISO": 7111,
08-20 16:15:31.863  9429  9498 I ReactNativeJS: 	  "minISO": 55,
08-20 16:15:31.863  9429  9498 I ReactNativeJS: 	  "minFps": 7,
08-20 16:15:31.863  9429  9498 I ReactNativeJS: 	  "videoWidth": 3840,
08-20 16:15:31.863  9429  9498 I ReactNativeJS: 	  "supportsVideoHdr": false,
08-20 16:15:31.863  9429  9498 I ReactNativeJS: 	  "videoHeight": 2160,
08-20 16:15:31.863  9429  9498 I ReactNativeJS: 	  "fieldOfView": 76.94092946489485,
08-20 16:15:31.863  9429  9498 I ReactNativeJS: 	  "maxFps": 30,
08-20 16:15:31.863  9429  9498 I ReactNativeJS: 	  "photoHeight": 3024
08-20 16:15:31.863  9429  9498 I ReactNativeJS: 	}
08-20 16:15:31.863  9429  9498 I ReactNativeJS:       
08-20 16:15:32.440  9429  9521 I CameraView: invokeOnAverageFpsChanged(0.0)
08-20 16:15:32.808  1132  1841 I ISPHVX  : PREVIEW_FRAMES_PER_SECOND: 30.067895
08-20 16:15:33.037  2069  2236 D ConnectivityService: NetReassign [no changes] [c 0] [a 1] [i 1]
08-20 16:15:33.440  9429  9521 I CameraView: invokeOnAverageFpsChanged(0.0)
08-20 16:15:33.532  7641  7650 W st.exp.exponen: Suspending all threads took: 5.238ms